ARM Linker, 4.1 [Build 567] [Standard]

==============================================================================

Section Cross References

    stm32f10x_vector.o(RESET) refers to stm32f10x_vector.o(STACK) for __initial_sp
    stm32f10x_vector.o(RESET) refers to stm32f10x_vector.o(.text) for Reset_Handler
    stm32f10x_vector.o(RESET) refers to stm32f10x_it.o(.text) for NMIException
    stm32f10x_vector.o(.text) refers to entry.o(.ARM.Collect$$$$00000000) for __main
    main.o(.text) refers to rtc_operation.o(.text) for Get_Cur_Time
    main.o(.text) refers to functions.o(.text) for itoa
    main.o(.text) refers to strcat.o(.text) for strcat
    main.o(.text) refers to screen.o(.text) for SetTextView
    main.o(.text) refers to stm32f10x_nvic.o(i.NVIC_SetVectorTable) for NVIC_SetVectorTable
    main.o(.text) refers to stm32f10x_nvic.o(i.NVIC_PriorityGroupConfig) for NVIC_PriorityGroupConfig
    main.o(.text) refers to stm32f10x_nvic.o(i.NVIC_Init) for NVIC_Init
    main.o(.text) refers to stm32f10x_tim.o(i.TIM_DeInit) for TIM_DeInit
    main.o(.text) refers to stm32f10x_tim.o(i.TIM_InternalClockConfig) for TIM_InternalClockConfig
    main.o(.text) refers to stm32f10x_tim.o(i.TIM_TimeBaseInit) for TIM_TimeBaseInit
    main.o(.text) refers to stm32f10x_tim.o(i.TIM_ClearFlag) for TIM_ClearFlag
    main.o(.text) refers to stm32f10x_tim.o(i.TIM_ARRPreloadConfig) for TIM_ARRPreloadConfig
    main.o(.text) refers to stm32f10x_tim.o(i.TIM_ITConfig) for TIM_ITConfig
    main.o(.text) refers to stm32f10x_tim.o(i.TIM_Cmd) for TIM_Cmd
    main.o(.text) refers to stm32f10x_usart.o(i.USART_ClockInit) for USART_ClockInit
    main.o(.text) refers to stm32f10x_usart.o(i.USART_Init) for USART_Init
    main.o(.text) refers to stm32f10x_usart.o(i.USART_ITConfig) for USART_ITConfig
    main.o(.text) refers to stm32f10x_usart.o(i.USART_Cmd) for USART_Cmd
    main.o(.text) refers to stm32f10x_gpio.o(i.GPIO_Init) for GPIO_Init
    main.o(.text) refers to stm32f10x_rcc.o(i.RCC_DeInit) for RCC_DeInit
    main.o(.text) refers to stm32f10x_rcc.o(i.RCC_HSEConfig) for RCC_HSEConfig
    main.o(.text) refers to stm32f10x_rcc.o(i.RCC_WaitForHSEStartUp) for RCC_WaitForHSEStartUp
    main.o(.text) refers to stm32f10x_rcc.o(i.RCC_HCLKConfig) for RCC_HCLKConfig
    main.o(.text) refers to stm32f10x_rcc.o(i.RCC_PCLK2Config) for RCC_PCLK2Config
    main.o(.text) refers to stm32f10x_rcc.o(i.RCC_PCLK1Config) for RCC_PCLK1Config
    main.o(.text) refers to stm32f10x_flash.o(i.FLASH_SetLatency) for FLASH_SetLatency
    main.o(.text) refers to stm32f10x_flash.o(i.FLASH_PrefetchBufferCmd) for FLASH_PrefetchBufferCmd
    main.o(.text) refers to stm32f10x_rcc.o(i.RCC_PLLConfig) for RCC_PLLConfig
    main.o(.text) refers to stm32f10x_rcc.o(i.RCC_PLLCmd) for RCC_PLLCmd
    main.o(.text) refers to stm32f10x_rcc.o(i.RCC_GetFlagStatus) for RCC_GetFlagStatus
    main.o(.text) refers to stm32f10x_rcc.o(i.RCC_SYSCLKConfig) for RCC_SYSCLKConfig
    main.o(.text) refers to stm32f10x_rcc.o(i.RCC_GetSYSCLKSource) for RCC_GetSYSCLKSource
    main.o(.text) refers to stm32f10x_rcc.o(i.RCC_APB2PeriphClockCmd) for RCC_APB2PeriphClockCmd
    main.o(.text) refers to stm32f10x_rcc.o(i.RCC_APB1PeriphClockCmd) for RCC_APB1PeriphClockCmd
    main.o(.text) refers to stm32f10x_rcc.o(i.RCC_AHBPeriphClockCmd) for RCC_AHBPeriphClockCmd
    main.o(.text) refers to stm32f10x_usart.o(i.USART_ClearITPendingBit) for USART_ClearITPendingBit
    main.o(.text) refers to fsmc_cpld_sram.o(.text) for FSMC_SRAM_Init
    main.o(.text) refers to pcf8563_i2c.o(.text) for PCF8563_I2C_Init
    main.o(.text) refers to 24c08_i2c.o(.text) for _24C08_I2C_Init
    main.o(.text) refers to params.o(.data) for RTCInitFlagStatus
    main.o(.text) refers to stm32f10x_usart.o(i.USART_SendData) for USART_SendData
    main.o(.text) refers to stm32f10x_usart.o(i.USART_GetFlagStatus) for USART_GetFlagStatus
    main.o(.text) refers to params.o(.bss) for ScreenData
    stm32f10x_it.o(.text) refers to stm32f10x_rcc.o(i.RCC_GetITStatus) for RCC_GetITStatus
    stm32f10x_it.o(.text) refers to stm32f10x_rcc.o(i.RCC_HSEConfig) for RCC_HSEConfig
    stm32f10x_it.o(.text) refers to stm32f10x_rcc.o(i.RCC_ITConfig) for RCC_ITConfig
    stm32f10x_it.o(.text) refers to stm32f10x_rcc.o(i.RCC_ClearITPendingBit) for RCC_ClearITPendingBit
    stm32f10x_it.o(.text) refers to stm32f10x_rtc.o(i.RTC_GetITStatus) for RTC_GetITStatus
    stm32f10x_it.o(.text) refers to stm32f10x_rtc.o(i.RTC_ClearITPendingBit) for RTC_ClearITPendingBit
    stm32f10x_it.o(.text) refers to stm32f10x_rtc.o(i.RTC_WaitForLastTask) for RTC_WaitForLastTask
    stm32f10x_it.o(.text) refers to stm32f10x_rcc.o(i.RCC_GetFlagStatus) for RCC_GetFlagStatus
    stm32f10x_it.o(.text) refers to stm32f10x_rcc.o(i.RCC_PLLCmd) for RCC_PLLCmd
    stm32f10x_it.o(.text) refers to stm32f10x_rcc.o(i.RCC_SYSCLKConfig) for RCC_SYSCLKConfig
    stm32f10x_it.o(.text) refers to stm32f10x_tim.o(i.TIM_GetITStatus) for TIM_GetITStatus
[...]
    disable_test .o(.text) refers to params.o(.bss) for Save_Disable_Info
    disable_test .o(.text) refers to params.o(.data) for calendar
    stm32f10x_bkp.o(i.BKP_DeInit) refers to stm32f10x_rcc.o(i.RCC_BackupResetCmd) for RCC_BackupResetCmd
    stm32f10x_flash.o(i.FLASH_WaitForLastOperation) refers to stm32f10x_flash.o(i.FLASH_GetStatus) for FLASH_GetStatus
    stm32f10x_flash.o(i.FLASH_ErasePage) refers to stm32f10x_flash.o(i.FLASH_WaitForLastOperation) for FLASH_WaitForLastOperation
    stm32f10x_flash.o(i.FLASH_EraseAllPages) refers to stm32f10x_flash.o(i.FLASH_WaitForLastOperation) for FLASH_WaitForLastOperation
    stm32f10x_flash.o(i.FLASH_EraseOptionBytes) refers to stm32f10x_flash.o(i.FLASH_WaitForLastOperation) for FLASH_WaitForLastOperation
    stm32f10x_flash.o(i.FLASH_ProgramWord) refers to stm32f10x_flash.o(i.FLASH_WaitForLastOperation) for FLASH_WaitForLastOperation
    stm32f10x_flash.o(i.FLASH_ProgramHalfWord) refers to stm32f10x_flash.o(i.FLASH_WaitForLastOperation) for FLASH_WaitForLastOperation
    stm32f10x_flash.o(i.FLASH_ProgramOptionByteData) refers to stm32f10x_flash.o(i.FLASH_WaitForLastOperation) for FLASH_WaitForLastOperation
    stm32f10x_flash.o(i.FLASH_EnableWriteProtection) refers to stm32f10x_flash.o(i.FLASH_WaitForLastOperation) for FLASH_WaitForLastOperation
    stm32f10x_flash.o(i.FLASH_ReadOutProtection) refers to stm32f10x_flash.o(i.FLASH_WaitForLastOperation) for FLASH_WaitForLastOperation
    stm32f10x_flash.o(i.FLASH_UserOptionByteConfig) refers to stm32f10x_flash.o(i.FLASH_WaitForLastOperation) for FLASH_WaitForLastOperation
    stm32f10x_gpio.o(i.GPIO_DeInit) refers to stm32f10x_rcc.o(i.RCC_APB2PeriphResetCmd) for RCC_APB2PeriphResetCmd
    stm32f10x_gpio.o(i.GPIO_AFIODeInit) refers to stm32f10x_rcc.o(i.RCC_APB2PeriphResetCmd) for RCC_APB2PeriphResetCmd
    stm32f10x_nvic.o(i.NVIC_SETPRIMASK) refers to cortexm3_macro.o(.text) for __SETPRIMASK
    stm32f10x_nvic.o(i.NVIC_RESETPRIMASK) refers to cortexm3_macro.o(.text) for __RESETPRIMASK
    stm32f10x_nvic.o(i.NVIC_SETFAULTMASK) refers to cortexm3_macro.o(.text) for __SETFAULTMASK
    stm32f10x_nvic.o(i.NVIC_RESETFAULTMASK) refers to cortexm3_macro.o(.text) for __RESETFAULTMASK
    stm32f10x_nvic.o(i.NVIC_BASEPRICONFIG) refers to cortexm3_macro.o(.text) for __BASEPRICONFIG
    stm32f10x_nvic.o(i.NVIC_GetBASEPRI) refers to cortexm3_macro.o(.text) for __GetBASEPRI
    stm32f10x_pwr.o(i.PWR_DeInit) refers to stm32f10x_rcc.o(i.RCC_APB1PeriphResetCmd) for RCC_APB1PeriphResetCmd
    stm32f10x_pwr.o(i.PWR_EnterSTOPMode) refers to cortexm3_macro.o(.text) for __WFI
    stm32f10x_pwr.o(i.PWR_EnterSTANDBYMode) refers to cortexm3_macro.o(.text) for __WFI
    stm32f10x_rcc.o(i.RCC_WaitForHSEStartUp) refers to stm32f10x_rcc.o(i.RCC_GetFlagStatus) for RCC_GetFlagStatus
    stm32f10x_rcc.o(i.RCC_WaitForHSEStartUp) refers to stm32f10x_rcc.o(.data) for .data
    stm32f10x_rcc.o(i.RCC_GetClocksFreq) refers to stm32f10x_rcc.o(.constdata) for .constdata
    stm32f10x_rtc.o(i.RTC_SetCounter) refers to stm32f10x_rtc.o(i.RTC_EnterConfigMode) for RTC_EnterConfigMode
    stm32f10x_rtc.o(i.RTC_SetCounter) refers to stm32f10x_rtc.o(i.RTC_ExitConfigMode) for RTC_ExitConfigMode
    stm32f10x_rtc.o(i.RTC_SetPrescaler) refers to stm32f10x_rtc.o(i.RTC_EnterConfigMode) for RTC_EnterConfigMode
    stm32f10x_rtc.o(i.RTC_SetPrescaler) refers to stm32f10x_rtc.o(i.RTC_ExitConfigMode) for RTC_ExitConfigMode
    stm32f10x_rtc.o(i.RTC_SetAlarm) refers to stm32f10x_rtc.o(i.RTC_EnterConfigMode) for RTC_EnterConfigMode
    stm32f10x_rtc.o(i.RTC_SetAlarm) refers to stm32f10x_rtc.o(i.RTC_ExitConfigMode) for RTC_ExitConfigMode
    stm32f10x_tim.o(i.TIM_DeInit) refers to stm32f10x_rcc.o(i.RCC_APB1PeriphResetCmd) for RCC_APB1PeriphResetCmd
    stm32f10x_tim.o(i.TIM_DeInit) refers to stm32f10x_rcc.o(i.RCC_APB2PeriphResetCmd) for RCC_APB2PeriphResetCmd
    stm32f10x_tim.o(i.TIM_ICInit) refers to stm32f10x_tim.o(i.TI1_Config) for TI1_Config
    stm32f10x_tim.o(i.TIM_ICInit) refers to stm32f10x_tim.o(i.TIM_SetIC1Prescaler) for TIM_SetIC1Prescaler
    stm32f10x_tim.o(i.TIM_ICInit) refers to stm32f10x_tim.o(i.TI2_Config) for TI2_Config
    stm32f10x_tim.o(i.TIM_ICInit) refers to stm32f10x_tim.o(i.TIM_SetIC2Prescaler) for TIM_SetIC2Prescaler
    stm32f10x_tim.o(i.TIM_ICInit) refers to stm32f10x_tim.o(i.TIM_SetIC3Prescaler) for TIM_SetIC3Prescaler
    stm32f10x_tim.o(i.TIM_ICInit) refers to stm32f10x_tim.o(i.TIM_SetIC4Prescaler) for TIM_SetIC4Prescaler
    stm32f10x_tim.o(i.TIM_PWMIConfig) refers to stm32f10x_tim.o(i.TI1_Config) for TI1_Config
    stm32f10x_tim.o(i.TIM_PWMIConfig) refers to stm32f10x_tim.o(i.TIM_SetIC1Prescaler) for TIM_SetIC1Prescaler
    stm32f10x_tim.o(i.TIM_PWMIConfig) refers to stm32f10x_tim.o(i.TI2_Config) for TI2_Config
    stm32f10x_tim.o(i.TIM_PWMIConfig) refers to stm32f10x_tim.o(i.TIM_SetIC2Prescaler) for TIM_SetIC2Prescaler
    stm32f10x_tim.o(i.TIM_TIxExternalClockConfig) refers to stm32f10x_tim.o(i.TI2_Config) for TI2_Config
    stm32f10x_tim.o(i.TIM_TIxExternalClockConfig) refers to stm32f10x_tim.o(i.TI1_Config) for TI1_Config
    stm32f10x_tim.o(i.TIM_ETRClockMode1Config) refers to stm32f10x_tim.o(i.TIM_ETRConfig) for TIM_ETRConfig
    stm32f10x_tim.o(i.TIM_ETRClockMode2Config) refers to stm32f10x_tim.o(i.TIM_ETRConfig) for TIM_ETRConfig
    stm32f10x_usart.o(i.USART_DeInit) refers to stm32f10x_rcc.o(i.RCC_APB2PeriphResetCmd) for RCC_APB2PeriphResetCmd
    stm32f10x_usart.o(i.USART_DeInit) refers to stm32f10x_rcc.o(i.RCC_APB1PeriphResetCmd) for RCC_APB1PeriphResetCmd
    stm32f10x_usart.o(i.USART_Init) refers to stm32f10x_rcc.o(i.RCC_GetClocksFreq) for RCC_GetClocksFreq
    entry.o(.ARM.Collect$$$$00000000) refers (Special) to entry7.o(.ARM.Collect$$$$00000007) for _main_init
    entry.o(.ARM.Collect$$$$00000000) refers (Special) to entry5.o(.ARM.Collect$$$$00000004) for _main_scatterload
    entry.o(.ARM.Collect$$$$00000000) refers (Special) to entry2.o(.ARM.Collect$$$$00000001) for _main_stk
    entry2.o(.ARM.Collect$$$$00000001) refers to entry2.o(.ARM.Collect$$$$00002712) for __lit__00000000
    entry2.o(.ARM.Collect$$$$00002712) refers to stm32f10x_vector.o(STACK) for __initial_sp
    entry2.o(__vectab_stack_and_reset_area) refers to stm32f10x_vector.o(STACK) for __initial_sp
    entry2.o(__vectab_stack_and_reset_area) refers to entry.o(.ARM.Collect$$$$00000000) for __main
    entry5.o(.ARM.Collect$$$$00000004) refers to init.o(.text) for __scatterload
    entry7.o(.ARM.Collect$$$$00000007) refers to main.o(.text) for main
    init.o(.text) refers to entry5.o(.ARM.Collect$$$$00000004) for __main_after_scatterload


==============================================================================

Removing Unused input sections from the image.

    Removing cortexm3_macro.o(.text), (78 bytes).
    Removing stm32f10x_vector.o(HEAP), (1024 bytes).
    Removing main.o(.bss), (60 bytes).
    Removing stm32f10x_bkp.o(i.BKP_TamperPinLevelConfig), (12 bytes).
    Removing stm32f10x_bkp.o(i.BKP_TamperPinCmd), (12 bytes).
    Removing stm32f10x_bkp.o(i.BKP_ITConfig), (12 bytes).
    Removing stm32f10x_bkp.o(i.BKP_RTCOutputConfig), (20 bytes).
    Removing stm32f10x_bkp.o(i.BKP_SetRTCCalibrationValue), (20 bytes).
    Removing stm32f10x_bkp.o(i.BKP_WriteBackupRegister), (16 bytes).
    Removing stm32f10x_bkp.o(i.BKP_ReadBackupRegister), (16 bytes).
    Removing stm32f10x_bkp.o(i.BKP_GetFlagStatus), (12 bytes).
    Removing stm32f10x_bkp.o(i.BKP_ClearFlag), (16 bytes).
    Removing stm32f10x_bkp.o(i.BKP_GetITStatus), (12 bytes).
    Removing stm32f10x_bkp.o(i.BKP_ClearITPendingBit), (16 bytes).
    Removing stm32f10x_flash.o(i.FLASH_HalfCycleAccessCmd), (24 bytes).
    Removing stm32f10x_flash.o(i.FLASH_EraseAllPages), (60 bytes).
    Removing stm32f10x_flash.o(i.FLASH_EraseOptionBytes), (116 bytes).
    Removing stm32f10x_flash.o(i.FLASH_ProgramOptionByteData), (72 bytes).
    Removing stm32f10x_flash.o(i.FLASH_EnableWriteProtection), (168 bytes).
    Removing stm32f10x_flash.o(i.FLASH_ReadOutProtection), (136 bytes).
    Removing stm32f10x_flash.o(i.FLASH_UserOptionByteConfig), (88 bytes).
    Removing stm32f10x_flash.o(i.FLASH_GetUserOptionByte), (12 bytes).
    Removing stm32f10x_flash.o(i.FLASH_GetWriteProtectionOptionByte), (12 bytes).
    Removing stm32f10x_flash.o(i.FLASH_GetReadOutProtectionStatus), (20 bytes).
    Removing stm32f10x_flash.o(i.FLASH_GetPrefetchBufferStatus), (20 bytes).
    Removing stm32f10x_flash.o(i.FLASH_ITConfig), (24 bytes).
    Removing stm32f10x_flash.o(i.FLASH_GetFlagStatus), (32 bytes).
    Removing stm32f10x_fsmc.o(i.FSMC_NORSRAMDeInit), (36 bytes).
    Removing stm32f10x_fsmc.o(i.FSMC_NANDDeInit), (40 bytes).
    Removing stm32f10x_fsmc.o(i.FSMC_PCCARDDeInit), (28 bytes).
    Removing stm32f10x_fsmc.o(i.FSMC_NANDInit), (104 bytes).
    Removing stm32f10x_fsmc.o(i.FSMC_PCCARDInit), (100 bytes).
    Removing stm32f10x_fsmc.o(i.FSMC_NORSRAMStructInit), (98 bytes).
    Removing stm32f10x_fsmc.o(i.FSMC_NANDStructInit), (56 bytes).
    Removing stm32f10x_fsmc.o(i.FSMC_PCCARDStructInit), (62 bytes).
    Removing stm32f10x_fsmc.o(i.FSMC_NANDCmd), (56 bytes).
    Removing stm32f10x_fsmc.o(i.FSMC_PCCARDCmd), (32 bytes).
    Removing stm32f10x_fsmc.o(i.FSMC_NANDECCCmd), (56 bytes).
    Removing stm32f10x_fsmc.o(i.FSMC_GetECC), (18 bytes).
    Removing stm32f10x_fsmc.o(i.FSMC_ITConfig), (68 bytes).
    Removing stm32f10x_fsmc.o(i.FSMC_GetFlagStatus), (40 bytes).
    Removing stm32f10x_fsmc.o(i.FSMC_ClearFlag), (36 bytes).
    Removing stm32f10x_fsmc.o(i.FSMC_GetITStatus), (48 bytes).
    Removing stm32f10x_fsmc.o(i.FSMC_ClearITPendingBit), (40 bytes).
    Removing stm32f10x_gpio.o(i.GPIO_DeInit), (160 bytes).
    Removing stm32f10x_gpio.o(i.GPIO_AFIODeInit), (22 bytes).
    Removing stm32f10x_gpio.o(i.GPIO_StructInit), (16 bytes).
    Removing stm32f10x_gpio.o(i.GPIO_ReadInputData), (6 bytes).
    Removing stm32f10x_gpio.o(i.GPIO_ReadOutputDataBit), (14 bytes).
    Removing stm32f10x_gpio.o(i.GPIO_ReadOutputData), (6 bytes).
    Removing stm32f10x_gpio.o(i.GPIO_WriteBit), (10 bytes).
    Removing stm32f10x_gpio.o(i.GPIO_Write), (4 bytes).
    Removing stm32f10x_gpio.o(i.GPIO_PinLockConfig), (16 bytes).
    Removing stm32f10x_gpio.o(i.GPIO_EventOutputConfig), (28 bytes).
    Removing stm32f10x_gpio.o(i.GPIO_EventOutputCmd), (12 bytes).
    Removing stm32f10x_gpio.o(i.GPIO_PinRemapConfig), (72 bytes).
    Removing stm32f10x_gpio.o(i.GPIO_EXTILineConfig), (40 bytes).
    Removing stm32f10x_nvic.o(i.NVIC_DeInit), (44 bytes).
    Removing stm32f10x_nvic.o(i.NVIC_SCBDeInit), (68 bytes).
    Removing stm32f10x_nvic.o(i.NVIC_StructInit), (12 bytes).
    Removing stm32f10x_nvic.o(i.NVIC_SETPRIMASK), (4 bytes).
    Removing stm32f10x_nvic.o(i.NVIC_RESETPRIMASK), (4 bytes).
    Removing stm32f10x_nvic.o(i.NVIC_SETFAULTMASK), (4 bytes).
    Removing stm32f10x_nvic.o(i.NVIC_RESETFAULTMASK), (4 bytes).
    Removing stm32f10x_nvic.o(i.NVIC_BASEPRICONFIG), (6 bytes).
    Removing stm32f10x_nvic.o(i.NVIC_GetBASEPRI), (4 bytes).
    Removing stm32f10x_nvic.o(i.NVIC_GetCurrentPendingIRQChannel), (16 bytes).
    Removing stm32f10x_nvic.o(i.NVIC_GetIRQChannelPendingBitStatus), (34 bytes).
    Removing stm32f10x_nvic.o(i.NVIC_SetIRQChannelPendingBit), (12 bytes).
    Removing stm32f10x_nvic.o(i.NVIC_ClearIRQChannelPendingBit), (24 bytes).
    Removing stm32f10x_nvic.o(i.NVIC_GetCurrentActiveHandler), (16 bytes).
    Removing stm32f10x_nvic.o(i.NVIC_GetIRQChannelActiveBitStatus), (34 bytes).
    Removing stm32f10x_nvic.o(i.NVIC_GetCPUID), (12 bytes).
    Removing stm32f10x_nvic.o(i.NVIC_GenerateSystemReset), (16 bytes).
    Removing stm32f10x_nvic.o(i.NVIC_GenerateCoreReset), (16 bytes).
    Removing stm32f10x_nvic.o(i.NVIC_SystemLPConfig), (24 bytes).
    Removing stm32f10x_nvic.o(i.NVIC_SystemHandlerConfig), (32 bytes).
    Removing stm32f10x_nvic.o(i.NVIC_SystemHandlerPriorityConfig), (76 bytes).
    Removing stm32f10x_nvic.o(i.NVIC_GetSystemHandlerPendingBitStatus), (32 bytes).
    Removing stm32f10x_nvic.o(i.NVIC_SetSystemHandlerPendingBit), (24 bytes).
    Removing stm32f10x_nvic.o(i.NVIC_ClearSystemHandlerPendingBit), (24 bytes).
    Removing stm32f10x_nvic.o(i.NVIC_GetSystemHandlerActiveBitStatus), (32 bytes).
    Removing stm32f10x_nvic.o(i.NVIC_GetFaultHandlerSources), (54 bytes).
    Removing stm32f10x_nvic.o(i.NVIC_GetFaultAddress), (22 bytes).
    Removing stm32f10x_pwr.o(i.PWR_DeInit), (24 bytes).
    Removing stm32f10x_pwr.o(i.PWR_PVDCmd), (12 bytes).
    Removing stm32f10x_pwr.o(i.PWR_PVDLevelConfig), (20 bytes).
    Removing stm32f10x_pwr.o(i.PWR_WakeUpPinCmd), (12 bytes).
    Removing stm32f10x_pwr.o(i.PWR_EnterSTOPMode), (44 bytes).
    Removing stm32f10x_pwr.o(i.PWR_EnterSTANDBYMode), (40 bytes).
    Removing stm32f10x_pwr.o(i.PWR_GetFlagStatus), (20 bytes).
    Removing stm32f10x_pwr.o(i.PWR_ClearFlag), (16 bytes).
    Removing stm32f10x_rcc.o(i.RCC_AdjustHSICalibrationValue), (20 bytes).
    Removing stm32f10x_rcc.o(i.RCC_HSICmd), (12 bytes).
    Removing stm32f10x_rcc.o(i.RCC_USBCLKConfig), (12 bytes).
    Removing stm32f10x_rcc.o(i.RCC_ADCCLKConfig), (20 bytes).
    Removing stm32f10x_rcc.o(i.RCC_LSICmd), (12 bytes).
    Removing stm32f10x_rcc.o(i.RCC_ClockSecuritySystemCmd), (12 bytes).
    Removing stm32f10x_rcc.o(i.RCC_MCOConfig), (12 bytes).
    Removing stm32f10x_rcc.o(i.RCC_ClearFlag), (16 bytes).
    Removing stm32f10x_rtc.o(i.RTC_GetCounter), (16 bytes).
    Removing stm32f10x_rtc.o(i.RTC_SetCounter), (28 bytes).
    Removing stm32f10x_rtc.o(i.RTC_SetAlarm), (28 bytes).
    Removing stm32f10x_rtc.o(i.RTC_GetDivider), (20 bytes).
    Removing stm32f10x_rtc.o(i.RTC_GetFlagStatus), (20 bytes).
    Removing stm32f10x_rtc.o(i.RTC_ClearFlag), (16 bytes).
    Removing stm32f10x_tim.o(i.TIM_OC1Init), (96 bytes).
    Removing stm32f10x_tim.o(i.TIM_OC2Init), (124 bytes).
    Removing stm32f10x_tim.o(i.TIM_OC3Init), (120 bytes).
    Removing stm32f10x_tim.o(i.TIM_OC4Init), (96 bytes).
    Removing stm32f10x_tim.o(i.TIM_SetIC4Prescaler), (18 bytes).
    Removing stm32f10x_tim.o(i.TIM_SetIC3Prescaler), (16 bytes).
    Removing stm32f10x_tim.o(i.TIM_SetIC2Prescaler), (18 bytes).
    Removing stm32f10x_tim.o(i.TI2_Config), (44 bytes).
    Removing stm32f10x_tim.o(i.TIM_SetIC1Prescaler), (16 bytes).
    Removing stm32f10x_tim.o(i.TIM_ICInit), (162 bytes).
    Removing stm32f10x_tim.o(i.TIM_PWMIConfig), (108 bytes).
    Removing stm32f10x_tim.o(i.TIM_BDTRConfig), (34 bytes).
    Removing stm32f10x_tim.o(i.TIM_TimeBaseStructInit), (18 bytes).
    Removing stm32f10x_tim.o(i.TIM_OCStructInit), (20 bytes).
    Removing stm32f10x_tim.o(i.TIM_ICStructInit), (16 bytes).
    Removing stm32f10x_tim.o(i.TIM_BDTRStructInit), (18 bytes).
    Removing stm32f10x_tim.o(i.TIM_CtrlPWMOutputs), (22 bytes).
    Removing stm32f10x_tim.o(i.TIM_GenerateEvent), (4 bytes).
    Removing stm32f10x_tim.o(i.TIM_DMAConfig), (8 bytes).
    Removing stm32f10x_tim.o(i.TIM_DMACmd), (16 bytes).
    Removing stm32f10x_tim.o(i.TIM_SelectInputTrigger), (12 bytes).
    Removing stm32f10x_tim.o(i.TIM_ITRxExternalClockConfig), (20 bytes).
    Removing stm32f10x_tim.o(i.TIM_TIxExternalClockConfig), (46 bytes).
    Removing stm32f10x_tim.o(i.TIM_ETRConfig), (18 bytes).
    Removing stm32f10x_tim.o(i.TIM_ETRClockMode1Config), (18 bytes).
    Removing stm32f10x_tim.o(i.TIM_ETRClockMode2Config), (18 bytes).
    Removing stm32f10x_tim.o(i.TIM_PrescalerConfig), (6 bytes).
    Removing stm32f10x_tim.o(i.TIM_CounterModeConfig), (14 bytes).
    Removing stm32f10x_tim.o(i.TIM_EncoderInterfaceConfig), (44 bytes).
    Removing stm32f10x_tim.o(i.TIM_ForcedOC1Config), (12 bytes).
    Removing stm32f10x_tim.o(i.TIM_ForcedOC2Config), (14 bytes).
    Removing stm32f10x_tim.o(i.TIM_ForcedOC3Config), (12 bytes).
    Removing stm32f10x_tim.o(i.TIM_ForcedOC4Config), (14 bytes).
    Removing stm32f10x_tim.o(i.TIM_SelectCOM), (20 bytes).
    Removing stm32f10x_tim.o(i.TIM_SelectCCDMA), (20 bytes).
    Removing stm32f10x_tim.o(i.TIM_CCPreloadControl), (20 bytes).
    Removing stm32f10x_tim.o(i.TIM_OC1PreloadConfig), (12 bytes).
    Removing stm32f10x_tim.o(i.TIM_OC2PreloadConfig), (14 bytes).
    Removing stm32f10x_tim.o(i.TIM_OC3PreloadConfig), (12 bytes).
    Removing stm32f10x_tim.o(i.TIM_OC4PreloadConfig), (14 bytes).
    Removing stm32f10x_tim.o(i.TIM_OC1FastConfig), (12 bytes).
    Removing stm32f10x_tim.o(i.TIM_OC2FastConfig), (14 bytes).
    Removing stm32f10x_tim.o(i.TIM_OC3FastConfig), (12 bytes).
    Removing stm32f10x_tim.o(i.TIM_OC4FastConfig), (14 bytes).
    Removing stm32f10x_tim.o(i.TIM_ClearOC1Ref), (12 bytes).
    Removing stm32f10x_tim.o(i.TIM_ClearOC2Ref), (14 bytes).
    Removing stm32f10x_tim.o(i.TIM_ClearOC3Ref), (12 bytes).
    Removing stm32f10x_tim.o(i.TIM_ClearOC4Ref), (14 bytes).
    Removing stm32f10x_tim.o(i.TIM_OC1PolarityConfig), (12 bytes).
    Removing stm32f10x_tim.o(i.TIM_OC1NPolarityConfig), (12 bytes).
    Removing stm32f10x_tim.o(i.TIM_OC2PolarityConfig), (14 bytes).
    Removing stm32f10x_tim.o(i.TIM_OC2NPolarityConfig), (14 bytes).
    Removing stm32f10x_tim.o(i.TIM_OC3PolarityConfig), (14 bytes).
    Removing stm32f10x_tim.o(i.TIM_OC3NPolarityConfig), (14 bytes).
    Removing stm32f10x_tim.o(i.TIM_OC4PolarityConfig), (14 bytes).
    Removing stm32f10x_tim.o(i.TIM_CCxCmd), (22 bytes).
    Removing stm32f10x_tim.o(i.TIM_CCxNCmd), (22 bytes).
    Removing stm32f10x_tim.o(i.TIM_SelectOCxM), (62 bytes).
    Removing stm32f10x_tim.o(i.TIM_UpdateDisableConfig), (22 bytes).
    Removing stm32f10x_tim.o(i.TIM_UpdateRequestConfig), (22 bytes).
    Removing stm32f10x_tim.o(i.TIM_SelectHallSensor), (20 bytes).
    Removing stm32f10x_tim.o(i.TIM_SelectOnePulseMode), (18 bytes).
    Removing stm32f10x_tim.o(i.TIM_SelectOutputTrigger), (16 bytes).
    Removing stm32f10x_tim.o(i.TIM_SelectSlaveMode), (16 bytes).
    Removing stm32f10x_tim.o(i.TIM_SelectMasterSlaveMode), (16 bytes).
    Removing stm32f10x_tim.o(i.TIM_SetCounter), (4 bytes).
    Removing stm32f10x_tim.o(i.TIM_SetAutoreload), (4 bytes).
    Removing stm32f10x_tim.o(i.TIM_SetCompare1), (4 bytes).
    Removing stm32f10x_tim.o(i.TIM_SetCompare2), (4 bytes).
    Removing stm32f10x_tim.o(i.TIM_SetCompare3), (4 bytes).
    Removing stm32f10x_tim.o(i.TIM_SetCompare4), (6 bytes).
    Removing stm32f10x_tim.o(i.TIM_SetClockDivision), (14 bytes).
    Removing stm32f10x_tim.o(i.TIM_GetCapture1), (4 bytes).
    Removing stm32f10x_tim.o(i.TIM_GetCapture2), (4 bytes).
    Removing stm32f10x_tim.o(i.TIM_GetCapture3), (4 bytes).
    Removing stm32f10x_tim.o(i.TIM_GetCapture4), (6 bytes).
    Removing stm32f10x_tim.o(i.TIM_GetCounter), (4 bytes).
    Removing stm32f10x_tim.o(i.TIM_GetPrescaler), (4 bytes).
    Removing stm32f10x_tim.o(i.TIM_GetFlagStatus), (14 bytes).
    Removing stm32f10x_tim.o(i.TI1_Config), (40 bytes).
    Removing stm32f10x_usart.o(i.USART_DeInit), (108 bytes).
    Removing stm32f10x_usart.o(i.USART_StructInit), (22 bytes).
    Removing stm32f10x_usart.o(i.USART_ClockStructInit), (12 bytes).
    Removing stm32f10x_usart.o(i.USART_DMACmd), (16 bytes).
    Removing stm32f10x_usart.o(i.USART_SetAddress), (16 bytes).
    Removing stm32f10x_usart.o(i.USART_WakeUpConfig), (16 bytes).
    Removing stm32f10x_usart.o(i.USART_ReceiverWakeUpCmd), (20 bytes).
    Removing stm32f10x_usart.o(i.USART_LINBreakDetectLengthConfig), (16 bytes).
    Removing stm32f10x_usart.o(i.USART_LINCmd), (20 bytes).
    Removing stm32f10x_usart.o(i.USART_SendBreak), (10 bytes).
    Removing stm32f10x_usart.o(i.USART_SetGuardTime), (16 bytes).
    Removing stm32f10x_usart.o(i.USART_SetPrescaler), (16 bytes).
    Removing stm32f10x_usart.o(i.USART_SmartCardCmd), (20 bytes).
    Removing stm32f10x_usart.o(i.USART_SmartCardNACKCmd), (20 bytes).
    Removing stm32f10x_usart.o(i.USART_HalfDuplexCmd), (20 bytes).
    Removing stm32f10x_usart.o(i.USART_IrDAConfig), (16 bytes).
    Removing stm32f10x_usart.o(i.USART_IrDACmd), (20 bytes).
    Removing stm32f10x_usart.o(i.USART_ClearFlag), (6 bytes).

204 unused section(s) (total 6794 bytes) removed from the image.

==============================================================================

Image Symbol Table

    Local Symbols

    Symbol Name                              Value     Ov Type        Size  Object(Section)

    ../../../cmprslib/zerorunl2.c            0x00000000   Number         0  __dczerorl2.o ABSOLUTE
    ../../microlib/init/entry.s              0x00000000   Number         0  entry2.o ABSOLUTE
    ../../microlib/init/entry.s              0x00000000   Number         0  entry7.o ABSOLUTE
    ../../microlib/init/entry.s              0x00000000   Number         0  entry5.o ABSOLUTE
    ../../microlib/init/entry.s              0x00000000   Number         0  entry.o ABSOLUTE
    ../../microlib/string/memset.c           0x00000000   Number         0  memseta.o ABSOLUTE
    ../../microlib/string/strcat.c           0x00000000   Number         0  strcat.o ABSOLUTE
    ../../microlib/string/strcmp.c           0x00000000   Number         0  strcmp.o ABSOLUTE
    ../../microlib/string/strcpy.c           0x00000000   Number         0  strcpy.o ABSOLUTE
    ../../microlib/string/strlen.c           0x00000000   Number         0  strlen.o ABSOLUTE
    Startup\cortexm3_macro.s                 0x00000000   Number         0  cortexm3_macro.o ABSOLUTE
    Startup\stm32f10x_vector.s               0x00000000   Number         0  stm32f10x_vector.o ABSOLUTE
    User\24C08_I2c.c                         0x00000000   Number         0  24c08_i2c.o ABSOLUTE
    User\Disable_test .c                     0x00000000   Number         0  disable_test .o ABSOLUTE
    User\Fault_test.c                        0x00000000   Number         0  fault_test.o ABSOLUTE
    User\Flash_operation.c                   0x00000000   Number         0  flash_operation.o ABSOLUTE
    User\Functions.c                         0x00000000   Number         0  functions.o ABSOLUTE
    User\PCF8563_I2c.c                       0x00000000   Number         0  pcf8563_i2c.o ABSOLUTE
    User\Params.c                            0x00000000   Number         0  params.o ABSOLUTE
    User\Rtc_operation.c                     0x00000000   Number         0  rtc_operation.o ABSOLUTE
    User\Screen.c                            0x00000000   Number         0  screen.o ABSOLUTE
    User\Spark_test.c                        0x00000000   Number         0  spark_test.o ABSOLUTE
    User\fsmc_cpld_sram.c                    0x00000000   Number         0  fsmc_cpld_sram.o ABSOLUTE
    User\language.c                          0x00000000   Number         0  language.o ABSOLUTE
    User\main.c                              0x00000000   Number         0  main.o ABSOLUTE
    User\stm32f10x_it.c                      0x00000000   Number         0  stm32f10x_it.o ABSOLUTE
    dc.s                                     0x00000000   Number         0  dc.o ABSOLUTE
    handlers.s                               0x00000000   Number         0  handlers.o ABSOLUTE
    init.s                                   0x00000000   Number         0  init.o ABSOLUTE
    stm32f10x_bkp.c                          0x00000000   Number         0  stm32f10x_bkp.o ABSOLUTE
    stm32f10x_flash.c                        0x00000000   Number         0  stm32f10x_flash.o ABSOLUTE
    stm32f10x_fsmc.c                         0x00000000   Number         0  stm32f10x_fsmc.o ABSOLUTE
    stm32f10x_gpio.c                         0x00000000   Number         0  stm32f10x_gpio.o ABSOLUTE
    stm32f10x_nvic.c                         0x00000000   Number         0  stm32f10x_nvic.o ABSOLUTE
    stm32f10x_pwr.c                          0x00000000   Number         0  stm32f10x_pwr.o ABSOLUTE
    stm32f10x_rcc.c                          0x00000000   Number         0  stm32f10x_rcc.o ABSOLUTE
    stm32f10x_rtc.c                          0x00000000   Number         0  stm32f10x_rtc.o ABSOLUTE
    stm32f10x_tim.c                          0x00000000   Number         0  stm32f10x_tim.o ABSOLUTE
    stm32f10x_usart.c                        0x00000000   Number         0  stm32f10x_usart.o ABSOLUTE
    RESET                                    0x08000000   Section      304  stm32f10x_vector.o(RESET)
    .ARM.Collect$$$$00000000                 0x08000130   Section        0  entry.o(.ARM.Collect$$$$00000000)
    .ARM.Collect$$$$00000001                 0x08000130   Section        4  entry2.o(.ARM.Collect$$$$00000001)
    .ARM.Collect$$$$00000004                 0x08000134   Section        4  entry5.o(.ARM.Collect$$$$00000004)
    .ARM.Collect$$$$00000007                 0x08000138   Section        8  entry7.o(.ARM.Collect$$$$00000007)
    .ARM.Collect$$$$00002712                 0x08000140   Section        4  entry2.o(.ARM.Collect$$$$00002712)
    __lit__00000000                          0x08000140   Data           4  entry2.o(.ARM.Collect$$$$00002712)
    .text                                    0x08000144   Section        8  stm32f10x_vector.o(.text)
    .text                                    0x0800014c   Section        0  main.o(.text)
    .text                                    0x08000644   Section        0  stm32f10x_it.o(.text)
    .text                                    0x080008e8   Section        0  fsmc_cpld_sram.o(.text)
    .text                                    0x08000b48   Section        0  spark_test.o(.text)
    .text                                    0x08000f10   Section        0  flash_operation.o(.text)
    .text                                    0x08000fdc   Section        0  rtc_operation.o(.text)
    .text                                    0x080011a0   Section        0  screen.o(.text)
    .text                                    0x08001f5c   Section        0  functions.o(.text)
    .text                                    0x0800807c   Section        0  pcf8563_i2c.o(.text)
    .text                                    0x08008584   Section        0  24c08_i2c.o(.text)
    .text                                    0x08008984   Section        0  fault_test.o(.text)
    .text                                    0x080089f8   Section        0  disable_test .o(.text)
    .text                                    0x08008a6c   Section        0  memseta.o(.text)
    .text                                    0x08008a92   Section        0  strcat.o(.text)
    .text                                    0x08008aae   Section        0  strlen.o(.text)
    .text                                    0x08008abe   Section        0  strcmp.o(.text)
    .text                                    0x08008ada   Section        0  strcpy.o(.text)
    .text                                    0x08008aec   Section       36  init.o(.text)
    .text                                    0x08008b10   Section        0  __dczerorl2.o(.text)
    i.BKP_DeInit                             0x08008b6c   Section        0  stm32f10x_bkp.o(i.BKP_DeInit)
    i.FLASH_ClearFlag                        0x08008b80   Section        0  stm32f10x_flash.o(i.FLASH_ClearFlag)
    i.FLASH_ErasePage                        0x08008b8c   Section        0  stm32f10x_flash.o(i.FLASH_ErasePage)
    i.FLASH_GetStatus                        0x08008bcc   Section        0  stm32f10x_flash.o(i.FLASH_GetStatus)
    i.FLASH_Lock                             0x08008bf4   Section        0  stm32f10x_flash.o(i.FLASH_Lock)
    i.FLASH_PrefetchBufferCmd                0x08008c04   Section        0  stm32f10x_flash.o(i.FLASH_PrefetchBufferCmd)
    i.FLASH_ProgramHalfWord                  0x08008c1c   Section        0  stm32f10x_flash.o(i.FLASH_ProgramHalfWord)
    i.FLASH_ProgramWord                      0x08008c54   Section        0  stm32f10x_flash.o(i.FLASH_ProgramWord)
    i.FLASH_SetLatency                       0x08008c98   Section        0  stm32f10x_flash.o(i.FLASH_SetLatency)
    i.FLASH_Unlock                           0x08008cb0   Section        0  stm32f10x_flash.o(i.FLASH_Unlock)
    i.FLASH_WaitForLastOperation             0x08008cc8   Section        0  stm32f10x_flash.o(i.FLASH_WaitForLastOperation)
    i.FSMC_NORSRAMCmd                        0x08008cf0   Section        0  stm32f10x_fsmc.o(i.FSMC_NORSRAMCmd)
    i.FSMC_NORSRAMInit                       0x08008d10   Section        0  stm32f10x_fsmc.o(i.FSMC_NORSRAMInit)
    i.GPIO_Init                              0x08008dd0   Section        0  stm32f10x_gpio.o(i.GPIO_Init)
    i.GPIO_ReadInputDataBit                  0x08008e70   Section        0  stm32f10x_gpio.o(i.GPIO_ReadInputDataBit)
    i.GPIO_ResetBits                         0x08008e7e   Section        0  stm32f10x_gpio.o(i.GPIO_ResetBits)
    i.GPIO_SetBits                           0x08008e82   Section        0  stm32f10x_gpio.o(i.GPIO_SetBits)
    i.NVIC_Init                              0x08008e86   Section        0  stm32f10x_nvic.o(i.NVIC_Init)
    i.NVIC_PriorityGroupConfig               0x08008efc   Section        0  stm32f10x_nvic.o(i.NVIC_PriorityGroupConfig)
    i.NVIC_SetVectorTable                    0x08008f10   Section        0  stm32f10x_nvic.o(i.NVIC_SetVectorTable)
    i.PWR_BackupAccessCmd                    0x08008f24   Section        0  stm32f10x_pwr.o(i.PWR_BackupAccessCmd)
    i.RCC_AHBPeriphClockCmd                  0x08008f30   Section        0  stm32f10x_rcc.o(i.RCC_AHBPeriphClockCmd)
    i.RCC_APB1PeriphClockCmd                 0x08008f48   Section        0  stm32f10x_rcc.o(i.RCC_APB1PeriphClockCmd)
    i.RCC_APB1PeriphResetCmd                 0x08008f60   Section        0  stm32f10x_rcc.o(i.RCC_APB1PeriphResetCmd)
    i.RCC_APB2PeriphClockCmd                 0x08008f78   Section        0  stm32f10x_rcc.o(i.RCC_APB2PeriphClockCmd)
    i.RCC_APB2PeriphResetCmd                 0x08008f90   Section        0  stm32f10x_rcc.o(i.RCC_APB2PeriphResetCmd)
    i.RCC_BackupResetCmd                     0x08008fa8   Section        0  stm32f10x_rcc.o(i.RCC_BackupResetCmd)
    i.RCC_ClearITPendingBit                  0x08008fb4   Section        0  stm32f10x_rcc.o(i.RCC_ClearITPendingBit)
    i.RCC_DeInit                             0x08008fc0   Section        0  stm32f10x_rcc.o(i.RCC_DeInit)
    i.RCC_GetClocksFreq                      0x08008ffc   Section        0  stm32f10x_rcc.o(i.RCC_GetClocksFreq)
    i.RCC_GetFlagStatus                      0x08009090   Section        0  stm32f10x_rcc.o(i.RCC_GetFlagStatus)
    i.RCC_GetITStatus                        0x080090c0   Section        0  stm32f10x_rcc.o(i.RCC_GetITStatus)
    i.RCC_GetSYSCLKSource                    0x080090d4   Section        0  stm32f10x_rcc.o(i.RCC_GetSYSCLKSource)
    i.RCC_HCLKConfig                         0x080090e4   Section        0  stm32f10x_rcc.o(i.RCC_HCLKConfig)
    i.RCC_HSEConfig                          0x080090f8   Section        0  stm32f10x_rcc.o(i.RCC_HSEConfig)
    i.RCC_ITConfig                           0x0800912c   Section        0  stm32f10x_rcc.o(i.RCC_ITConfig)
    i.RCC_LSEConfig                          0x08009144   Section        0  stm32f10x_rcc.o(i.RCC_LSEConfig)
    i.RCC_PCLK1Config                        0x08009164   Section        0  stm32f10x_rcc.o(i.RCC_PCLK1Config)
    i.RCC_PCLK2Config                        0x08009178   Section        0  stm32f10x_rcc.o(i.RCC_PCLK2Config)
    i.RCC_PLLCmd                             0x0800918c   Section        0  stm32f10x_rcc.o(i.RCC_PLLCmd)
    i.RCC_PLLConfig                          0x08009198   Section        0  stm32f10x_rcc.o(i.RCC_PLLConfig)
    i.RCC_RTCCLKCmd                          0x080091ac   Section        0  stm32f10x_rcc.o(i.RCC_RTCCLKCmd)
    i.RCC_RTCCLKConfig                       0x080091b8   Section        0  stm32f10x_rcc.o(i.RCC_RTCCLKConfig)
    i.RCC_SYSCLKConfig                       0x080091c8   Section        0  stm32f10x_rcc.o(i.RCC_SYSCLKConfig)
    i.RCC_WaitForHSEStartUp                  0x080091dc   Section        0  stm32f10x_rcc.o(i.RCC_WaitForHSEStartUp)
    i.RTC_ClearITPendingBit                  0x08009210   Section        0  stm32f10x_rtc.o(i.RTC_ClearITPendingBit)
    i.RTC_EnterConfigMode                    0x08009220   Section        0  stm32f10x_rtc.o(i.RTC_EnterConfigMode)
    i.RTC_ExitConfigMode                     0x08009230   Section        0  stm32f10x_rtc.o(i.RTC_ExitConfigMode)
    i.RTC_GetITStatus                        0x08009240   Section        0  stm32f10x_rtc.o(i.RTC_GetITStatus)
    i.RTC_ITConfig                           0x0800925c   Section        0  stm32f10x_rtc.o(i.RTC_ITConfig)
    i.RTC_SetPrescaler                       0x08009278   Section        0  stm32f10x_rtc.o(i.RTC_SetPrescaler)
    i.RTC_WaitForLastTask                    0x08009298   Section        0  stm32f10x_rtc.o(i.RTC_WaitForLastTask)
    i.RTC_WaitForSynchro                     0x080092ac   Section        0  stm32f10x_rtc.o(i.RTC_WaitForSynchro)
    i.TIM_ARRPreloadConfig                   0x080092cc   Section        0  stm32f10x_tim.o(i.TIM_ARRPreloadConfig)
    i.TIM_ClearFlag                          0x080092e2   Section        0  stm32f10x_tim.o(i.TIM_ClearFlag)
    i.TIM_ClearITPendingBit                  0x080092e8   Section        0  stm32f10x_tim.o(i.TIM_ClearITPendingBit)
    i.TIM_Cmd                                0x080092ee   Section        0  stm32f10x_tim.o(i.TIM_Cmd)
    i.TIM_DeInit                             0x08009304   Section        0  stm32f10x_tim.o(i.TIM_DeInit)
    i.TIM_GetITStatus                        0x080093b8   Section        0  stm32f10x_tim.o(i.TIM_GetITStatus)
    i.TIM_ITConfig                           0x080093d0   Section        0  stm32f10x_tim.o(i.TIM_ITConfig)
    i.TIM_InternalClockConfig                0x080093e0   Section        0  stm32f10x_tim.o(i.TIM_InternalClockConfig)
    i.TIM_TimeBaseInit                       0x080093ec   Section        0  stm32f10x_tim.o(i.TIM_TimeBaseInit)
    i.USART_ClearITPendingBit                0x08009428   Section        0  stm32f10x_usart.o(i.USART_ClearITPendingBit)
    i.USART_ClockInit                        0x08009434   Section        0  stm32f10x_usart.o(i.USART_ClockInit)
    i.USART_Cmd                              0x08009452   Section        0  stm32f10x_usart.o(i.USART_Cmd)
    i.USART_GetFlagStatus                    0x08009466   Section        0  stm32f10x_usart.o(i.USART_GetFlagStatus)
    i.USART_GetITStatus                      0x08009474   Section        0  stm32f10x_usart.o(i.USART_GetITStatus)
    i.USART_ITConfig                         0x080094b2   Section        0  stm32f10x_usart.o(i.USART_ITConfig)
    i.USART_Init                             0x080094e4   Section        0  stm32f10x_usart.o(i.USART_Init)
    i.USART_ReceiveData                      0x0800956c   Section        0  stm32f10x_usart.o(i.USART_ReceiveData)
    i.USART_SendData                         0x08009574   Section        0  stm32f10x_usart.o(i.USART_SendData)
    i.__scatterload_copy                     0x0800957c   Section       14  handlers.o(i.__scatterload_copy)
    i.__scatterload_null                     0x0800958a   Section        2  handlers.o(i.__scatterload_null)
    i.__scatterload_zeroinit                 0x0800958c   Section       14  handlers.o(i.__scatterload_zeroinit)
    .constdata                               0x0800959a   Section       20  stm32f10x_rcc.o(.constdata)
    ADCPrescTable                            0x0800959a   Data           4  stm32f10x_rcc.o(.constdata)
    APBAHBPrescTable                         0x0800959e   Data          16  stm32f10x_rcc.o(.constdata)
    .conststring                             0x080095ae   Section     4006  language.o(.conststring)
    .data                                    0x20000000   Section       22  main.o(.data)
    .data                                    0x20000016   Section        1  stm32f10x_it.o(.data)
    Count                                    0x20000016   Data           1  stm32f10x_it.o(.data)
    .data                                    0x20000018   Section       16  spark_test.o(.data)
    .data                                    0x20000028   Section       45  params.o(.data)
    .data                                    0x20000055   Section        1  flash_operation.o(.data)
    .data                                    0x20000056   Section        7  rtc_operation.o(.data)
    .data                                    0x20000060   Section       88  functions.o(.data)
    .data                                    0x200000b8   Section        7  pcf8563_i2c.o(.data)
    .data                                    0x200000c0   Section      964  language.o(.data)
    .data                                    0x20000484   Section        8  stm32f10x_rcc.o(.data)
    HSEStatus                                0x20000484   Data           1  stm32f10x_rcc.o(.data)
    StartUpCounter                           0x20000488   Data           4  stm32f10x_rcc.o(.data)
    .bss                                     0x2000048c   Section      240  spark_test.o(.bss)
    .bss                                     0x2000057c   Section      284  params.o(.bss)
    .bss                                     0x20000698   Section      140  functions.o(.bss)
    STACK                                    0x20000728   Section     1024  stm32f10x_vector.o(STACK)

    Global Symbols

    Symbol Name                              Value     Ov Type        Size  Object(Section)

    BuildAttributes$$THM_ISAv4$P$D$K$B$S$PE$A:L22UL41UL21$X:L11$S22US41US21$IEEE1$IW$USESV6$~STKCKD$USESV7$~SHL$OSPACE$EBA8$MICROLIB$REQ8$PRES8$EABIv2 0x00000000   Number         0  anon$$obj.o ABSOLUTE
    __ARM_use_no_argv                        0x00000000   Number         0  main.o ABSOLUTE
    __Vectors                                0x08000000   Data           4  stm32f10x_vector.o(RESET)
    __main                                   0x08000131   Thumb Code     0  entry.o(.ARM.Collect$$$$00000000)
    _main_stk                                0x08000131   Thumb Code     0  entry2.o(.ARM.Collect$$$$00000001)
    _main_scatterload                        0x08000135   Thumb Code     0  entry5.o(.ARM.Collect$$$$00000004)
    __main_after_scatterload                 0x08000139   Thumb Code     0  entry5.o(.ARM.Collect$$$$00000004)
    _main_init                               0x08000139   Thumb Code     0  entry7.o(.ARM.Collect$$$$00000007)
    Reset_Handler                            0x08000145   Thumb Code     4  stm32f10x_vector.o(.text)
    RTC_Display                              0x0800014d   Thumb Code   334  main.o(.text)
    Delay_ms                                 0x0800029b   Thumb Code    30  main.o(.text)
    NVIC_Configuration                       0x080002b9   Thumb Code   110  main.o(.text)
    EXTI_Configuration                       0x08000327   Thumb Code     2  main.o(.text)
    TIM2_Configuration                       0x08000329   Thumb Code    94  main.o(.text)
    USART_Configuration                      0x08000387   Thumb Code    98  main.o(.text)
    GPIO_Configuration                       0x080003e9   Thumb Code   110  main.o(.text)
    RCC_Configuration                        0x08000457   Thumb Code   144  main.o(.text)
    main                                     0x080004e7   Thumb Code   264  main.o(.text)
    fputc                                    0x080005ef   Thumb Code    32  main.o(.text)
    Delay_us                                 0x0800060f   Thumb Code    12  main.o(.text)
    NMIException                             0x08000645   Thumb Code    42  stm32f10x_it.o(.text)
    HardFaultException                       0x0800066f   Thumb Code     4  stm32f10x_it.o(.text)
    MemManageException                       0x08000673   Thumb Code     4  stm32f10x_it.o(.text)
    BusFaultException                        0x08000677   Thumb Code     4  stm32f10x_it.o(.text)
    UsageFaultException                      0x0800067b   Thumb Code     4  stm32f10x_it.o(.text)
    DebugMonitor                             0x0800067f   Thumb Code     2  stm32f10x_it.o(.text)
    SVCHandler                               0x08000681   Thumb Code     2  stm32f10x_it.o(.text)
    PendSVC                                  0x08000683   Thumb Code     2  stm32f10x_it.o(.text)
    SysTickHandler                           0x08000685   Thumb Code     2  stm32f10x_it.o(.text)
    WWDG_IRQHandler                          0x08000687   Thumb Code     2  stm32f10x_it.o(.text)
    PVD_IRQHandler                           0x08000689   Thumb Code     2  stm32f10x_it.o(.text)
    TAMPER_IRQHandler                        0x0800068b   Thumb Code     2  stm32f10x_it.o(.text)
    RTC_IRQHandler                           0x0800068d   Thumb Code    28  stm32f10x_it.o(.text)
    FLASH_IRQHandler                         0x080006a9   Thumb Code     2  stm32f10x_it.o(.text)
    RCC_IRQHandler                           0x080006ab   Thumb Code    60  stm32f10x_it.o(.text)
    EXTI0_IRQHandler                         0x080006e7   Thumb Code     2  stm32f10x_it.o(.text)
    EXTI1_IRQHandler                         0x080006e9   Thumb Code     2  stm32f10x_it.o(.text)
    EXTI2_IRQHandler                         0x080006eb   Thumb Code     2  stm32f10x_it.o(.text)
    EXTI3_IRQHandler                         0x080006ed   Thumb Code     2  stm32f10x_it.o(.text)
    EXTI4_IRQHandler                         0x080006ef   Thumb Code     2  stm32f10x_it.o(.text)
    DMA1_Channel1_IRQHandler                 0x080006f1   Thumb Code     2  stm32f10x_it.o(.text)
    DMA1_Channel2_IRQHandler                 0x080006f3   Thumb Code     2  stm32f10x_it.o(.text)
    DMA1_Channel3_IRQHandler                 0x080006f5   Thumb Code     2  stm32f10x_it.o(.text)
    DMA1_Channel4_IRQHandler                 0x080006f7   Thumb Code     2  stm32f10x_it.o(.text)
    DMA1_Channel5_IRQHandler                 0x080006f9   Thumb Code     2  stm32f10x_it.o(.text)
    DMA1_Channel6_IRQHandler                 0x080006fb   Thumb Code     2  stm32f10x_it.o(.text)
    DMA1_Channel7_IRQHandler                 0x080006fd   Thumb Code     2  stm32f10x_it.o(.text)
    ADC1_2_IRQHandler                        0x080006ff   Thumb Code     2  stm32f10x_it.o(.text)
    USB_HP_CAN_TX_IRQHandler                 0x08000701   Thumb Code     2  stm32f10x_it.o(.text)
    USB_LP_CAN_RX0_IRQHandler                0x08000703   Thumb Code     2  stm32f10x_it.o(.text)
    CAN_RX1_IRQHandler                       0x08000705   Thumb Code     2  stm32f10x_it.o(.text)
    CAN_SCE_IRQHandler                       0x08000707   Thumb Code     2  stm32f10x_it.o(.text)
    EXTI9_5_IRQHandler                       0x08000709   Thumb Code     2  stm32f10x_it.o(.text)
    TIM1_BRK_IRQHandler                      0x0800070b   Thumb Code     2  stm32f10x_it.o(.text)
    TIM1_UP_IRQHandler                       0x0800070d   Thumb Code     2  stm32f10x_it.o(.text)
    TIM1_TRG_COM_IRQHandler                  0x0800070f   Thumb Code     2  stm32f10x_it.o(.text)
    TIM1_CC_IRQHandler                       0x08000711   Thumb Code     2  stm32f10x_it.o(.text)
    TIM2_IRQHandler                          0x08000713   Thumb Code   158  stm32f10x_it.o(.text)
    TIM3_IRQHandler                          0x080007b1   Thumb Code     2  stm32f10x_it.o(.text)
    TIM4_IRQHandler                          0x080007b3   Thumb Code     2  stm32f10x_it.o(.text)
    I2C1_EV_IRQHandler                       0x080007b5   Thumb Code     2  stm32f10x_it.o(.text)
    I2C1_ER_IRQHandler                       0x080007b7   Thumb Code     2  stm32f10x_it.o(.text)
    I2C2_EV_IRQHandler                       0x080007b9   Thumb Code     2  stm32f10x_it.o(.text)
    I2C2_ER_IRQHandler                       0x080007bb   Thumb Code     2  stm32f10x_it.o(.text)
    SPI1_IRQHandler                          0x080007bd   Thumb Code     2  stm32f10x_it.o(.text)
    SPI2_IRQHandler                          0x080007bf   Thumb Code     2  stm32f10x_it.o(.text)
    USART1_IRQHandler                        0x080007c1   Thumb Code     2  stm32f10x_it.o(.text)
    USART2_IRQHandler                        0x080007c3   Thumb Code   202  stm32f10x_it.o(.text)
    USART3_IRQHandler                        0x0800088d   Thumb Code     2  stm32f10x_it.o(.text)
    EXTI15_10_IRQHandler                     0x0800088f   Thumb Code     2  stm32f10x_it.o(.text)
    RTCAlarm_IRQHandler                      0x08000891   Thumb Code     2  stm32f10x_it.o(.text)
    USBWakeUp_IRQHandler                     0x08000893   Thumb Code     2  stm32f10x_it.o(.text)
    TIM8_BRK_IRQHandler                      0x08000895   Thumb Code     2  stm32f10x_it.o(.text)
    TIM8_UP_IRQHandler                       0x08000897   Thumb Code     2  stm32f10x_it.o(.text)
    TIM8_TRG_COM_IRQHandler                  0x08000899   Thumb Code     2  stm32f10x_it.o(.text)
    TIM8_CC_IRQHandler                       0x0800089b   Thumb Code     2  stm32f10x_it.o(.text)
    ADC3_IRQHandler                          0x0800089d   Thumb Code     2  stm32f10x_it.o(.text)
    FSMC_IRQHandler                          0x0800089f   Thumb Code     2  stm32f10x_it.o(.text)
    SDIO_IRQHandler                          0x080008a1   Thumb Code     2  stm32f10x_it.o(.text)
    TIM5_IRQHandler                          0x080008a3   Thumb Code     2  stm32f10x_it.o(.text)
    SPI3_IRQHandler                          0x080008a5   Thumb Code     2  stm32f10x_it.o(.text)
    UART4_IRQHandler                         0x080008a7   Thumb Code     2  stm32f10x_it.o(.text)
    UART5_IRQHandler                         0x080008a9   Thumb Code     2  stm32f10x_it.o(.text)
    TIM6_IRQHandler                          0x080008ab   Thumb Code     2  stm32f10x_it.o(.text)
    TIM7_IRQHandler                          0x080008ad   Thumb Code     2  stm32f10x_it.o(.text)
    DMA2_Channel1_IRQHandler                 0x080008af   Thumb Code     2  stm32f10x_it.o(.text)
    DMA2_Channel2_IRQHandler                 0x080008b1   Thumb Code     2  stm32f10x_it.o(.text)
    DMA2_Channel3_IRQHandler                 0x080008b3   Thumb Code     2  stm32f10x_it.o(.text)
    DMA2_Channel4_5_IRQHandler               0x080008b5   Thumb Code     2  stm32f10x_it.o(.text)
    FSMC_SRAM_Init                           0x080008e9   Thumb Code   256  fsmc_cpld_sram.o(.text)
    FSMC_CPLD_Init                           0x080009e9   Thumb Code   222  fsmc_cpld_sram.o(.text)
    FSMC_SRAM_WriteStruct                    0x08000ac7   Thumb Code    28  fsmc_cpld_sram.o(.text)
    FSMC_SRAM_ReadStruct                     0x08000ae3   Thumb Code    22  fsmc_cpld_sram.o(.text)
    FSMC_SRAM_WriteBuffer                    0x08000af9   Thumb Code    24  fsmc_cpld_sram.o(.text)
    FSMC_SRAM_ReadBuffer                     0x08000b11   Thumb Code    22  fsmc_cpld_sram.o(.text)
    FSMC_CPLD_Write                          0x08000b27   Thumb Code     8  fsmc_cpld_sram.o(.text)
    FSMC_CPLD_Read                           0x08000b2f   Thumb Code    10  fsmc_cpld_sram.o(.text)
    Data_Save                                0x08000b49   Thumb Code    70  spark_test.o(.text)
    Water_Spray                              0x08000b8f   Thumb Code    34  spark_test.o(.text)
    Spark_test                               0x08000bb1   Thumb Code   740  spark_test.o(.text)
    Data_Get_Once                            0x08000e95   Thumb Code    28  spark_test.o(.text)
    Data_Get_All                             0x08000eb1   Thumb Code    14  spark_test.o(.text)
    ReadFlashNByte                           0x08000f11   Thumb Code    28  flash_operation.o(.text)
    ReadFlashStruct                          0x08000f2d   Thumb Code    26  flash_operation.o(.text)
    WriteFlashOneWord                        0x08000f47   Thumb Code    60  flash_operation.o(.text)
    WriteFlashStruct                         0x08000f83   Thumb Code    82  flash_operation.o(.text)
    RTC_Configuration                        0x08000fdd   Thumb Code    88  rtc_operation.o(.text)
    Set_Day_Time                             0x08001035   Thumb Code   152  rtc_operation.o(.text)
    Set_Second_Time                          0x080010cd   Thumb Code   152  rtc_operation.o(.text)
    Get_Cur_Time                             0x08001165   Thumb Code    46  rtc_operation.o(.text)
    SendChar                                 0x080011a1   Thumb Code    28  screen.o(.text)
    SendStrings                              0x080011bd   Thumb Code    22  screen.o(.text)
    SendBeginCMD                             0x080011d3   Thumb Code    10  screen.o(.text)
    SendEndCmd                               0x080011dd   Thumb Code    28  screen.o(.text)
    SetHandShake                             0x080011f9   Thumb Code    18  screen.o(.text)
    SetFcolor                                0x0800120b   Thumb Code    32  screen.o(.text)
    SetBcolor                                0x0800122b   Thumb Code    32  screen.o(.text)
    ColorPicker                              0x0800124b   Thumb Code    54  screen.o(.text)
    GUI_CleanScreen                          0x08001281   Thumb Code    18  screen.o(.text)
    SetTextSpace                             0x08001293   Thumb Code    34  screen.o(.text)
    SetFont_Region                           0x080012b5   Thumb Code    54  screen.o(.text)
    SetFilterColor                           0x080012eb   Thumb Code    46  screen.o(.text)
    DisText                                  0x08001319   Thumb Code    76  screen.o(.text)
    DisData                                  0x08001365   Thumb Code    76  screen.o(.text)
    DisCursor                                0x080013b1   Thumb Code    74  screen.o(.text)
    DisFull_Image                            0x080013fb   Thumb Code    40  screen.o(.text)
    DisArea_Image                            0x08001423   Thumb Code    72  screen.o(.text)
    DisCut_Image                             0x0800146b   Thumb Code   140  screen.o(.text)
    DisFlashImage                            0x080014f7   Thumb Code    82  screen.o(.text)
    GUI_Dot                                  0x08001549   Thumb Code    46  screen.o(.text)
    GUI_Line                                 0x08001577   Thumb Code    86  screen.o(.text)
    GUI_ConDots                              0x080015cd   Thumb Code    34  screen.o(.text)
    GUI_Circle                               0x080015ef   Thumb Code    60  screen.o(.text)
    GUI_CircleFill                           0x0800162b   Thumb Code    60  screen.o(.text)
    GUI_Arc                                  0x08001667   Thumb Code    98  screen.o(.text)
    GUI_Rectangle                            0x080016c9   Thumb Code    78  screen.o(.text)
    GUI_RectangleFill                        0x08001717   Thumb Code    78  screen.o(.text)
    GUI_AreaInycolor                         0x08001765   Thumb Code    78  screen.o(.text)
    GUI_Ellipse                              0x080017b3   Thumb Code    78  screen.o(.text)
    GUI_EllipseFill                          0x08001801   Thumb Code    78  screen.o(.text)
    GUI_PolygonFill                          0x0800184f   Thumb Code    60  screen.o(.text)
    SetBackLight                             0x0800188b   Thumb Code    26  screen.o(.text)
    SetBuzzer                                0x080018a5   Thumb Code    26  screen.o(.text)
    SetCommBps                               0x080018bf   Thumb Code    26  screen.o(.text)
    SetTouchScreen                           0x080018d9   Thumb Code    26  screen.o(.text)
    SetTouchScreen_Adj                       0x080018f3   Thumb Code    18  screen.o(.text)
    TestTouchScreen                          0x08001905   Thumb Code    18  screen.o(.text)
    WriteLayer                               0x08001917   Thumb Code    26  screen.o(.text)
    DisplyLayer                              0x08001931   Thumb Code    26  screen.o(.text)
    CopyLayer                                0x0800194b   Thumb Code    34  screen.o(.text)
    ClearLayer                               0x0800196d   Thumb Code    26  screen.o(.text)
    AutoClearLayer_en                        0x08001987   Thumb Code    26  screen.o(.text)
    DisScreen                                0x080019a1   Thumb Code    38  screen.o(.text)
    GetScreen                                0x080019c7   Thumb Code    24  screen.o(.text)
    SetButtonStatus                          0x080019df   Thumb Code    60  screen.o(.text)
    GetButtonStatus                          0x08001a1b   Thumb Code    52  screen.o(.text)
    SetTextView                              0x08001a4f   Thumb Code    70  screen.o(.text)
    GetTextView                              0x08001a95   Thumb Code    52  screen.o(.text)
    SetTextViewFocus                         0x08001ac9   Thumb Code    60  screen.o(.text)
    SetProgressValue                         0x08001b05   Thumb Code    82  screen.o(.text)
    GetProgressValue                         0x08001b57   Thumb Code    52  screen.o(.text)
    SetSlidervalue                           0x08001b8b   Thumb Code    82  screen.o(.text)
    GetSlidervalue                           0x08001bdd   Thumb Code    52  screen.o(.text)
    SetMeterValue                            0x08001c11   Thumb Code    82  screen.o(.text)
    GetMeterValue                            0x08001c63   Thumb Code    52  screen.o(.text)
    AnimationControl                         0x08001c97   Thumb Code    54  screen.o(.text)
    AnimationControlFrame                    0x08001ccd   Thumb Code    60  screen.o(.text)
    AddCurve                                 0x08001d09   Thumb Code    78  screen.o(.text)
    DelCurve                                 0x08001d57   Thumb Code    60  screen.o(.text)
    AddCurveData                             0x08001d93   Thumb Code    88  screen.o(.text)
    DelCurveData                             0x08001deb   Thumb Code    60  screen.o(.text)
    ZoomShift                                0x08001e27   Thumb Code   120  screen.o(.text)
    DisTime                                  0x08001e9f   Thumb Code    92  screen.o(.text)
    SetTime                                  0x08001efb   Thumb Code    80  screen.o(.text)
    ReadTime                                 0x08001f4b   Thumb Code    18  screen.o(.text)
    itoaT                                    0x08001f5d   Thumb Code   126  functions.o(.text)
    TextProcess                              0x08001fdb   Thumb Code  2558  functions.o(.text)
    itoaF                                    0x080029d9   Thumb Code   216  functions.o(.text)
    itoaD                                    0x08002ab1   Thumb Code    60  functions.o(.text)
    Fault_Display_A                          0x08002aed   Thumb Code   426  functions.o(.text)
    Alarm_Display_B                          0x08002c97   Thumb Code   616  functions.o(.text)
    Alarm_Display_A                          0x08002eff   Thumb Code   504  functions.o(.text)
    itoa                                     0x080030f7   Thumb Code   166  functions.o(.text)
    Disable_Display_A                        0x0800319d   Thumb Code   444  functions.o(.text)
    ButtonProcess                            0x08003359   Thumb Code 18244  functions.o(.text)
    MemCopy                                  0x08007a9d   Thumb Code    22  functions.o(.text)
    ScreenDataRecv_Process                   0x08007ab3   Thumb Code    98  functions.o(.text)
    Power_on_Init                            0x08007b15   Thumb Code    42  functions.o(.text)
    Power_on_self_Test                       0x08007b3f   Thumb Code   126  functions.o(.text)
    ScreenInit                               0x08007bbd   Thumb Code   662  functions.o(.text)
    Screen_update                            0x08007e53   Thumb Code   490  functions.o(.text)
    MemSet                                   0x0800803d   Thumb Code    18  functions.o(.text)
    PCF8563_I2C_Stop                         0x0800807d   Thumb Code    60  pcf8563_i2c.o(.text)
    PCF8563_I2C_WaitAck                      0x080080b9   Thumb Code    80  pcf8563_i2c.o(.text)
    PCF8563_I2C_WriteByte                    0x08008109   Thumb Code    96  pcf8563_i2c.o(.text)
    PCF8563_I2C_Start                        0x08008169   Thumb Code    54  pcf8563_i2c.o(.text)
    PCF8563_WriteAdress                      0x0800819f   Thumb Code    46  pcf8563_i2c.o(.text)
    PCF8563_Set_Times                        0x080081cd   Thumb Code   286  pcf8563_i2c.o(.text)
    PCF8563_I2C_ReadByte                     0x080082eb   Thumb Code    78  pcf8563_i2c.o(.text)
    PCF8563_ReadAdress                       0x08008339   Thumb Code    56  pcf8563_i2c.o(.text)
    PCF8563_I2C_Init                         0x08008371   Thumb Code    72  pcf8563_i2c.o(.text)
    PCF8563_I2C_Ack                          0x080083b9   Thumb Code    60  pcf8563_i2c.o(.text)
    PCF8563_I2C_NoAck                        0x080083f5   Thumb Code    60  pcf8563_i2c.o(.text)
    PCF8563_ReadTimes                        0x08008431   Thumb Code   336  pcf8563_i2c.o(.text)
    _24C08_I2C_Init                          0x08008585   Thumb Code    60  24c08_i2c.o(.text)
    _24C08_I2C_Stop                          0x080085c1   Thumb Code    68  24c08_i2c.o(.text)
    _24C08_I2C_WaitAck                       0x08008605   Thumb Code    90  24c08_i2c.o(.text)
    _24C08_I2C_WriteByte                     0x0800865f   Thumb Code   100  24c08_i2c.o(.text)
    _24C08_I2C_Start                         0x080086c3   Thumb Code    62  24c08_i2c.o(.text)
    _24C08_I2C_HalfwordWrite                 0x08008701   Thumb Code    62  24c08_i2c.o(.text)
    _24C08_I2C_NoAck                         0x0800873f   Thumb Code    68  24c08_i2c.o(.text)
    _24C08_I2C_ReadByte                      0x08008783   Thumb Code    86  24c08_i2c.o(.text)
    _24C08_I2C_Ack                           0x080087d9   Thumb Code    68  24c08_i2c.o(.text)
    _24C08_I2C_HalfwordRead                  0x0800881d   Thumb Code    76  24c08_i2c.o(.text)
    _24C08_I2C_ByteWrite                     0x08008869   Thumb Code    52  24c08_i2c.o(.text)
    _24C08_I2C_ByteRead                      0x0800889d   Thumb Code    66  24c08_i2c.o(.text)
    _24C08_I2C_PageWrite                     0x080088df   Thumb Code    72  24c08_i2c.o(.text)
    _24C08_I2C_BufferRead                    0x08008927   Thumb Code    88  24c08_i2c.o(.text)
    Data_Save_Fault                          0x08008985   Thumb Code    70  fault_test.o(.text)
    Data_Get_Once_Fault                      0x080089cb   Thumb Code    34  fault_test.o(.text)
    Data_Save_Disable                        0x080089f9   Thumb Code    70  disable_test .o(.text)
    Data_Get_Once_Disable                    0x08008a3f   Thumb Code    34  disable_test .o(.text)
    __aeabi_memset                           0x08008a6d   Thumb Code    14  memseta.o(.text)
    __aeabi_memset4                          0x08008a6d   Thumb Code     0  memseta.o(.text)
    __aeabi_memset8                          0x08008a6d   Thumb Code     0  memseta.o(.text)
    __aeabi_memclr                           0x08008a7b   Thumb Code     4  memseta.o(.text)
    __aeabi_memclr4                          0x08008a7b   Thumb Code     0  memseta.o(.text)
    __aeabi_memclr8                          0x08008a7b   Thumb Code     0  memseta.o(.text)
    _memset$wrapper                          0x08008a7f   Thumb Code    20  memseta.o(.text)
    strcat                                   0x08008a93   Thumb Code    28  strcat.o(.text)
    strlen                                   0x08008aaf   Thumb Code    16  strlen.o(.text)
    strcmp                                   0x08008abf   Thumb Code    28  strcmp.o(.text)
    strcpy                                   0x08008adb   Thumb Code    18  strcpy.o(.text)
    __scatterload                            0x08008aed   Thumb Code    28  init.o(.text)
    __scatterload_rt2                        0x08008aed   Thumb Code     0  init.o(.text)
    __decompress                             0x08008b11   Thumb Code     0  __dczerorl2.o(.text)
    __decompress1                            0x08008b11   Thumb Code    92  __dczerorl2.o(.text)
    BKP_DeInit                               0x08008b6d   Thumb Code    18  stm32f10x_bkp.o(i.BKP_DeInit)
    FLASH_ClearFlag                          0x08008b81   Thumb Code     6  stm32f10x_flash.o(i.FLASH_ClearFlag)
    FLASH_ErasePage                          0x08008b8d   Thumb Code    60  stm32f10x_flash.o(i.FLASH_ErasePage)
    FLASH_GetStatus                          0x08008bcd   Thumb Code    34  stm32f10x_flash.o(i.FLASH_GetStatus)
    FLASH_Lock                               0x08008bf5   Thumb Code    12  stm32f10x_flash.o(i.FLASH_Lock)
    FLASH_PrefetchBufferCmd                  0x08008c05   Thumb Code    18  stm32f10x_flash.o(i.FLASH_PrefetchBufferCmd)
    FLASH_ProgramHalfWord                    0x08008c1d   Thumb Code    50  stm32f10x_flash.o(i.FLASH_ProgramHalfWord)
    FLASH_ProgramWord                        0x08008c55   Thumb Code    64  stm32f10x_flash.o(i.FLASH_ProgramWord)
    FLASH_SetLatency                         0x08008c99   Thumb Code    18  stm32f10x_flash.o(i.FLASH_SetLatency)
    FLASH_Unlock                             0x08008cb1   Thumb Code    12  stm32f10x_flash.o(i.FLASH_Unlock)
    FLASH_WaitForLastOperation               0x08008cc9   Thumb Code    40  stm32f10x_flash.o(i.FLASH_WaitForLastOperation)
    FSMC_NORSRAMCmd                          0x08008cf1   Thumb Code    28  stm32f10x_fsmc.o(i.FSMC_NORSRAMCmd)
    FSMC_NORSRAMInit                         0x08008d11   Thumb Code   190  stm32f10x_fsmc.o(i.FSMC_NORSRAMInit)
    GPIO_Init                                0x08008dd1   Thumb Code   160  stm32f10x_gpio.o(i.GPIO_Init)
    GPIO_ReadInputDataBit                    0x08008e71   Thumb Code    14  stm32f10x_gpio.o(i.GPIO_ReadInputDataBit)
    GPIO_ResetBits                           0x08008e7f   Thumb Code     4  stm32f10x_gpio.o(i.GPIO_ResetBits)
    GPIO_SetBits                             0x08008e83   Thumb Code     4  stm32f10x_gpio.o(i.GPIO_SetBits)
    NVIC_Init                                0x08008e87   Thumb Code   116  stm32f10x_nvic.o(i.NVIC_Init)
    NVIC_PriorityGroupConfig                 0x08008efd   Thumb Code    10  stm32f10x_nvic.o(i.NVIC_PriorityGroupConfig)
    NVIC_SetVectorTable                      0x08008f11   Thumb Code    12  stm32f10x_nvic.o(i.NVIC_SetVectorTable)
    PWR_BackupAccessCmd                      0x08008f25   Thumb Code     6  stm32f10x_pwr.o(i.PWR_BackupAccessCmd)
    RCC_AHBPeriphClockCmd                    0x08008f31   Thumb Code    18  stm32f10x_rcc.o(i.RCC_AHBPeriphClockCmd)
    RCC_APB1PeriphClockCmd                   0x08008f49   Thumb Code    18  stm32f10x_rcc.o(i.RCC_APB1PeriphClockCmd)
    RCC_APB1PeriphResetCmd                   0x08008f61   Thumb Code    18  stm32f10x_rcc.o(i.RCC_APB1PeriphResetCmd)
    RCC_APB2PeriphClockCmd                   0x08008f79   Thumb Code    18  stm32f10x_rcc.o(i.RCC_APB2PeriphClockCmd)
    RCC_APB2PeriphResetCmd                   0x08008f91   Thumb Code    18  stm32f10x_rcc.o(i.RCC_APB2PeriphResetCmd)
    RCC_BackupResetCmd                       0x08008fa9   Thumb Code     6  stm32f10x_rcc.o(i.RCC_BackupResetCmd)
    RCC_ClearITPendingBit                    0x08008fb5   Thumb Code     6  stm32f10x_rcc.o(i.RCC_ClearITPendingBit)
    RCC_DeInit                               0x08008fc1   Thumb Code    48  stm32f10x_rcc.o(i.RCC_DeInit)
    RCC_GetClocksFreq                        0x08008ffd   Thumb Code   132  stm32f10x_rcc.o(i.RCC_GetClocksFreq)
    RCC_GetFlagStatus                        0x08009091   Thumb Code    42  stm32f10x_rcc.o(i.RCC_GetFlagStatus)
    RCC_GetITStatus                          0x080090c1   Thumb Code    16  stm32f10x_rcc.o(i.RCC_GetITStatus)
    RCC_GetSYSCLKSource                      0x080090d5   Thumb Code    10  stm32f10x_rcc.o(i.RCC_GetSYSCLKSource)
    RCC_HCLKConfig                           0x080090e5   Thumb Code    14  stm32f10x_rcc.o(i.RCC_HCLKConfig)
    RCC_HSEConfig                            0x080090f9   Thumb Code    48  stm32f10x_rcc.o(i.RCC_HSEConfig)
    RCC_ITConfig                             0x0800912d   Thumb Code    18  stm32f10x_rcc.o(i.RCC_ITConfig)
    RCC_LSEConfig                            0x08009145   Thumb Code    26  stm32f10x_rcc.o(i.RCC_LSEConfig)
    RCC_PCLK1Config                          0x08009165   Thumb Code    14  stm32f10x_rcc.o(i.RCC_PCLK1Config)
    RCC_PCLK2Config                          0x08009179   Thumb Code    16  stm32f10x_rcc.o(i.RCC_PCLK2Config)
    RCC_PLLCmd                               0x0800918d   Thumb Code     6  stm32f10x_rcc.o(i.RCC_PLLCmd)
    RCC_PLLConfig                            0x08009199   Thumb Code    16  stm32f10x_rcc.o(i.RCC_PLLConfig)
    RCC_RTCCLKCmd                            0x080091ad   Thumb Code     6  stm32f10x_rcc.o(i.RCC_RTCCLKCmd)
    RCC_RTCCLKConfig                         0x080091b9   Thumb Code    10  stm32f10x_rcc.o(i.RCC_RTCCLKConfig)
    RCC_SYSCLKConfig                         0x080091c9   Thumb Code    14  stm32f10x_rcc.o(i.RCC_SYSCLKConfig)
    RCC_WaitForHSEStartUp                    0x080091dd   Thumb Code    46  stm32f10x_rcc.o(i.RCC_WaitForHSEStartUp)
    RTC_ClearITPendingBit                    0x08009211   Thumb Code    10  stm32f10x_rtc.o(i.RTC_ClearITPendingBit)
    RTC_EnterConfigMode                      0x08009221   Thumb Code    12  stm32f10x_rtc.o(i.RTC_EnterConfigMode)
    RTC_ExitConfigMode                       0x08009231   Thumb Code    12  stm32f10x_rtc.o(i.RTC_ExitConfigMode)
    RTC_GetITStatus                          0x08009241   Thumb Code    24  stm32f10x_rtc.o(i.RTC_GetITStatus)
    RTC_ITConfig                             0x0800925d   Thumb Code    22  stm32f10x_rtc.o(i.RTC_ITConfig)
    RTC_SetPrescaler                         0x08009279   Thumb Code    26  stm32f10x_rtc.o(i.RTC_SetPrescaler)
    RTC_WaitForLastTask                      0x08009299   Thumb Code    14  stm32f10x_rtc.o(i.RTC_WaitForLastTask)
    RTC_WaitForSynchro                       0x080092ad   Thumb Code    26  stm32f10x_rtc.o(i.RTC_WaitForSynchro)
    TIM_ARRPreloadConfig                     0x080092cd   Thumb Code    22  stm32f10x_tim.o(i.TIM_ARRPreloadConfig)
    TIM_ClearFlag                            0x080092e3   Thumb Code     6  stm32f10x_tim.o(i.TIM_ClearFlag)
    TIM_ClearITPendingBit                    0x080092e9   Thumb Code     6  stm32f10x_tim.o(i.TIM_ClearITPendingBit)
    TIM_Cmd                                  0x080092ef   Thumb Code    22  stm32f10x_tim.o(i.TIM_Cmd)
    TIM_DeInit                               0x08009305   Thumb Code   170  stm32f10x_tim.o(i.TIM_DeInit)
    TIM_GetITStatus                          0x080093b9   Thumb Code    24  stm32f10x_tim.o(i.TIM_GetITStatus)
    TIM_ITConfig                             0x080093d1   Thumb Code    16  stm32f10x_tim.o(i.TIM_ITConfig)
    TIM_InternalClockConfig                  0x080093e1   Thumb Code    10  stm32f10x_tim.o(i.TIM_InternalClockConfig)
    TIM_TimeBaseInit                         0x080093ed   Thumb Code    52  stm32f10x_tim.o(i.TIM_TimeBaseInit)
    USART_ClearITPendingBit                  0x08009429   Thumb Code    12  stm32f10x_usart.o(i.USART_ClearITPendingBit)
    USART_ClockInit                          0x08009435   Thumb Code    30  stm32f10x_usart.o(i.USART_ClockInit)
    USART_Cmd                                0x08009453   Thumb Code    20  stm32f10x_usart.o(i.USART_Cmd)
    USART_GetFlagStatus                      0x08009467   Thumb Code    14  stm32f10x_usart.o(i.USART_GetFlagStatus)
    USART_GetITStatus                        0x08009475   Thumb Code    62  stm32f10x_usart.o(i.USART_GetITStatus)
    USART_ITConfig                           0x080094b3   Thumb Code    48  stm32f10x_usart.o(i.USART_ITConfig)
    USART_Init                               0x080094e5   Thumb Code   130  stm32f10x_usart.o(i.USART_Init)
    USART_ReceiveData                        0x0800956d   Thumb Code     8  stm32f10x_usart.o(i.USART_ReceiveData)
    USART_SendData                           0x08009575   Thumb Code     8  stm32f10x_usart.o(i.USART_SendData)
    __scatterload_copy                       0x0800957d   Thumb Code    14  handlers.o(i.__scatterload_copy)
    __scatterload_null                       0x0800958b   Thumb Code     2  handlers.o(i.__scatterload_null)
    __scatterload_zeroinit                   0x0800958d   Thumb Code    14  handlers.o(i.__scatterload_zeroinit)
    Region$$Table$$Base                      0x0800a554   Number         0  anon$$obj.o(Region$$Table)
    Region$$Table$$Limit                     0x0800a574   Number         0  anon$$obj.o(Region$$Table)
    I2C_Data                                 0x20000000   Data          17  main.o(.data)
    Buffer1                                  0x20000012   Data           2  main.o(.data)
    Buffer2                                  0x20000014   Data           2  main.o(.data)
    Cnt                                      0x20000018   Data           1  spark_test.o(.data)
    Cnt_B                                    0x20000019   Data           1  spark_test.o(.data)
    Cnt_C                                    0x2000001a   Data           1  spark_test.o(.data)
    Cnt_B_Flag                               0x2000001b   Data           1  spark_test.o(.data)
    Cir_Spark_Sum_B                          0x2000001c   Data           4  spark_test.o(.data)
    Cir_Spark_Sum_C                          0x20000020   Data           4  spark_test.o(.data)
    total_spray_num                          0x20000024   Data           4  spark_test.o(.data)
    Screen_update_Flag                       0x20000028   Data           1  params.o(.data)
    Poweron_TIM2_Enable_Flag                 0x20000029   Data           1  params.o(.data)
    Poweron_TIM2_Enable_Cut                  0x2000002a   Data           1  params.o(.data)
    Alarm_num                                0x2000002c   Data           2  params.o(.data)
    Fault_num                                0x2000002e   Data           2  params.o(.data)
    Disable_num                              0x20000030   Data           2  params.o(.data)
    Single_num                               0x20000034   Data           4  params.o(.data)
    Single_temp1                             0x20000038   Data           1  params.o(.data)
    Single_temp2                             0x20000039   Data           1  params.o(.data)
    Single_Flag                              0x2000003a   Data           1  params.o(.data)
    Spark_DANGER_A                           0x2000003c   Data           2  params.o(.data)
    Spark_DANGER_B                           0x2000003e   Data           2  params.o(.data)
    Spark_DANGER_B_M                         0x20000040   Data           2  params.o(.data)
    Spark_DANGER_C_N                         0x20000042   Data           2  params.o(.data)
    Spray_TIME                               0x20000044   Data           2  params.o(.data)
    Spray_Cnt                                0x20000046   Data           2  params.o(.data)
    Spray_Flag                               0x20000048   Data           1  params.o(.data)
    Buzzer_Flag                              0x20000049   Data           1  params.o(.data)
    Alarm_reset_Flag                         0x2000004a   Data           1  params.o(.data)
    Test_mode_Flag                           0x2000004b   Data           1  params.o(.data)
    Test_result_Flag                         0x2000004c   Data           1  params.o(.data)
    TimeDisplay                              0x2000004d   Data           1  params.o(.data)
    RTCInitFlagStatus                        0x2000004e   Data           1  params.o(.data)
    calendar                                 0x2000004f   Data           6  params.o(.data)
    FLASHStatus                              0x20000055   Data           1  flash_operation.o(.data)
    PCF8563_Set_Time                         0x20000056   Data           7  rtc_operation.o(.data)
    Code_Flag1                               0x20000060   Data           1  functions.o(.data)
    Code_Flag2                               0x20000061   Data           1  functions.o(.data)
    Code_Flag3                               0x20000062   Data           1  functions.o(.data)
    Code_Flag4                               0x20000063   Data           1  functions.o(.data)
    Code_length                              0x20000064   Data           1  functions.o(.data)
    Layer                                    0x20000065   Data           1  functions.o(.data)
    Confirm_FlagStatus                       0x20000066   Data           1  functions.o(.data)
    Menu_FlagStatus                          0x20000067   Data           1  functions.o(.data)
    System_FlagStatus                        0x20000068   Data           4  functions.o(.data)
    LR_FlagStatus                            0x2000006c   Data           1  functions.o(.data)
    UD_FlagStatus                            0x2000006d   Data           1  functions.o(.data)
    Button_Dn                                0x2000006e   Data           1  functions.o(.data)
    xitong_Dn                                0x20000070   Data           2  functions.o(.data)
    JINGBAO_CUT                              0x20000072   Data           5  functions.o(.data)
    GUZHANG_CUT                              0x20000077   Data           5  functions.o(.data)
    GUANBI_CUT                               0x2000007c   Data           5  functions.o(.data)
    SECOND1                                  0x20000081   Data           5  functions.o(.data)
    MONTH1                                   0x20000086   Data           5  functions.o(.data)
    DATE1                                    0x2000008b   Data           5  functions.o(.data)
    MIN1                                     0x20000090   Data           5  functions.o(.data)
    SECOND2                                  0x20000095   Data           5  functions.o(.data)
    MONTH2                                   0x2000009a   Data           5  functions.o(.data)
    DATE2                                    0x2000009f   Data           5  functions.o(.data)
    MIN2                                     0x200000a4   Data           5  functions.o(.data)
    SPARK_NUM                                0x200000a9   Data           5  functions.o(.data)
    EVENT_NR                                 0x200000ae   Data           5  functions.o(.data)
    TEMP_NUM                                 0x200000b3   Data           5  functions.o(.data)
    PCF8563_Time                             0x200000b8   Data           7  pcf8563_i2c.o(.data)
    Lang_Flag                                0x200000c0   Data           1  language.o(.data)
    Content                                  0x200000c4   Data         960  language.o(.data)
    Spark_B                                  0x2000048c   Data         120  spark_test.o(.bss)
    Spark_C                                  0x20000504   Data         120  spark_test.o(.bss)
    Save_Info                                0x2000057c   Data          12  params.o(.bss)
    Get_Info                                 0x20000588   Data          12  params.o(.bss)
    Save_Fault_Info                          0x20000594   Data          12  params.o(.bss)
    Get_Fault_Info                           0x200005a0   Data          12  params.o(.bss)
    Save_Disable_Info                        0x200005ac   Data          12  params.o(.bss)
    Get_Disable_Info                         0x200005b8   Data          12  params.o(.bss)
    ScreenData                               0x200005c4   Data         106  params.o(.bss)
    ScreenDataBuf                            0x2000062e   Data         106  params.o(.bss)
    CodeBuffer                               0x20000698   Data          20  functions.o(.bss)
    YEAR1                                    0x200006ac   Data          15  functions.o(.bss)
    HOUR1                                    0x200006bb   Data          15  functions.o(.bss)
    YEAR2                                    0x200006ca   Data          15  functions.o(.bss)
    HOUR2                                    0x200006d9   Data          15  functions.o(.bss)
    SPARKS                                   0x200006e8   Data          50  functions.o(.bss)
    Display61                                0x2000071a   Data          10  functions.o(.bss)
    __initial_sp                             0x20000b28   Data           0  stm32f10x_vector.o(STACK)



==============================================================================

Memory Map of the image

  Image Entry point : 0x08000145

  Load Region LR_1 (Base: 0x08000000, Size: 0x0000aa00, Max: 0xffffffff, ABSOLUTE, COMPRESSED[0x0000a840])

    Execution Region ER_RO (Base: 0x08000000, Size: 0x0000a574, Max: 0xffffffff, ABSOLUTE)

    Base Addr    Size         Type   Attr      Idx    E Section Name        Object

    0x08000000   0x00000130   Data   RO            8    RESET               stm32f10x_vector.o
    0x08000130   0x00000000   Code   RO         2073  * .ARM.Collect$$$$00000000  mc_w.l(entry.o)
    0x08000130   0x00000004   Code   RO         2086    .ARM.Collect$$$$00000001  mc_w.l(entry2.o)
    0x08000134   0x00000004   Code   RO         2089    .ARM.Collect$$$$00000004  mc_w.l(entry5.o)
    0x08000138   0x00000008   Code   RO         2090    .ARM.Collect$$$$00000007  mc_w.l(entry7.o)
    0x08000140   0x00000004   Code   RO         2087    .ARM.Collect$$$$00002712  mc_w.l(entry2.o)
    0x08000144   0x00000008   Code   RO            9  * .text               stm32f10x_vector.o
    0x0800014c   0x000004f8   Code   RO           13    .text               main.o
    0x08000644   0x000002a4   Code   RO          131    .text               stm32f10x_it.o
    0x080008e8   0x00000260   Code   RO          152    .text               fsmc_cpld_sram.o
    0x08000b48   0x000003c8   Code   RO          164    .text               spark_test.o
    0x08000f10   0x000000cc   Code   RO          197    .text               flash_operation.o
    0x08000fdc   0x000001c4   Code   RO          212    .text               rtc_operation.o
    0x080011a0   0x00000dbc   Code   RO          234    .text               screen.o
    0x08001f5c   0x00006120   Code   RO          246    .text               functions.o
    0x0800807c   0x00000508   Code   RO          269    .text               pcf8563_i2c.o
    0x08008584   0x00000400   Code   RO          288    .text               24c08_i2c.o
    0x08008984   0x00000074   Code   RO          313    .text               fault_test.o
    0x080089f8   0x00000074   Code   RO          325    .text               disable_test .o
    0x08008a6c   0x00000026   Code   RO         2076    .text               mc_w.l(memseta.o)
    0x08008a92   0x0000001c   Code   RO         2078    .text               mc_w.l(strcat.o)
    0x08008aae   0x00000010   Code   RO         2080    .text               mc_w.l(strlen.o)
    0x08008abe   0x0000001c   Code   RO         2082    .text               mc_w.l(strcmp.o)
    0x08008ada   0x00000012   Code   RO         2084    .text               mc_w.l(strcpy.o)
    0x08008aec   0x00000024   Code   RO         2091    .text               mc_w.l(init.o)
    0x08008b10   0x0000005c   Code   RO         2101    .text               mc_w.l(__dczerorl2.o)
    0x08008b6c   0x00000012   Code   RO          337    i.BKP_DeInit        STM32F10xR.LIB(stm32f10x_bkp.o)
    0x08008b7e   0x00000002   PAD
    0x08008b80   0x0000000c   Code   RO          456    i.FLASH_ClearFlag   STM32F10xR.LIB(stm32f10x_flash.o)
    0x08008b8c   0x00000040   Code   RO          441    i.FLASH_ErasePage   STM32F10xR.LIB(stm32f10x_flash.o)
    0x08008bcc   0x00000028   Code   RO          439    i.FLASH_GetStatus   STM32F10xR.LIB(stm32f10x_flash.o)
    0x08008bf4   0x00000010   Code   RO          438    i.FLASH_Lock        STM32F10xR.LIB(stm32f10x_flash.o)
    0x08008c04   0x00000018   Code   RO          436    i.FLASH_PrefetchBufferCmd  STM32F10xR.LIB(stm32f10x_flash.o)
    0x08008c1c   0x00000038   Code   RO          445    i.FLASH_ProgramHalfWord  STM32F10xR.LIB(stm32f10x_flash.o)
    0x08008c54   0x00000044   Code   RO          444    i.FLASH_ProgramWord  STM32F10xR.LIB(stm32f10x_flash.o)
    0x08008c98   0x00000018   Code   RO          434    i.FLASH_SetLatency  STM32F10xR.LIB(stm32f10x_flash.o)
    0x08008cb0   0x00000018   Code   RO          437    i.FLASH_Unlock      STM32F10xR.LIB(stm32f10x_flash.o)
    0x08008cc8   0x00000028   Code   RO          440    i.FLASH_WaitForLastOperation  STM32F10xR.LIB(stm32f10x_flash.o)
    0x08008cf0   0x00000020   Code   RO          592    i.FSMC_NORSRAMCmd   STM32F10xR.LIB(stm32f10x_fsmc.o)
    0x08008d10   0x000000be   Code   RO          586    i.FSMC_NORSRAMInit  STM32F10xR.LIB(stm32f10x_fsmc.o)
    0x08008dce   0x00000002   PAD
    0x08008dd0   0x000000a0   Code   RO          708    i.GPIO_Init         STM32F10xR.LIB(stm32f10x_gpio.o)
    0x08008e70   0x0000000e   Code   RO          710    i.GPIO_ReadInputDataBit  STM32F10xR.LIB(stm32f10x_gpio.o)
    0x08008e7e   0x00000004   Code   RO          715    i.GPIO_ResetBits    STM32F10xR.LIB(stm32f10x_gpio.o)
    0x08008e82   0x00000004   Code   RO          714    i.GPIO_SetBits      STM32F10xR.LIB(stm32f10x_gpio.o)
    0x08008e86   0x00000074   Code   RO          820    i.NVIC_Init         STM32F10xR.LIB(stm32f10x_nvic.o)
    0x08008efa   0x00000002   PAD
    0x08008efc   0x00000014   Code   RO          819    i.NVIC_PriorityGroupConfig  STM32F10xR.LIB(stm32f10x_nvic.o)
    0x08008f10   0x00000014   Code   RO          835    i.NVIC_SetVectorTable  STM32F10xR.LIB(stm32f10x_nvic.o)
    0x08008f24   0x0000000c   Code   RO         1007    i.PWR_BackupAccessCmd  STM32F10xR.LIB(stm32f10x_pwr.o)
    0x08008f30   0x00000018   Code   RO         1090    i.RCC_AHBPeriphClockCmd  STM32F10xR.LIB(stm32f10x_rcc.o)
    0x08008f48   0x00000018   Code   RO         1092    i.RCC_APB1PeriphClockCmd  STM32F10xR.LIB(stm32f10x_rcc.o)
    0x08008f60   0x00000018   Code   RO         1094    i.RCC_APB1PeriphResetCmd  STM32F10xR.LIB(stm32f10x_rcc.o)
    0x08008f78   0x00000018   Code   RO         1091    i.RCC_APB2PeriphClockCmd  STM32F10xR.LIB(stm32f10x_rcc.o)
    0x08008f90   0x00000018   Code   RO         1093    i.RCC_APB2PeriphResetCmd  STM32F10xR.LIB(stm32f10x_rcc.o)
    0x08008fa8   0x0000000c   Code   RO         1095    i.RCC_BackupResetCmd  STM32F10xR.LIB(stm32f10x_rcc.o)
    0x08008fb4   0x0000000c   Code   RO         1100    i.RCC_ClearITPendingBit  STM32F10xR.LIB(stm32f10x_rcc.o)
    0x08008fc0   0x0000003c   Code   RO         1069    i.RCC_DeInit        STM32F10xR.LIB(stm32f10x_rcc.o)
    0x08008ffc   0x00000094   Code   RO         1089    i.RCC_GetClocksFreq  STM32F10xR.LIB(stm32f10x_rcc.o)
    0x08009090   0x00000030   Code   RO         1071    i.RCC_GetFlagStatus  STM32F10xR.LIB(stm32f10x_rcc.o)
    0x080090c0   0x00000014   Code   RO         1099    i.RCC_GetITStatus   STM32F10xR.LIB(stm32f10x_rcc.o)
    0x080090d4   0x00000010   Code   RO         1078    i.RCC_GetSYSCLKSource  STM32F10xR.LIB(stm32f10x_rcc.o)
    0x080090e4   0x00000014   Code   RO         1079    i.RCC_HCLKConfig    STM32F10xR.LIB(stm32f10x_rcc.o)
    0x080090f8   0x00000034   Code   RO         1070    i.RCC_HSEConfig     STM32F10xR.LIB(stm32f10x_rcc.o)
    0x0800912c   0x00000018   Code   RO         1082    i.RCC_ITConfig      STM32F10xR.LIB(stm32f10x_rcc.o)
    0x08009144   0x00000020   Code   RO         1085    i.RCC_LSEConfig     STM32F10xR.LIB(stm32f10x_rcc.o)
    0x08009164   0x00000014   Code   RO         1080    i.RCC_PCLK1Config   STM32F10xR.LIB(stm32f10x_rcc.o)
    0x08009178   0x00000014   Code   RO         1081    i.RCC_PCLK2Config   STM32F10xR.LIB(stm32f10x_rcc.o)
    0x0800918c   0x0000000c   Code   RO         1076    i.RCC_PLLCmd        STM32F10xR.LIB(stm32f10x_rcc.o)
    0x08009198   0x00000014   Code   RO         1075    i.RCC_PLLConfig     STM32F10xR.LIB(stm32f10x_rcc.o)
    0x080091ac   0x0000000c   Code   RO         1088    i.RCC_RTCCLKCmd     STM32F10xR.LIB(stm32f10x_rcc.o)
    0x080091b8   0x00000010   Code   RO         1087    i.RCC_RTCCLKConfig  STM32F10xR.LIB(stm32f10x_rcc.o)
    0x080091c8   0x00000014   Code   RO         1077    i.RCC_SYSCLKConfig  STM32F10xR.LIB(stm32f10x_rcc.o)
    0x080091dc   0x00000034   Code   RO         1072    i.RCC_WaitForHSEStartUp  STM32F10xR.LIB(stm32f10x_rcc.o)
    0x08009210   0x00000010   Code   RO         1283    i.RTC_ClearITPendingBit  STM32F10xR.LIB(stm32f10x_rtc.o)
    0x08009220   0x00000010   Code   RO         1271    i.RTC_EnterConfigMode  STM32F10xR.LIB(stm32f10x_rtc.o)
    0x08009230   0x00000010   Code   RO         1272    i.RTC_ExitConfigMode  STM32F10xR.LIB(stm32f10x_rtc.o)
    0x08009240   0x0000001c   Code   RO         1282    i.RTC_GetITStatus   STM32F10xR.LIB(stm32f10x_rtc.o)
    0x0800925c   0x0000001c   Code   RO         1270    i.RTC_ITConfig      STM32F10xR.LIB(stm32f10x_rtc.o)
    0x08009278   0x00000020   Code   RO         1275    i.RTC_SetPrescaler  STM32F10xR.LIB(stm32f10x_rtc.o)
    0x08009298   0x00000014   Code   RO         1278    i.RTC_WaitForLastTask  STM32F10xR.LIB(stm32f10x_rtc.o)
    0x080092ac   0x00000020   Code   RO         1279    i.RTC_WaitForSynchro  STM32F10xR.LIB(stm32f10x_rtc.o)
    0x080092cc   0x00000016   Code   RO         1402    i.TIM_ARRPreloadConfig  STM32F10xR.LIB(stm32f10x_tim.o)
    0x080092e2   0x00000006   Code   RO         1449    i.TIM_ClearFlag     STM32F10xR.LIB(stm32f10x_tim.o)
    0x080092e8   0x00000006   Code   RO         1451    i.TIM_ClearITPendingBit  STM32F10xR.LIB(stm32f10x_tim.o)
    0x080092ee   0x00000016   Code   RO         1382    i.TIM_Cmd           STM32F10xR.LIB(stm32f10x_tim.o)
    0x08009304   0x000000b4   Code   RO         1364    i.TIM_DeInit        STM32F10xR.LIB(stm32f10x_tim.o)
    0x080093b8   0x00000018   Code   RO         1450    i.TIM_GetITStatus   STM32F10xR.LIB(stm32f10x_tim.o)
    0x080093d0   0x00000010   Code   RO         1384    i.TIM_ITConfig      STM32F10xR.LIB(stm32f10x_tim.o)
    0x080093e0   0x0000000a   Code   RO         1388    i.TIM_InternalClockConfig  STM32F10xR.LIB(stm32f10x_tim.o)
    0x080093ea   0x00000002   PAD
    0x080093ec   0x0000003c   Code   RO         1365    i.TIM_TimeBaseInit  STM32F10xR.LIB(stm32f10x_tim.o)
    0x08009428   0x0000000c   Code   RO         1928    i.USART_ClearITPendingBit  STM32F10xR.LIB(stm32f10x_usart.o)
    0x08009434   0x0000001e   Code   RO         1905    i.USART_ClockInit   STM32F10xR.LIB(stm32f10x_usart.o)
    0x08009452   0x00000014   Code   RO         1907    i.USART_Cmd         STM32F10xR.LIB(stm32f10x_usart.o)
    0x08009466   0x0000000e   Code   RO         1925    i.USART_GetFlagStatus  STM32F10xR.LIB(stm32f10x_usart.o)
    0x08009474   0x0000003e   Code   RO         1927    i.USART_GetITStatus  STM32F10xR.LIB(stm32f10x_usart.o)
    0x080094b2   0x00000030   Code   RO         1908    i.USART_ITConfig    STM32F10xR.LIB(stm32f10x_usart.o)
    0x080094e2   0x00000002   PAD
    0x080094e4   0x00000088   Code   RO         1903    i.USART_Init        STM32F10xR.LIB(stm32f10x_usart.o)
    0x0800956c   0x00000008   Code   RO         1916    i.USART_ReceiveData  STM32F10xR.LIB(stm32f10x_usart.o)
    0x08009574   0x00000008   Code   RO         1915    i.USART_SendData    STM32F10xR.LIB(stm32f10x_usart.o)
    0x0800957c   0x0000000e   Code   RO         2095    i.__scatterload_copy  mc_w.l(handlers.o)
    0x0800958a   0x00000002   Code   RO         2096    i.__scatterload_null  mc_w.l(handlers.o)
    0x0800958c   0x0000000e   Code   RO         2097    i.__scatterload_zeroinit  mc_w.l(handlers.o)
    0x0800959a   0x00000014   Data   RO         1102    .constdata          STM32F10xR.LIB(stm32f10x_rcc.o)
    0x080095ae   0x00000fa6   Data   RO          300    .conststring        language.o
    0x0800a554   0x00000020   Data   RO         2093    Region$$Table       anon$$obj.o


    Execution Region ER_RW (Base: 0x20000000, Size: 0x0000048c, Max: 0xffffffff, ABSOLUTE, COMPRESSED[0x000002cc])

    Base Addr    Size         Type   Attr      Idx    E Section Name        Object

    0x20000000   0x00000016   Data   RW           15    .data               main.o
    0x20000016   0x00000001   Data   RW          132    .data               stm32f10x_it.o
    0x20000017   0x00000001   PAD
    0x20000018   0x00000010   Data   RW          166    .data               spark_test.o
    0x20000028   0x0000002d   Data   RW          184    .data               params.o
    0x20000055   0x00000001   Data   RW          198    .data               flash_operation.o
    0x20000056   0x00000007   Data   RW          213    .data               rtc_operation.o
    0x2000005d   0x00000003   PAD
    0x20000060   0x00000058   Data   RW          248    .data               functions.o
    0x200000b8   0x00000007   Data   RW          270    .data               pcf8563_i2c.o
    0x200000bf   0x00000001   PAD
    0x200000c0   0x000003c4   Data   RW          301    .data               language.o
    0x20000484   0x00000008   Data   RW         1101    .data               STM32F10xR.LIB(stm32f10x_rcc.o)


    Execution Region ER_ZI (Base: 0x2000048c, Size: 0x0000069c, Max: 0xffffffff, ABSOLUTE)

    Base Addr    Size         Type   Attr      Idx    E Section Name        Object

    0x2000048c   0x000000f0   Zero   RW          165    .bss                spark_test.o
    0x2000057c   0x0000011c   Zero   RW          183    .bss                params.o
    0x20000698   0x0000008c   Zero   RW          247    .bss                functions.o
    0x20000724   0x00000004   PAD
    0x20000728   0x00000400   Zero   RW            6    STACK               stm32f10x_vector.o


==============================================================================

Image component sizes


      Code (inc. data)   RO Data    RW Data    ZI Data      Debug   Object Name

      1024          6          0          0          0       3988   24c08_i2c.o
         0          0          0          0          0         32   cortexm3_macro.o
       116         12          0          0          0       1086   disable_test .o
       116         12          0          0          0       1066   fault_test.o
       204          8          0          1          0       1942   flash_operation.o
       608         16          0          0          0       2813   fsmc_cpld_sram.o
     24864       1360          0         88        140      15861   functions.o
         0          0       4006        964          0        496   language.o
      1272         74          0         22          0      65217   main.o
         0          0          0         45        284       2532   params.o
      1288         14          0          7          0       3149   pcf8563_i2c.o
       452         14          0          7          0       1689   rtc_operation.o
      3516          6          0          0          0      18125   screen.o
       968         82          0         16        240       2531   spark_test.o
       676         50          0          1          0      10082   stm32f10x_it.o
         8          4        304          0       1024        296   stm32f10x_vector.o

    ----------------------------------------------------------------------
     35112       1658       4342       1156       1692     130905   Object Totals
         0          0         32          0          0          0   (incl. Generated)
         0          0          0          5          4          2   (incl. Padding)

    ----------------------------------------------------------------------

      Code (inc. data)   RO Data    RW Data    ZI Data      Debug   Library Member Name

        18          0          0          0          0      24185   stm32f10x_bkp.o
       368         54          0          0          0      10644   stm32f10x_flash.o
       222          4          0          0          0       9729   stm32f10x_fsmc.o
       182          0          0          0          0       9428   stm32f10x_gpio.o
       156         18          0          0          0       9609   stm32f10x_nvic.o
        12          6          0          0          0        434   stm32f10x_pwr.o
       736        152         20          8          0      13833   stm32f10x_rcc.o
       188         42          0          0          0       3724   stm32f10x_rtc.o
       346         18          0          0          0      29092   stm32f10x_tim.o
       338          6          0          0          0      12673   stm32f10x_usart.o
        92          0          0          0          0          0   __dczerorl2.o
         0          0          0          0          0          0   entry.o
         8          4          0          0          0          0   entry2.o
         4          0          0          0          0          0   entry5.o
         8          4          0          0          0          0   entry7.o
        30          0          0          0          0          0   handlers.o
        36          8          0          0          0         68   init.o
        38          0          0          0          0        108   memseta.o
        28          0          0          0          0         68   strcat.o
        28          0          0          0          0         76   strcmp.o
        18          0          0          0          0         68   strcpy.o
        16          0          0          0          0         68   strlen.o

    ----------------------------------------------------------------------
      2882        316         20          8          0     123807   Library Totals
        10          0          0          0          0          0   (incl. Padding)

    ----------------------------------------------------------------------

      Code (inc. data)   RO Data    RW Data    ZI Data      Debug   Library Name

      2566        300         20          8          0     123351   STM32F10xR.LIB
       306         16          0          0          0        456   mc_w.l

    ----------------------------------------------------------------------
      2882        316         20          8          0     123807   Library Totals

    ----------------------------------------------------------------------

==============================================================================


      Code (inc. data)   RO Data    RW Data    ZI Data      Debug   

     37994       1974       4362       1164       1692     250580   Grand Totals
     37994       1974       4362        716       1692     250580   ELF Image Totals (compressed)
     37994       1974       4362        716          0          0   ROM Totals

==============================================================================

    Total RO  Size (Code + RO Data)                42356 (  41.36kB)
    Total RW  Size (RW Data + ZI Data)              2856 (   2.79kB)
    Total ROM Size (Code + RO Data + RW Data)      43072 (  42.06kB)

==============================================================================

