<html>
<body>
<pre>
<h1>µVision Build Log</h1>
<h2>Project:</h2>
E:\GITHUB\spark\»ð»¨Ï¨ÃðSTM32_gitbub°æ\Huohuaarm.uvproj
Project File Date:  04/06/2017

<h2>Output:</h2>
compiling Functions.c...
User\extern_variables.h(61): warning:  #1295-D: Deprecated declaration Get_Cur_Time - give arg types
User\extern_variables.h(62): warning:  #1295-D: Deprecated declaration RTC_Configuration - give arg types
User\extern_variables.h(119): warning:  #1295-D: Deprecated declaration ScreenDataRecv_Process - give arg types
User\Functions.c(30): warning:  #1295-D: Deprecated declaration TextProcess - give arg types
User\Functions.c(31): warning:  #1295-D: Deprecated declaration ButtonProcess - give arg types
User\Functions.c(32): warning:  #1295-D: Deprecated declaration itoa - give arg types
User\Functions.c(33): warning:  #1295-D: Deprecated declaration itoaD - give arg types
User\Functions.c(34): warning:  #1295-D: Deprecated declaration itoaT - give arg types
User\Functions.c(35): warning:  #1295-D: Deprecated declaration itoaF - give arg types
User\Functions.c(36): warning:  #1295-D: Deprecated declaration Alarm_Display_A - give arg types
User\Functions.c(37): warning:  #1295-D: Deprecated declaration Alarm_Display_B - give arg types
User\Functions.c(38): warning:  #1295-D: Deprecated declaration Alarm_End_Display_A - give arg types
User\Functions.c(39): warning:  #1295-D: Deprecated declaration Alarm_End_Display_B - give arg types
User\Functions.c(40): warning:  #1295-D: Deprecated declaration Fault_Display_A - give arg types
User\Functions.c(41): warning:  #1295-D: Deprecated declaration Disable_Display_A - give arg types
User\Functions.c(101): warning:  #223-D: function "_24C08_I2C_ByteRead" declared implicitly
User\Functions.c(102): warning:  #223-D: function "Delay_ms" declared implicitly
User\Functions.c(103): warning:  #223-D: function "_24C08_I2C_BufferRead" declared implicitly
User\Functions.c(106): warning:  #223-D: function "WriteLayer" declared implicitly
User\Functions.c(112): warning:  #223-D: function "SetFcolor" declared implicitly
User\Functions.c(113): warning:  #223-D: function "GUI_RectangleFill" declared implicitly
User\Functions.c(116): warning:  #223-D: function "DisText" declared implicitly
User\Functions.c(130): warning:  #223-D: function "SetFcolor" declared implicitly
User\Functions.c(131): warning:  #223-D: function "GUI_RectangleFill" declared implicitly
User\Functions.c(134): warning:  #223-D: function "DisText" declared implicitly
User\Functions.c(141): warning:  #223-D: function "SetFcolor" declared implicitly
User\Functions.c(142): warning:  #223-D: function "GUI_RectangleFill" declared implicitly
User\Functions.c(149): warning:  #223-D: function "DisText" declared implicitly
User\Functions.c(150): warning:  #223-D: function "DisArea_Image" declared implicitly
User\Functions.c(166): warning:  #223-D: function "DisplyLayer" declared implicitly
User\Functions.c(167): warning:  #223-D: function "CopyLayer" declared implicitly
User\Functions.c(175): warning:  #186-D: pointless comparison of unsigned integer with zero
User\Functions.c(179): warning:  #223-D: function "RTC_Display" declared implicitly
User\Functions.c(180): warning:  #223-D: function "SetFcolor" declared implicitly
User\Functions.c(181): warning:  #223-D: function "GUI_RectangleFill" declared implicitly
User\Functions.c(183): warning:  #223-D: function "DisText" declared implicitly
User\Functions.c(187): warning:  #223-D: function "SetFcolor" declared implicitly
User\Functions.c(188): warning:  #223-D: function "GUI_RectangleFill" declared implicitly
User\Functions.c(190): warning:  #223-D: function "DisText" declared implicitly
User\Functions.c(198): warning:  #186-D: pointless comparison of unsigned integer with zero
User\Functions.c(198): warning:  #186-D: pointless comparison of unsigned integer with zero
User\Functions.c(198): warning:  #186-D: pointless comparison of unsigned integer with zero
User\Functions.c(203): warning:  #223-D: function "RTC_Display" declared implicitly
User\Functions.c(204): warning:  #223-D: function "SetFcolor" declared implicitly
User\Functions.c(205): warning:  #223-D: function "GUI_RectangleFill" declared implicitly
User\Functions.c(207): warning:  #223-D: function "DisText" declared implicitly
User\Functions.c(211): warning:  #223-D: function "SetFcolor" declared implicitly
User\Functions.c(212): warning:  #223-D: function "GUI_RectangleFill" declared implicitly
User\Functions.c(214): warning:  #223-D: function "DisText" declared implicitly
User\Functions.c(222): warning:  #223-D: function "_24C08_I2C_ByteRead" declared implicitly
User\Functions.c(223): warning:  #223-D: function "Delay_ms" declared implicitly
User\Functions.c(224): warning:  #223-D: function "_24C08_I2C_BufferRead" declared implicitly
User\Functions.c(228): warning:  #223-D: function "SetFcolor" declared implicitly
User\Functions.c(229): warning:  #223-D: function "GUI_RectangleFill" declared implicitly
User\Functions.c(232): warning:  #223-D: function "DisText" declared implicitly
User\Functions.c(239): warning:  #223-D: function "SetFcolor" declared implicitly
User\Functions.c(240): warning:  #223-D: function "GUI_RectangleFill" declared implicitly
User\Functions.c(243): warning:  #223-D: function "DisText" declared implicitly
User\Functions.c(248): warning:  #167-D: argument of type "u8 *" is incompatible with parameter of type "char *restrict"
User\Functions.c(249): warning:  #223-D: function "SetFcolor" declared implicitly
User\Functions.c(250): warning:  #223-D: function "GUI_RectangleFill" declared implicitly
User\Functions.c(253): warning:  #223-D: function "DisText" declared implicitly
User\Functions.c(261): warning:  #167-D: argument of type "u8 *" is incompatible with parameter of type "const char *"
User\Functions.c(262): warning:  #223-D: function "_24C08_I2C_ByteWrite" declared implicitly
User\Functions.c(264): warning:  #223-D: function "_24C08_I2C_PageWrite" declared implicitly
User\Functions.c(292): warning:  #174-D: expression has no effect
User\Functions.c(299): warning:  #223-D: function "SetFcolor" declared implicitly
User\Functions.c(300): warning:  #223-D: function "GUI_RectangleFill" declared implicitly
User\Functions.c(306): warning:  #223-D: function "DisText" declared implicitly
User\Functions.c(307): warning:  #223-D: function "_24C08_I2C_HalfwordWrite" declared implicitly
User\Functions.c(82): warning:  #177-D: variable "Subtype" was declared but never referenced
User\Functions.c(83): warning:  #177-D: variable "Status" was declared but never referenced
User\Functions.c(403): warning:  #186-D: pointless comparison of unsigned integer with zero
User\Functions.c(491): warning:  #223-D: function "WriteLayer" declared implicitly
User\Functions.c(492): warning:  #223-D: function "SetFcolor" declared implicitly
User\Functions.c(493): warning:  #223-D: function "GUI_RectangleFill" declared implicitly
User\Functions.c(496): warning:  #223-D: function "DisArea_Image" declared implicitly
User\Functions.c(497): warning:  #223-D: function "DisText" declared implicitly
User\Functions.c(506): warning:  #223-D: function "GUI_Rectangle" declared implicitly
User\Functions.c(511): warning:  #223-D: function "GUI_Rectangle" declared implicitly
User\Functions.c(517): warning:  #223-D: function "DisplyLayer" declared implicitly
User\Functions.c(525): warning:  #223-D: function "Data_Get_Once" declared implicitly
User\Functions.c(585): warning:  #223-D: function "GUI_Rectangle" declared implicitly
User\Functions.c(589): warning:  #223-D: function "GUI_Rectangle" declared implicitly
User\Functions.c(614): warning:  #223-D: function "GUI_Rectangle" declared implicitly
User\Functions.c(651): warning:  #223-D: function "GUI_Rectangle" declared implicitly
User\Functions.c(655): warning:  #223-D: function "GUI_Rectangle" declared implicitly
User\Functions.c(688): warning:  #223-D: function "GUI_Rectangle" declared implicitly
User\Functions.c(692): warning:  #223-D: function "GUI_Rectangle" declared implicitly
User\Functions.c(881): warning:  #223-D: function "GUI_Rectangle" declared implicitly
User\Functions.c(882): warning:  #223-D: function "GUI_Line" declared implicitly
User\Functions.c(906): warning:  #223-D: function "_24C08_I2C_HalfwordRead" declared implicitly
User\Functions.c(933): warning:  #223-D: function "GUI_Rectangle" declared implicitly
User\Functions.c(934): warning:  #223-D: function "GUI_Line" declared implicitly
User\Functions.c(1048): warning:  #223-D: function "GUI_Rectangle" declared implicitly
User\Functions.c(1049): warning:  #223-D: function "GUI_Line" declared implicitly
User\Functions.c(1076): warning:  #223-D: function "GUI_Rectangle" declared implicitly
User\Functions.c(1077): warning:  #223-D: function "GUI_Line" declared implicitly
User\Functions.c(1099): warning:  #223-D: function "GUI_Rectangle" declared implicitly
User\Functions.c(1100): warning:  #223-D: function "GUI_Line" declared implicitly
User\Functions.c(1157): warning:  #223-D: function "GUI_Rectangle" declared implicitly
User\Functions.c(1162): warning:  #223-D: function "GUI_Rectangle" declared implicitly
User\Functions.c(1192): warning:  #223-D: function "GUI_Rectangle" declared implicitly
User\Functions.c(1230): warning:  #223-D: function "GUI_Rectangle" declared implicitly
User\Functions.c(1234): warning:  #223-D: function "GUI_Rectangle" declared implicitly
User\Functions.c(1267): warning:  #223-D: function "GUI_Rectangle" declared implicitly
User\Functions.c(1271): warning:  #223-D: function "GUI_Rectangle" declared implicitly
User\Functions.c(1325): warning:  #223-D: function "_24C08_I2C_HalfwordWrite" declared implicitly
User\Functions.c(1333): warning:  #223-D: function "GUI_CircleFill" declared implicitly
User\Functions.c(1343): warning:  #223-D: function "SetTextView" declared implicitly
User\Functions.c(1345): warning:  #223-D: function "CopyLayer" declared implicitly
User\Functions.c(1385): warning:  #223-D: function "Delay_ms" declared implicitly
User\Functions.c(1402): warning:  #223-D: function "GUI_CircleFill" declared implicitly
User\Functions.c(1403): warning:  #223-D: function "_24C08_I2C_HalfwordRead" declared implicitly
User\Functions.c(1404): warning:  #223-D: function "Data_Save_Fault" declared implicitly
User\Functions.c(1405): warning:  #223-D: function "_24C08_I2C_HalfwordWrite" declared implicitly
User\Functions.c(1407): warning:  #223-D: function "SetTextView" declared implicitly
User\Functions.c(1415): warning:  #223-D: function "GUI_CircleFill" declared implicitly
User\Functions.c(1417): warning:  #223-D: function "_24C08_I2C_HalfwordWrite" declared implicitly
User\Functions.c(1419): warning:  #223-D: function "SetTextView" declared implicitly
User\Functions.c(1422): warning:  #223-D: function "CopyLayer" declared implicitly
User\Functions.c(1494): warning:  #223-D: function "GUI_Rectangle" declared implicitly
User\Functions.c(1500): warning:  #223-D: function "GUI_Rectangle" declared implicitly
User\Functions.c(1510): warning:  #223-D: function "_24C08_I2C_HalfwordWrite" declared implicitly
User\Functions.c(1522): warning:  #223-D: function "GUI_Rectangle" declared implicitly
User\Functions.c(1530): warning:  #223-D: function "_24C08_I2C_HalfwordWrite" declared implicitly
User\Functions.c(1541): warning:  #223-D: function "GUI_Rectangle" declared implicitly
User\Functions.c(1572): warning:  #223-D: function "GUI_Rectangle" declared implicitly
User\Functions.c(1576): warning:  #223-D: function "GUI_Rectangle" declared implicitly
User\Functions.c(1587): warning:  #223-D: function "_24C08_I2C_HalfwordWrite" declared implicitly
User\Functions.c(1588): warning:  #223-D: function "SetTouchScreen" declared implicitly
User\Functions.c(1600): warning:  #223-D: function "GUI_Rectangle" declared implicitly
User\Functions.c(1608): warning:  #223-D: function "_24C08_I2C_HalfwordWrite" declared implicitly
User\Functions.c(1609): warning:  #223-D: function "SetTouchScreen" declared implicitly
User\Functions.c(1620): warning:  #223-D: function "GUI_Rectangle" declared implicitly
User\Functions.c(1673): warning:  #223-D: function "_24C08_I2C_HalfwordWrite" declared implicitly
User\Functions.c(1679): warning:  #223-D: function "GUI_CircleFill" declared implicitly
User\Functions.c(1689): warning:  #223-D: function "SetTextView" declared implicitly
User\Functions.c(1691): warning:  #223-D: function "CopyLayer" declared implicitly
User\Functions.c(1734): warning:  #223-D: function "GUI_Rectangle" declared implicitly
User\Functions.c(1740): warning:  #223-D: function "GUI_Rectangle" declared implicitly
User\Functions.c(1750): warning:  #223-D: function "_24C08_I2C_HalfwordWrite" declared implicitly
User\Functions.c(1763): warning:  #223-D: function "GUI_Rectangle" declared implicitly
User\Functions.c(1766): warning:  #223-D: function "SetTextView" declared implicitly
User\Functions.c(1774): warning:  #223-D: function "_24C08_I2C_HalfwordWrite" declared implicitly
User\Functions.c(1776): warning:  #223-D: function "Data_Save_Disable" declared implicitly
User\Functions.c(1788): warning:  #223-D: function "GUI_Rectangle" declared implicitly
User\Functions.c(1790): warning:  #223-D: function "SetTextView" declared implicitly
User\Functions.c(1810): warning:  #223-D: function "SetFcolor" declared implicitly
User\Functions.c(1811): warning:  #223-D: function "DisText" declared implicitly
User\Functions.c(1817): warning:  #223-D: function "Delay_ms" declared implicitly
User\Functions.c(1826): warning:  #223-D: function "_24C08_I2C_HalfwordRead" declared implicitly
User\Functions.c(1827): warning:  #223-D: function "Data_Save_Fault" declared implicitly
User\Functions.c(1828): warning:  #223-D: function "_24C08_I2C_HalfwordWrite" declared implicitly
User\Functions.c(1834): warning:  #223-D: function "_24C08_I2C_HalfwordRead" declared implicitly
User\Functions.c(1857): warning:  #223-D: function "_24C08_I2C_PageWrite" declared implicitly
User\Functions.c(1858): warning:  #223-D: function "_24C08_I2C_ByteWrite" declared implicitly
User\Functions.c(1860): warning:  #223-D: function "_24C08_I2C_HalfwordRead" declared implicitly
User\Functions.c(1870): warning:  #223-D: function "_24C08_I2C_HalfwordWrite" declared implicitly
User\Functions.c(1872): warning:  #223-D: function "WriteLayer" declared implicitly
User\Functions.c(1874): warning:  #223-D: function "SetFcolor" declared implicitly
User\Functions.c(1875): warning:  #223-D: function "GUI_RectangleFill" declared implicitly
User\Functions.c(1882): warning:  #223-D: function "GUI_CircleFill" declared implicitly
User\Functions.c(1887): warning:  #223-D: function "GUI_CircleFill" declared implicitly
User\Functions.c(1893): warning:  #223-D: function "GUI_CircleFill" declared implicitly
User\Functions.c(1895): warning:  #223-D: function "DisText" declared implicitly
User\Functions.c(1900): warning:  #223-D: function "GUI_CircleFill" declared implicitly
User\Functions.c(1902): warning:  #223-D: function "DisText" declared implicitly
User\Functions.c(1904): warning:  #223-D: function "DisText" declared implicitly
User\Functions.c(1908): warning:  #223-D: function "SetTextView" declared implicitly
User\Functions.c(1912): warning:  #223-D: function "DisArea_Image" declared implicitly
User\Functions.c(1915): warning:  #223-D: function "DisplyLayer" declared implicitly
User\Functions.c(1916): warning:  #223-D: function "CopyLayer" declared implicitly
User\Functions.c(1930): warning:  #223-D: function "_24C08_I2C_HalfwordRead" declared implicitly
User\Functions.c(1932): warning:  #223-D: function "WriteLayer" declared implicitly
User\Functions.c(1934): warning:  #223-D: function "SetFcolor" declared implicitly
User\Functions.c(1935): warning:  #223-D: function "GUI_RectangleFill" declared implicitly
User\Functions.c(1941): warning:  #223-D: function "GUI_CircleFill" declared implicitly
User\Functions.c(1946): warning:  #223-D: function "GUI_CircleFill" declared implicitly
User\Functions.c(1950): warning:  #223-D: function "SetTextView" declared implicitly
User\Functions.c(1952): warning:  #223-D: function "DisArea_Image" declared implicitly
User\Functions.c(1954): warning:  #223-D: function "DisText" declared implicitly
User\Functions.c(1983): warning:  #223-D: function "GUI_Rectangle" declared implicitly
User\Functions.c(1985): warning:  #223-D: function "DisplyLayer" declared implicitly
User\Functions.c(1986): warning:  #223-D: function "CopyLayer" declared implicitly
User\Functions.c(1999): warning:  #223-D: function "_24C08_I2C_HalfwordRead" declared implicitly
User\Functions.c(2001): warning:  #223-D: function "WriteLayer" declared implicitly
User\Functions.c(2003): warning:  #223-D: function "SetFcolor" declared implicitly
User\Functions.c(2004): warning:  #223-D: function "GUI_RectangleFill" declared implicitly
User\Functions.c(2009): warning:  #223-D: function "GUI_CircleFill" declared implicitly
User\Functions.c(2014): warning:  #223-D: function "GUI_CircleFill" declared implicitly
User\Functions.c(2018): warning:  #223-D: function "SetTextView" declared implicitly
User\Functions.c(2020): warning:  #223-D: function "DisArea_Image" declared implicitly
User\Functions.c(2022): warning:  #223-D: function "DisText" declared implicitly
User\Functions.c(2059): warning:  #223-D: function "GUI_Rectangle" declared implicitly
User\Functions.c(2061): warning:  #223-D: function "DisplyLayer" declared implicitly
User\Functions.c(2062): warning:  #223-D: function "CopyLayer" declared implicitly
User\Functions.c(2074): warning:  #223-D: function "Data_Get_Once_Fault" declared implicitly
User\Functions.c(2083): warning:  #223-D: function "SetFcolor" declared implicitly
User\Functions.c(2084): warning:  #223-D: function "GUI_RectangleFill" declared implicitly
User\Functions.c(2086): warning:  #223-D: function "DisText" declared implicitly
User\Functions.c(2115): warning:  #223-D: function "Data_Get_Once_Disable" declared implicitly
User\Functions.c(2124): warning:  #223-D: function "SetFcolor" declared implicitly
User\Functions.c(2125): warning:  #223-D: function "GUI_RectangleFill" declared implicitly
User\Functions.c(2127): warning:  #223-D: function "DisText" declared implicitly
User\Functions.c(2156): warning:  #223-D: function "Data_Get_Once" declared implicitly
User\Functions.c(2165): warning:  #223-D: function "SetFcolor" declared implicitly
User\Functions.c(2166): warning:  #223-D: function "GUI_RectangleFill" declared implicitly
User\Functions.c(2168): warning:  #223-D: function "DisText" declared implicitly
User\Functions.c(2203): warning:  #223-D: function "Data_Get_Once" declared implicitly
User\Functions.c(2212): warning:  #223-D: function "SetFcolor" declared implicitly
User\Functions.c(2213): warning:  #223-D: function "GUI_RectangleFill" declared implicitly
User\Functions.c(2215): warning:  #223-D: function "DisText" declared implicitly
User\Functions.c(2251): warning:  #223-D: function "Data_Get_Once" declared implicitly
User\Functions.c(2260): warning:  #223-D: function "SetFcolor" declared implicitly
User\Functions.c(2261): warning:  #223-D: function "GUI_RectangleFill" declared implicitly
User\Functions.c(2263): warning:  #223-D: function "DisText" declared implicitly
User\Functions.c(2268): warning:  #223-D: function "Data_End_Get_Once" declared implicitly
User\Functions.c(2300): warning:  #223-D: function "Data_Get_Once" declared implicitly
User\Functions.c(2309): warning:  #223-D: function "SetFcolor" declared implicitly
User\Functions.c(2310): warning:  #223-D: function "GUI_RectangleFill" declared implicitly
User\Functions.c(2312): warning:  #223-D: function "DisText" declared implicitly
User\Functions.c(2317): warning:  #223-D: function "Data_End_Get_Once" declared implicitly
User\Functions.c - 0 Error(s), 223 Warning(s).
Build target 'Target 1'
compiling main.c...
User\extern_variables.h(61): warning:  #1295-D: Deprecated declaration Get_Cur_Time - give arg types
User\extern_variables.h(62): warning:  #1295-D: Deprecated declaration RTC_Configuration - give arg types
User\extern_variables.h(119): warning:  #1295-D: Deprecated declaration ScreenDataRecv_Process - give arg types
User\Screen.h(30): warning:  #1295-D: Deprecated declaration SendBeginCMD - give arg types
User\Screen.h(38): warning:  #1295-D: Deprecated declaration SendEndCmd - give arg types
User\Screen.h(81): warning:  #1295-D: Deprecated declaration GUI_CleanScreen - give arg types
User\Screen.h(361): warning:  #1295-D: Deprecated declaration SetTouchScreen_Adj - give arg types
User\Screen.h(369): warning:  #1295-D: Deprecated declaration TestTouchScreen - give arg types
User\main.c(28): warning:  #1295-D: Deprecated declaration RTC_Display - give arg types
User\main.c(77): warning:  #223-D: function "PCF8563_I2C_Init" declared implicitly
User\main.c(80): warning:  #223-D: function "_24C08_I2C_Init" declared implicitly
User\main.c(88): warning:  #223-D: function "Power_on_Init" declared implicitly
User\main.c(89): warning:  #223-D: function "_24C08_I2C_HalfwordWrite" declared implicitly
User\main.c(91): warning:  #223-D: function "Power_on_self_Test" declared implicitly
User\main.c(115): warning:  #223-D: function "ScreenInit" declared implicitly
User\main.c(123): warning:  #223-D: function "Screen_update" declared implicitly
User\main.c(167): warning:  #177-D: variable "EXTI_InitStructure" was declared but never referenced
User\main.c(168): warning:  #177-D: variable "HSEStartUpStatus" was declared but never referenced
User\main.c(524): warning:  #223-D: function "itoa" declared implicitly
User\main.c(525): warning:  #223-D: function "itoaD" declared implicitly
User\main.c(540): warning:  #223-D: function "itoa" declared implicitly
User\main.c(541): warning:  #223-D: function "itoaD" declared implicitly
User\main.c(546): warning:  #223-D: function "itoaD" declared implicitly
linking...
Program Size: Code=40254 RO-data=4410 RW-data=1168 ZI-data=1912  
FromELF: creating hex file...
"Huohuaarm.axf" - 0 Error(s), 23 Warning(s).
compiling Functions.c...
User\extern_variables.h(61): warning:  #1295-D: Deprecated declaration Get_Cur_Time - give arg types
User\extern_variables.h(62): warning:  #1295-D: Deprecated declaration RTC_Configuration - give arg types
User\extern_variables.h(119): warning:  #1295-D: Deprecated declaration ScreenDataRecv_Process - give arg types
User\Functions.c(30): warning:  #1295-D: Deprecated declaration TextProcess - give arg types
User\Functions.c(31): warning:  #1295-D: Deprecated declaration ButtonProcess - give arg types
User\Functions.c(32): warning:  #1295-D: Deprecated declaration itoa - give arg types
User\Functions.c(33): warning:  #1295-D: Deprecated declaration itoaD - give arg types
User\Functions.c(34): warning:  #1295-D: Deprecated declaration itoaT - give arg types
User\Functions.c(35): warning:  #1295-D: Deprecated declaration itoaF - give arg types
User\Functions.c(36): warning:  #1295-D: Deprecated declaration Alarm_Display_A - give arg types
User\Functions.c(37): warning:  #1295-D: Deprecated declaration Alarm_Display_B - give arg types
User\Functions.c(38): warning:  #1295-D: Deprecated declaration Alarm_End_Display_A - give arg types
User\Functions.c(39): warning:  #1295-D: Deprecated declaration Alarm_End_Display_B - give arg types
User\Functions.c(40): warning:  #1295-D: Deprecated declaration Fault_Display_A - give arg types
User\Functions.c(41): warning:  #1295-D: Deprecated declaration Disable_Display_A - give arg types
User\Functions.c(101): warning:  #223-D: function "_24C08_I2C_ByteRead" declared implicitly
User\Functions.c(102): warning:  #223-D: function "Delay_ms" declared implicitly
User\Functions.c(103): warning:  #223-D: function "_24C08_I2C_BufferRead" declared implicitly
User\Functions.c(106): warning:  #223-D: function "WriteLayer" declared implicitly
User\Functions.c(112): warning:  #223-D: function "SetFcolor" declared implicitly
User\Functions.c(113): warning:  #223-D: function "GUI_RectangleFill" declared implicitly
User\Functions.c(116): warning:  #223-D: function "DisText" declared implicitly
User\Functions.c(130): warning:  #223-D: function "SetFcolor" declared implicitly
User\Functions.c(131): warning:  #223-D: function "GUI_RectangleFill" declared implicitly
User\Functions.c(134): warning:  #223-D: function "DisText" declared implicitly
User\Functions.c(141): warning:  #223-D: function "SetFcolor" declared implicitly
User\Functions.c(142): warning:  #223-D: function "GUI_RectangleFill" declared implicitly
User\Functions.c(149): warning:  #223-D: function "DisText" declared implicitly
User\Functions.c(150): warning:  #223-D: function "DisArea_Image" declared implicitly
User\Functions.c(166): warning:  #223-D: function "DisplyLayer" declared implicitly
User\Functions.c(167): warning:  #223-D: function "CopyLayer" declared implicitly
User\Functions.c(175): warning:  #186-D: pointless comparison of unsigned integer with zero
User\Functions.c(179): warning:  #223-D: function "RTC_Display" declared implicitly
User\Functions.c(180): warning:  #223-D: function "SetFcolor" declared implicitly
User\Functions.c(181): warning:  #223-D: function "GUI_RectangleFill" declared implicitly
User\Functions.c(183): warning:  #223-D: function "DisText" declared implicitly
User\Functions.c(187): warning:  #223-D: function "SetFcolor" declared implicitly
User\Functions.c(188): warning:  #223-D: function "GUI_RectangleFill" declared implicitly
User\Functions.c(190): warning:  #223-D: function "DisText" declared implicitly
User\Functions.c(198): warning:  #186-D: pointless comparison of unsigned integer with zero
User\Functions.c(198): warning:  #186-D: pointless comparison of unsigned integer with zero
User\Functions.c(198): warning:  #186-D: pointless comparison of unsigned integer with zero
User\Functions.c(203): warning:  #223-D: function "RTC_Display" declared implicitly
User\Functions.c(204): warning:  #223-D: function "SetFcolor" declared implicitly
User\Functions.c(205): warning:  #223-D: function "GUI_RectangleFill" declared implicitly
User\Functions.c(207): warning:  #223-D: function "DisText" declared implicitly
User\Functions.c(211): warning:  #223-D: function "SetFcolor" declared implicitly
User\Functions.c(212): warning:  #223-D: function "GUI_RectangleFill" declared implicitly
User\Functions.c(214): warning:  #223-D: function "DisText" declared implicitly
User\Functions.c(222): warning:  #223-D: function "_24C08_I2C_ByteRead" declared implicitly
User\Functions.c(223): warning:  #223-D: function "Delay_ms" declared implicitly
User\Functions.c(224): warning:  #223-D: function "_24C08_I2C_BufferRead" declared implicitly
User\Functions.c(228): warning:  #223-D: function "SetFcolor" declared implicitly
User\Functions.c(229): warning:  #223-D: function "GUI_RectangleFill" declared implicitly
User\Functions.c(232): warning:  #223-D: function "DisText" declared implicitly
User\Functions.c(239): warning:  #223-D: function "SetFcolor" declared implicitly
User\Functions.c(240): warning:  #223-D: function "GUI_RectangleFill" declared implicitly
User\Functions.c(243): warning:  #223-D: function "DisText" declared implicitly
User\Functions.c(248): warning:  #167-D: argument of type "u8 *" is incompatible with parameter of type "char *restrict"
User\Functions.c(249): warning:  #223-D: function "SetFcolor" declared implicitly
User\Functions.c(250): warning:  #223-D: function "GUI_RectangleFill" declared implicitly
User\Functions.c(253): warning:  #223-D: function "DisText" declared implicitly
User\Functions.c(261): warning:  #167-D: argument of type "u8 *" is incompatible with parameter of type "const char *"
User\Functions.c(262): warning:  #223-D: function "_24C08_I2C_ByteWrite" declared implicitly
User\Functions.c(264): warning:  #223-D: function "_24C08_I2C_PageWrite" declared implicitly
User\Functions.c(292): warning:  #174-D: expression has no effect
User\Functions.c(299): warning:  #223-D: function "SetFcolor" declared implicitly
User\Functions.c(300): warning:  #223-D: function "GUI_RectangleFill" declared implicitly
User\Functions.c(306): warning:  #223-D: function "DisText" declared implicitly
User\Functions.c(307): warning:  #223-D: function "_24C08_I2C_HalfwordWrite" declared implicitly
User\Functions.c(82): warning:  #177-D: variable "Subtype" was declared but never referenced
User\Functions.c(83): warning:  #177-D: variable "Status" was declared but never referenced
User\Functions.c(403): warning:  #186-D: pointless comparison of unsigned integer with zero
User\Functions.c(491): warning:  #223-D: function "WriteLayer" declared implicitly
User\Functions.c(492): warning:  #223-D: function "SetFcolor" declared implicitly
User\Functions.c(493): warning:  #223-D: function "GUI_RectangleFill" declared implicitly
User\Functions.c(496): warning:  #223-D: function "DisArea_Image" declared implicitly
User\Functions.c(497): warning:  #223-D: function "DisText" declared implicitly
User\Functions.c(506): warning:  #223-D: function "GUI_Rectangle" declared implicitly
User\Functions.c(511): warning:  #223-D: function "GUI_Rectangle" declared implicitly
User\Functions.c(517): warning:  #223-D: function "DisplyLayer" declared implicitly
User\Functions.c(525): warning:  #223-D: function "Data_Get_Once" declared implicitly
User\Functions.c(585): warning:  #223-D: function "GUI_Rectangle" declared implicitly
User\Functions.c(589): warning:  #223-D: function "GUI_Rectangle" declared implicitly
User\Functions.c(614): warning:  #223-D: function "GUI_Rectangle" declared implicitly
User\Functions.c(651): warning:  #223-D: function "GUI_Rectangle" declared implicitly
User\Functions.c(655): warning:  #223-D: function "GUI_Rectangle" declared implicitly
User\Functions.c(688): warning:  #223-D: function "GUI_Rectangle" declared implicitly
User\Functions.c(692): warning:  #223-D: function "GUI_Rectangle" declared implicitly
User\Functions.c(881): warning:  #223-D: function "GUI_Rectangle" declared implicitly
User\Functions.c(882): warning:  #223-D: function "GUI_Line" declared implicitly
User\Functions.c(906): warning:  #223-D: function "_24C08_I2C_HalfwordRead" declared implicitly
User\Functions.c(933): warning:  #223-D: function "GUI_Rectangle" declared implicitly
User\Functions.c(934): warning:  #223-D: function "GUI_Line" declared implicitly
User\Functions.c(1048): warning:  #223-D: function "GUI_Rectangle" declared implicitly
User\Functions.c(1049): warning:  #223-D: function "GUI_Line" declared implicitly
User\Functions.c(1076): warning:  #223-D: function "GUI_Rectangle" declared implicitly
User\Functions.c(1077): warning:  #223-D: function "GUI_Line" declared implicitly
User\Functions.c(1099): warning:  #223-D: function "GUI_Rectangle" declared implicitly
User\Functions.c(1100): warning:  #223-D: function "GUI_Line" declared implicitly
User\Functions.c(1157): warning:  #223-D: function "GUI_Rectangle" declared implicitly
User\Functions.c(1162): warning:  #223-D: function "GUI_Rectangle" declared implicitly
User\Functions.c(1192): warning:  #223-D: function "GUI_Rectangle" declared implicitly
User\Functions.c(1230): warning:  #223-D: function "GUI_Rectangle" declared implicitly
User\Functions.c(1234): warning:  #223-D: function "GUI_Rectangle" declared implicitly
User\Functions.c(1267): warning:  #223-D: function "GUI_Rectangle" declared implicitly
User\Functions.c(1271): warning:  #223-D: function "GUI_Rectangle" declared implicitly
User\Functions.c(1325): warning:  #223-D: function "_24C08_I2C_HalfwordWrite" declared implicitly
User\Functions.c(1333): warning:  #223-D: function "GUI_CircleFill" declared implicitly
User\Functions.c(1343): warning:  #223-D: function "SetTextView" declared implicitly
User\Functions.c(1345): warning:  #223-D: function "CopyLayer" declared implicitly
User\Functions.c(1387): warning:  #223-D: function "Delay_ms" declared implicitly
User\Functions.c(1404): warning:  #223-D: function "GUI_CircleFill" declared implicitly
User\Functions.c(1405): warning:  #223-D: function "_24C08_I2C_HalfwordRead" declared implicitly
User\Functions.c(1406): warning:  #223-D: function "Data_Save_Fault" declared implicitly
User\Functions.c(1407): warning:  #223-D: function "_24C08_I2C_HalfwordWrite" declared implicitly
User\Functions.c(1409): warning:  #223-D: function "SetTextView" declared implicitly
User\Functions.c(1418): warning:  #223-D: function "GUI_CircleFill" declared implicitly
User\Functions.c(1420): warning:  #223-D: function "_24C08_I2C_HalfwordWrite" declared implicitly
User\Functions.c(1422): warning:  #223-D: function "SetTextView" declared implicitly
User\Functions.c(1425): warning:  #223-D: function "CopyLayer" declared implicitly
User\Functions.c(1497): warning:  #223-D: function "GUI_Rectangle" declared implicitly
User\Functions.c(1503): warning:  #223-D: function "GUI_Rectangle" declared implicitly
User\Functions.c(1513): warning:  #223-D: function "_24C08_I2C_HalfwordWrite" declared implicitly
User\Functions.c(1525): warning:  #223-D: function "GUI_Rectangle" declared implicitly
User\Functions.c(1533): warning:  #223-D: function "_24C08_I2C_HalfwordWrite" declared implicitly
User\Functions.c(1544): warning:  #223-D: function "GUI_Rectangle" declared implicitly
User\Functions.c(1575): warning:  #223-D: function "GUI_Rectangle" declared implicitly
User\Functions.c(1579): warning:  #223-D: function "GUI_Rectangle" declared implicitly
User\Functions.c(1590): warning:  #223-D: function "_24C08_I2C_HalfwordWrite" declared implicitly
User\Functions.c(1591): warning:  #223-D: function "SetTouchScreen" declared implicitly
User\Functions.c(1603): warning:  #223-D: function "GUI_Rectangle" declared implicitly
User\Functions.c(1611): warning:  #223-D: function "_24C08_I2C_HalfwordWrite" declared implicitly
User\Functions.c(1612): warning:  #223-D: function "SetTouchScreen" declared implicitly
User\Functions.c(1623): warning:  #223-D: function "GUI_Rectangle" declared implicitly
User\Functions.c(1676): warning:  #223-D: function "_24C08_I2C_HalfwordWrite" declared implicitly
User\Functions.c(1682): warning:  #223-D: function "GUI_CircleFill" declared implicitly
User\Functions.c(1692): warning:  #223-D: function "SetTextView" declared implicitly
User\Functions.c(1694): warning:  #223-D: function "CopyLayer" declared implicitly
User\Functions.c(1737): warning:  #223-D: function "GUI_Rectangle" declared implicitly
User\Functions.c(1743): warning:  #223-D: function "GUI_Rectangle" declared implicitly
User\Functions.c(1753): warning:  #223-D: function "_24C08_I2C_HalfwordWrite" declared implicitly
User\Functions.c(1766): warning:  #223-D: function "GUI_Rectangle" declared implicitly
User\Functions.c(1769): warning:  #223-D: function "SetTextView" declared implicitly
User\Functions.c(1777): warning:  #223-D: function "_24C08_I2C_HalfwordWrite" declared implicitly
User\Functions.c(1779): warning:  #223-D: function "Data_Save_Disable" declared implicitly
User\Functions.c(1791): warning:  #223-D: function "GUI_Rectangle" declared implicitly
User\Functions.c(1793): warning:  #223-D: function "SetTextView" declared implicitly
User\Functions.c(1813): warning:  #223-D: function "SetFcolor" declared implicitly
User\Functions.c(1814): warning:  #223-D: function "DisText" declared implicitly
User\Functions.c(1820): warning:  #223-D: function "Delay_ms" declared implicitly
User\Functions.c(1829): warning:  #223-D: function "_24C08_I2C_HalfwordRead" declared implicitly
User\Functions.c(1830): warning:  #223-D: function "Data_Save_Fault" declared implicitly
User\Functions.c(1831): warning:  #223-D: function "_24C08_I2C_HalfwordWrite" declared implicitly
User\Functions.c(1836): warning:  #223-D: function "_24C08_I2C_HalfwordRead" declared implicitly
User\Functions.c(1858): warning:  #223-D: function "_24C08_I2C_PageWrite" declared implicitly
User\Functions.c(1859): warning:  #223-D: function "_24C08_I2C_ByteWrite" declared implicitly
User\Functions.c(1861): warning:  #223-D: function "_24C08_I2C_HalfwordRead" declared implicitly
User\Functions.c(1871): warning:  #223-D: function "_24C08_I2C_HalfwordWrite" declared implicitly
User\Functions.c(1873): warning:  #223-D: function "WriteLayer" declared implicitly
User\Functions.c(1875): warning:  #223-D: function "SetFcolor" declared implicitly
User\Functions.c(1876): warning:  #223-D: function "GUI_RectangleFill" declared implicitly
User\Functions.c(1883): warning:  #223-D: function "GUI_CircleFill" declared implicitly
User\Functions.c(1888): warning:  #223-D: function "GUI_CircleFill" declared implicitly
User\Functions.c(1894): warning:  #223-D: function "GUI_CircleFill" declared implicitly
User\Functions.c(1896): warning:  #223-D: function "DisText" declared implicitly
User\Functions.c(1901): warning:  #223-D: function "GUI_CircleFill" declared implicitly
User\Functions.c(1903): warning:  #223-D: function "DisText" declared implicitly
User\Functions.c(1905): warning:  #223-D: function "DisText" declared implicitly
User\Functions.c(1909): warning:  #223-D: function "SetTextView" declared implicitly
User\Functions.c(1913): warning:  #223-D: function "DisArea_Image" declared implicitly
User\Functions.c(1916): warning:  #223-D: function "DisplyLayer" declared implicitly
User\Functions.c(1917): warning:  #223-D: function "CopyLayer" declared implicitly
User\Functions.c(1939): warning:  #223-D: function "_24C08_I2C_HalfwordRead" declared implicitly
User\Functions.c(1941): warning:  #223-D: function "WriteLayer" declared implicitly
User\Functions.c(1943): warning:  #223-D: function "SetFcolor" declared implicitly
User\Functions.c(1944): warning:  #223-D: function "GUI_RectangleFill" declared implicitly
User\Functions.c(1950): warning:  #223-D: function "GUI_CircleFill" declared implicitly
User\Functions.c(1955): warning:  #223-D: function "GUI_CircleFill" declared implicitly
User\Functions.c(1959): warning:  #223-D: function "SetTextView" declared implicitly
User\Functions.c(1961): warning:  #223-D: function "DisArea_Image" declared implicitly
User\Functions.c(1963): warning:  #223-D: function "DisText" declared implicitly
User\Functions.c(1992): warning:  #223-D: function "GUI_Rectangle" declared implicitly
User\Functions.c(1994): warning:  #223-D: function "DisplyLayer" declared implicitly
User\Functions.c(1995): warning:  #223-D: function "CopyLayer" declared implicitly
User\Functions.c(2008): warning:  #223-D: function "_24C08_I2C_HalfwordRead" declared implicitly
User\Functions.c(2010): warning:  #223-D: function "WriteLayer" declared implicitly
User\Functions.c(2012): warning:  #223-D: function "SetFcolor" declared implicitly
User\Functions.c(2013): warning:  #223-D: function "GUI_RectangleFill" declared implicitly
User\Functions.c(2018): warning:  #223-D: function "GUI_CircleFill" declared implicitly
User\Functions.c(2023): warning:  #223-D: function "GUI_CircleFill" declared implicitly
User\Functions.c(2027): warning:  #223-D: function "SetTextView" declared implicitly
User\Functions.c(2029): warning:  #223-D: function "DisArea_Image" declared implicitly
User\Functions.c(2031): warning:  #223-D: function "DisText" declared implicitly
User\Functions.c(2068): warning:  #223-D: function "GUI_Rectangle" declared implicitly
User\Functions.c(2070): warning:  #223-D: function "DisplyLayer" declared implicitly
User\Functions.c(2071): warning:  #223-D: function "CopyLayer" declared implicitly
User\Functions.c(2083): warning:  #223-D: function "Data_Get_Once_Fault" declared implicitly
User\Functions.c(2092): warning:  #223-D: function "SetFcolor" declared implicitly
User\Functions.c(2093): warning:  #223-D: function "GUI_RectangleFill" declared implicitly
User\Functions.c(2095): warning:  #223-D: function "DisText" declared implicitly
User\Functions.c(2124): warning:  #223-D: function "Data_Get_Once_Disable" declared implicitly
User\Functions.c(2133): warning:  #223-D: function "SetFcolor" declared implicitly
User\Functions.c(2134): warning:  #223-D: function "GUI_RectangleFill" declared implicitly
User\Functions.c(2136): warning:  #223-D: function "DisText" declared implicitly
User\Functions.c(2165): warning:  #223-D: function "Data_Get_Once" declared implicitly
User\Functions.c(2174): warning:  #223-D: function "SetFcolor" declared implicitly
User\Functions.c(2175): warning:  #223-D: function "GUI_RectangleFill" declared implicitly
User\Functions.c(2177): warning:  #223-D: function "DisText" declared implicitly
User\Functions.c(2212): warning:  #223-D: function "Data_Get_Once" declared implicitly
User\Functions.c(2221): warning:  #223-D: function "SetFcolor" declared implicitly
User\Functions.c(2222): warning:  #223-D: function "GUI_RectangleFill" declared implicitly
User\Functions.c(2224): warning:  #223-D: function "DisText" declared implicitly
User\Functions.c(2260): warning:  #223-D: function "Data_Get_Once" declared implicitly
User\Functions.c(2269): warning:  #223-D: function "SetFcolor" declared implicitly
User\Functions.c(2270): warning:  #223-D: function "GUI_RectangleFill" declared implicitly
User\Functions.c(2272): warning:  #223-D: function "DisText" declared implicitly
User\Functions.c(2277): warning:  #223-D: function "Data_End_Get_Once" declared implicitly
User\Functions.c(2309): warning:  #223-D: function "Data_Get_Once" declared implicitly
User\Functions.c(2318): warning:  #223-D: function "SetFcolor" declared implicitly
User\Functions.c(2319): warning:  #223-D: function "GUI_RectangleFill" declared implicitly
User\Functions.c(2321): warning:  #223-D: function "DisText" declared implicitly
User\Functions.c(2326): warning:  #223-D: function "Data_End_Get_Once" declared implicitly
User\Functions.c - 0 Error(s), 223 Warning(s).
Build target 'Target 1'
linking...
Program Size: Code=40302 RO-data=4410 RW-data=1168 ZI-data=1912  
FromELF: creating hex file...
"Huohuaarm.axf" - 0 Error(s), 0 Warning(s).
Build target 'Target 1'
assembling cortexm3_macro.s...
assembling stm32f10x_vector.s...
compiling main.c...
User\extern_variables.h(61): warning:  #1295-D: Deprecated declaration Get_Cur_Time - give arg types
User\extern_variables.h(62): warning:  #1295-D: Deprecated declaration RTC_Configuration - give arg types
User\extern_variables.h(119): warning:  #1295-D: Deprecated declaration ScreenDataRecv_Process - give arg types
User\Screen.h(30): warning:  #1295-D: Deprecated declaration SendBeginCMD - give arg types
User\Screen.h(38): warning:  #1295-D: Deprecated declaration SendEndCmd - give arg types
User\Screen.h(81): warning:  #1295-D: Deprecated declaration GUI_CleanScreen - give arg types
User\Screen.h(361): warning:  #1295-D: Deprecated declaration SetTouchScreen_Adj - give arg types
User\Screen.h(369): warning:  #1295-D: Deprecated declaration TestTouchScreen - give arg types
User\main.c(28): warning:  #1295-D: Deprecated declaration RTC_Display - give arg types
User\main.c(77): warning:  #223-D: function "PCF8563_I2C_Init" declared implicitly
User\main.c(80): warning:  #223-D: function "_24C08_I2C_Init" declared implicitly
User\main.c(88): warning:  #223-D: function "Power_on_Init" declared implicitly
User\main.c(89): warning:  #223-D: function "_24C08_I2C_HalfwordWrite" declared implicitly
User\main.c(91): warning:  #223-D: function "Power_on_self_Test" declared implicitly
User\main.c(115): warning:  #223-D: function "ScreenInit" declared implicitly
User\main.c(123): warning:  #223-D: function "Screen_update" declared implicitly
User\main.c(167): warning:  #177-D: variable "EXTI_InitStructure" was declared but never referenced
User\main.c(168): warning:  #177-D: variable "HSEStartUpStatus" was declared but never referenced
User\main.c(524): warning:  #223-D: function "itoa" declared implicitly
User\main.c(525): warning:  #223-D: function "itoaD" declared implicitly
User\main.c(540): warning:  #223-D: function "itoa" declared implicitly
User\main.c(541): warning:  #223-D: function "itoaD" declared implicitly
User\main.c(546): warning:  #223-D: function "itoaD" declared implicitly
compiling Functions.c...
User\extern_variables.h(61): warning:  #1295-D: Deprecated declaration Get_Cur_Time - give arg types
User\extern_variables.h(62): warning:  #1295-D: Deprecated declaration RTC_Configuration - give arg types
User\extern_variables.h(119): warning:  #1295-D: Deprecated declaration ScreenDataRecv_Process - give arg types
User\Functions.c(30): warning:  #1295-D: Deprecated declaration TextProcess - give arg types
User\Functions.c(31): warning:  #1295-D: Deprecated declaration ButtonProcess - give arg types
User\Functions.c(32): warning:  #1295-D: Deprecated declaration itoa - give arg types
User\Functions.c(33): warning:  #1295-D: Deprecated declaration itoaD - give arg types
User\Functions.c(34): warning:  #1295-D: Deprecated declaration itoaT - give arg types
User\Functions.c(35): warning:  #1295-D: Deprecated declaration itoaF - give arg types
User\Functions.c(36): warning:  #1295-D: Deprecated declaration Alarm_Display_A - give arg types
User\Functions.c(37): warning:  #1295-D: Deprecated declaration Alarm_Display_B - give arg types
User\Functions.c(38): warning:  #1295-D: Deprecated declaration Alarm_End_Display_A - give arg types
User\Functions.c(39): warning:  #1295-D: Deprecated declaration Alarm_End_Display_B - give arg types
User\Functions.c(40): warning:  #1295-D: Deprecated declaration Fault_Display_A - give arg types
User\Functions.c(41): warning:  #1295-D: Deprecated declaration Disable_Display_A - give arg types
User\Functions.c(101): warning:  #223-D: function "_24C08_I2C_ByteRead" declared implicitly
User\Functions.c(102): warning:  #223-D: function "Delay_ms" declared implicitly
User\Functions.c(103): warning:  #223-D: function "_24C08_I2C_BufferRead" declared implicitly
User\Functions.c(106): warning:  #223-D: function "WriteLayer" declared implicitly
User\Functions.c(112): warning:  #223-D: function "SetFcolor" declared implicitly
User\Functions.c(113): warning:  #223-D: function "GUI_RectangleFill" declared implicitly
User\Functions.c(116): warning:  #223-D: function "DisText" declared implicitly
User\Functions.c(130): warning:  #223-D: function "SetFcolor" declared implicitly
User\Functions.c(131): warning:  #223-D: function "GUI_RectangleFill" declared implicitly
User\Functions.c(134): warning:  #223-D: function "DisText" declared implicitly
User\Functions.c(141): warning:  #223-D: function "SetFcolor" declared implicitly
User\Functions.c(142): warning:  #223-D: function "GUI_RectangleFill" declared implicitly
User\Functions.c(149): warning:  #223-D: function "DisText" declared implicitly
User\Functions.c(150): warning:  #223-D: function "DisArea_Image" declared implicitly
User\Functions.c(166): warning:  #223-D: function "DisplyLayer" declared implicitly
User\Functions.c(167): warning:  #223-D: function "CopyLayer" declared implicitly
User\Functions.c(175): warning:  #186-D: pointless comparison of unsigned integer with zero
User\Functions.c(179): warning:  #223-D: function "RTC_Display" declared implicitly
User\Functions.c(180): warning:  #223-D: function "SetFcolor" declared implicitly
User\Functions.c(181): warning:  #223-D: function "GUI_RectangleFill" declared implicitly
User\Functions.c(183): warning:  #223-D: function "DisText" declared implicitly
User\Functions.c(187): warning:  #223-D: function "SetFcolor" declared implicitly
User\Functions.c(188): warning:  #223-D: function "GUI_RectangleFill" declared implicitly
User\Functions.c(190): warning:  #223-D: function "DisText" declared implicitly
User\Functions.c(198): warning:  #186-D: pointless comparison of unsigned integer with zero
User\Functions.c(198): warning:  #186-D: pointless comparison of unsigned integer with zero
User\Functions.c(198): warning:  #186-D: pointless comparison of unsigned integer with zero
User\Functions.c(203): warning:  #223-D: function "RTC_Display" declared implicitly
User\Functions.c(204): warning:  #223-D: function "SetFcolor" declared implicitly
User\Functions.c(205): warning:  #223-D: function "GUI_RectangleFill" declared implicitly
User\Functions.c(207): warning:  #223-D: function "DisText" declared implicitly
User\Functions.c(211): warning:  #223-D: function "SetFcolor" declared implicitly
User\Functions.c(212): warning:  #223-D: function "GUI_RectangleFill" declared implicitly
User\Functions.c(214): warning:  #223-D: function "DisText" declared implicitly
User\Functions.c(222): warning:  #223-D: function "_24C08_I2C_ByteRead" declared implicitly
User\Functions.c(223): warning:  #223-D: function "Delay_ms" declared implicitly
User\Functions.c(224): warning:  #223-D: function "_24C08_I2C_BufferRead" declared implicitly
User\Functions.c(228): warning:  #223-D: function "SetFcolor" declared implicitly
User\Functions.c(229): warning:  #223-D: function "GUI_RectangleFill" declared implicitly
User\Functions.c(232): warning:  #223-D: function "DisText" declared implicitly
User\Functions.c(239): warning:  #223-D: function "SetFcolor" declared implicitly
User\Functions.c(240): warning:  #223-D: function "GUI_RectangleFill" declared implicitly
User\Functions.c(243): warning:  #223-D: function "DisText" declared implicitly
User\Functions.c(248): warning:  #167-D: argument of type "u8 *" is incompatible with parameter of type "char *restrict"
User\Functions.c(249): warning:  #223-D: function "SetFcolor" declared implicitly
User\Functions.c(250): warning:  #223-D: function "GUI_RectangleFill" declared implicitly
User\Functions.c(253): warning:  #223-D: function "DisText" declared implicitly
User\Functions.c(261): warning:  #167-D: argument of type "u8 *" is incompatible with parameter of type "const char *"
User\Functions.c(262): warning:  #223-D: function "_24C08_I2C_ByteWrite" declared implicitly
User\Functions.c(264): warning:  #223-D: function "_24C08_I2C_PageWrite" declared implicitly
User\Functions.c(292): warning:  #174-D: expression has no effect
User\Functions.c(299): warning:  #223-D: function "SetFcolor" declared implicitly
User\Functions.c(300): warning:  #223-D: function "GUI_RectangleFill" declared implicitly
User\Functions.c(306): warning:  #223-D: function "DisText" declared implicitly
User\Functions.c(307): warning:  #223-D: function "_24C08_I2C_HalfwordWrite" declared implicitly
User\Functions.c(82): warning:  #177-D: variable "Subtype" was declared but never referenced
User\Functions.c(83): warning:  #177-D: variable "Status" was declared but never referenced
User\Functions.c(403): warning:  #186-D: pointless comparison of unsigned integer with zero
User\Functions.c(491): warning:  #223-D: function "WriteLayer" declared implicitly
User\Functions.c(492): warning:  #223-D: function "SetFcolor" declared implicitly
User\Functions.c(493): warning:  #223-D: function "GUI_RectangleFill" declared implicitly
User\Functions.c(496): warning:  #223-D: function "DisArea_Image" declared implicitly
User\Functions.c(497): warning:  #223-D: function "DisText" declared implicitly
User\Functions.c(506): warning:  #223-D: function "GUI_Rectangle" declared implicitly
User\Functions.c(511): warning:  #223-D: function "GUI_Rectangle" declared implicitly
User\Functions.c(517): warning:  #223-D: function "DisplyLayer" declared implicitly
User\Functions.c(525): warning:  #223-D: function "Data_Get_Once" declared implicitly
User\Functions.c(585): warning:  #223-D: function "GUI_Rectangle" declared implicitly
User\Functions.c(589): warning:  #223-D: function "GUI_Rectangle" declared implicitly
User\Functions.c(614): warning:  #223-D: function "GUI_Rectangle" declared implicitly
User\Functions.c(651): warning:  #223-D: function "GUI_Rectangle" declared implicitly
User\Functions.c(655): warning:  #223-D: function "GUI_Rectangle" declared implicitly
User\Functions.c(688): warning:  #223-D: function "GUI_Rectangle" declared implicitly
User\Functions.c(692): warning:  #223-D: function "GUI_Rectangle" declared implicitly
User\Functions.c(881): warning:  #223-D: function "GUI_Rectangle" declared implicitly
User\Functions.c(882): warning:  #223-D: function "GUI_Line" declared implicitly
User\Functions.c(906): warning:  #223-D: function "_24C08_I2C_HalfwordRead" declared implicitly
User\Functions.c(933): warning:  #223-D: function "GUI_Rectangle" declared implicitly
User\Functions.c(934): warning:  #223-D: function "GUI_Line" declared implicitly
User\Functions.c(1048): warning:  #223-D: function "GUI_Rectangle" declared implicitly
User\Functions.c(1049): warning:  #223-D: function "GUI_Line" declared implicitly
User\Functions.c(1076): warning:  #223-D: function "GUI_Rectangle" declared implicitly
User\Functions.c(1077): warning:  #223-D: function "GUI_Line" declared implicitly
User\Functions.c(1099): warning:  #223-D: function "GUI_Rectangle" declared implicitly
User\Functions.c(1100): warning:  #223-D: function "GUI_Line" declared implicitly
User\Functions.c(1157): warning:  #223-D: function "GUI_Rectangle" declared implicitly
User\Functions.c(1162): warning:  #223-D: function "GUI_Rectangle" declared implicitly
User\Functions.c(1192): warning:  #223-D: function "GUI_Rectangle" declared implicitly
User\Functions.c(1230): warning:  #223-D: function "GUI_Rectangle" declared implicitly
User\Functions.c(1234): warning:  #223-D: function "GUI_Rectangle" declared implicitly
User\Functions.c(1267): warning:  #223-D: function "GUI_Rectangle" declared implicitly
User\Functions.c(1271): warning:  #223-D: function "GUI_Rectangle" declared implicitly
User\Functions.c(1325): warning:  #223-D: function "_24C08_I2C_HalfwordWrite" declared implicitly
User\Functions.c(1333): warning:  #223-D: function "GUI_CircleFill" declared implicitly
User\Functions.c(1343): warning:  #223-D: function "SetTextView" declared implicitly
User\Functions.c(1345): warning:  #223-D: function "CopyLayer" declared implicitly
User\Functions.c(1387): warning:  #223-D: function "Delay_ms" declared implicitly
User\Functions.c(1404): warning:  #223-D: function "GUI_CircleFill" declared implicitly
User\Functions.c(1405): warning:  #223-D: function "_24C08_I2C_HalfwordRead" declared implicitly
User\Functions.c(1406): warning:  #223-D: function "Data_Save_Fault" declared implicitly
User\Functions.c(1407): warning:  #223-D: function "_24C08_I2C_HalfwordWrite" declared implicitly
User\Functions.c(1409): warning:  #223-D: function "SetTextView" declared implicitly
User\Functions.c(1418): warning:  #223-D: function "GUI_CircleFill" declared implicitly
User\Functions.c(1420): warning:  #223-D: function "_24C08_I2C_HalfwordWrite" declared implicitly
User\Functions.c(1422): warning:  #223-D: function "SetTextView" declared implicitly
User\Functions.c(1425): warning:  #223-D: function "CopyLayer" declared implicitly
User\Functions.c(1497): warning:  #223-D: function "GUI_Rectangle" declared implicitly
User\Functions.c(1503): warning:  #223-D: function "GUI_Rectangle" declared implicitly
User\Functions.c(1513): warning:  #223-D: function "_24C08_I2C_HalfwordWrite" declared implicitly
User\Functions.c(1525): warning:  #223-D: function "GUI_Rectangle" declared implicitly
User\Functions.c(1533): warning:  #223-D: function "_24C08_I2C_HalfwordWrite" declared implicitly
User\Functions.c(1544): warning:  #223-D: function "GUI_Rectangle" declared implicitly
User\Functions.c(1575): warning:  #223-D: function "GUI_Rectangle" declared implicitly
User\Functions.c(1579): warning:  #223-D: function "GUI_Rectangle" declared implicitly
User\Functions.c(1590): warning:  #223-D: function "_24C08_I2C_HalfwordWrite" declared implicitly
User\Functions.c(1591): warning:  #223-D: function "SetTouchScreen" declared implicitly
User\Functions.c(1603): warning:  #223-D: function "GUI_Rectangle" declared implicitly
User\Functions.c(1611): warning:  #223-D: function "_24C08_I2C_HalfwordWrite" declared implicitly
User\Functions.c(1612): warning:  #223-D: function "SetTouchScreen" declared implicitly
User\Functions.c(1623): warning:  #223-D: function "GUI_Rectangle" declared implicitly
User\Functions.c(1676): warning:  #223-D: function "_24C08_I2C_HalfwordWrite" declared implicitly
User\Functions.c(1682): warning:  #223-D: function "GUI_CircleFill" declared implicitly
User\Functions.c(1692): warning:  #223-D: function "SetTextView" declared implicitly
User\Functions.c(1694): warning:  #223-D: function "CopyLayer" declared implicitly
User\Functions.c(1737): warning:  #223-D: function "GUI_Rectangle" declared implicitly
User\Functions.c(1743): warning:  #223-D: function "GUI_Rectangle" declared implicitly
User\Functions.c(1753): warning:  #223-D: function "_24C08_I2C_HalfwordWrite" declared implicitly
User\Functions.c(1766): warning:  #223-D: function "GUI_Rectangle" declared implicitly
User\Functions.c(1769): warning:  #223-D: function "SetTextView" declared implicitly
User\Functions.c(1777): warning:  #223-D: function "_24C08_I2C_HalfwordWrite" declared implicitly
User\Functions.c(1779): warning:  #223-D: function "Data_Save_Disable" declared implicitly
User\Functions.c(1791): warning:  #223-D: function "GUI_Rectangle" declared implicitly
User\Functions.c(1793): warning:  #223-D: function "SetTextView" declared implicitly
User\Functions.c(1813): warning:  #223-D: function "SetFcolor" declared implicitly
User\Functions.c(1814): warning:  #223-D: function "DisText" declared implicitly
User\Functions.c(1820): warning:  #223-D: function "Delay_ms" declared implicitly
User\Functions.c(1829): warning:  #223-D: function "_24C08_I2C_HalfwordRead" declared implicitly
User\Functions.c(1830): warning:  #223-D: function "Data_Save_Fault" declared implicitly
User\Functions.c(1831): warning:  #223-D: function "_24C08_I2C_HalfwordWrite" declared implicitly
User\Functions.c(1836): warning:  #223-D: function "_24C08_I2C_HalfwordRead" declared implicitly
User\Functions.c(1858): warning:  #223-D: function "_24C08_I2C_PageWrite" declared implicitly
User\Functions.c(1859): warning:  #223-D: function "_24C08_I2C_ByteWrite" declared implicitly
User\Functions.c(1861): warning:  #223-D: function "_24C08_I2C_HalfwordRead" declared implicitly
User\Functions.c(1871): warning:  #223-D: function "_24C08_I2C_HalfwordWrite" declared implicitly
User\Functions.c(1873): warning:  #223-D: function "WriteLayer" declared implicitly
User\Functions.c(1875): warning:  #223-D: function "SetFcolor" declared implicitly
User\Functions.c(1876): warning:  #223-D: function "GUI_RectangleFill" declared implicitly
User\Functions.c(1883): warning:  #223-D: function "GUI_CircleFill" declared implicitly
User\Functions.c(1888): warning:  #223-D: function "GUI_CircleFill" declared implicitly
User\Functions.c(1894): warning:  #223-D: function "GUI_CircleFill" declared implicitly
User\Functions.c(1896): warning:  #223-D: function "DisText" declared implicitly
User\Functions.c(1901): warning:  #223-D: function "GUI_CircleFill" declared implicitly
User\Functions.c(1903): warning:  #223-D: function "DisText" declared implicitly
User\Functions.c(1905): warning:  #223-D: function "DisText" declared implicitly
User\Functions.c(1909): warning:  #223-D: function "SetTextView" declared implicitly
User\Functions.c(1913): warning:  #223-D: function "DisArea_Image" declared implicitly
User\Functions.c(1916): warning:  #223-D: function "DisplyLayer" declared implicitly
User\Functions.c(1917): warning:  #223-D: function "CopyLayer" declared implicitly
User\Functions.c(1939): warning:  #223-D: function "_24C08_I2C_HalfwordRead" declared implicitly
User\Functions.c(1941): warning:  #223-D: function "WriteLayer" declared implicitly
User\Functions.c(1943): warning:  #223-D: function "SetFcolor" declared implicitly
User\Functions.c(1944): warning:  #223-D: function "GUI_RectangleFill" declared implicitly
User\Functions.c(1950): warning:  #223-D: function "GUI_CircleFill" declared implicitly
User\Functions.c(1955): warning:  #223-D: function "GUI_CircleFill" declared implicitly
User\Functions.c(1959): warning:  #223-D: function "SetTextView" declared implicitly
User\Functions.c(1961): warning:  #223-D: function "DisArea_Image" declared implicitly
User\Functions.c(1963): warning:  #223-D: function "DisText" declared implicitly
User\Functions.c(1992): warning:  #223-D: function "GUI_Rectangle" declared implicitly
User\Functions.c(1994): warning:  #223-D: function "DisplyLayer" declared implicitly
User\Functions.c(1995): warning:  #223-D: function "CopyLayer" declared implicitly
User\Functions.c(2008): warning:  #223-D: function "_24C08_I2C_HalfwordRead" declared implicitly
User\Functions.c(2010): warning:  #223-D: function "WriteLayer" declared implicitly
User\Functions.c(2012): warning:  #223-D: function "SetFcolor" declared implicitly
User\Functions.c(2013): warning:  #223-D: function "GUI_RectangleFill" declared implicitly
User\Functions.c(2018): warning:  #223-D: function "GUI_CircleFill" declared implicitly
User\Functions.c(2023): warning:  #223-D: function "GUI_CircleFill" declared implicitly
User\Functions.c(2027): warning:  #223-D: function "SetTextView" declared implicitly
User\Functions.c(2029): warning:  #223-D: function "DisArea_Image" declared implicitly
User\Functions.c(2031): warning:  #223-D: function "DisText" declared implicitly
User\Functions.c(2068): warning:  #223-D: function "GUI_Rectangle" declared implicitly
User\Functions.c(2070): warning:  #223-D: function "DisplyLayer" declared implicitly
User\Functions.c(2071): warning:  #223-D: function "CopyLayer" declared implicitly
User\Functions.c(2083): warning:  #223-D: function "Data_Get_Once_Fault" declared implicitly
User\Functions.c(2092): warning:  #223-D: function "SetFcolor" declared implicitly
User\Functions.c(2093): warning:  #223-D: function "GUI_RectangleFill" declared implicitly
User\Functions.c(2095): warning:  #223-D: function "DisText" declared implicitly
User\Functions.c(2124): warning:  #223-D: function "Data_Get_Once_Disable" declared implicitly
User\Functions.c(2133): warning:  #223-D: function "SetFcolor" declared implicitly
User\Functions.c(2134): warning:  #223-D: function "GUI_RectangleFill" declared implicitly
User\Functions.c(2136): warning:  #223-D: function "DisText" declared implicitly
User\Functions.c(2165): warning:  #223-D: function "Data_Get_Once" declared implicitly
User\Functions.c(2174): warning:  #223-D: function "SetFcolor" declared implicitly
User\Functions.c(2175): warning:  #223-D: function "GUI_RectangleFill" declared implicitly
User\Functions.c(2177): warning:  #223-D: function "DisText" declared implicitly
User\Functions.c(2212): warning:  #223-D: function "Data_Get_Once" declared implicitly
User\Functions.c(2221): warning:  #223-D: function "SetFcolor" declared implicitly
User\Functions.c(2222): warning:  #223-D: function "GUI_RectangleFill" declared implicitly
User\Functions.c(2224): warning:  #223-D: function "DisText" declared implicitly
User\Functions.c(2260): warning:  #223-D: function "Data_Get_Once" declared implicitly
User\Functions.c(2269): warning:  #223-D: function "SetFcolor" declared implicitly
User\Functions.c(2270): warning:  #223-D: function "GUI_RectangleFill" declared implicitly
User\Functions.c(2272): warning:  #223-D: function "DisText" declared implicitly
User\Functions.c(2277): warning:  #223-D: function "Data_End_Get_Once" declared implicitly
User\Functions.c(2309): warning:  #223-D: function "Data_Get_Once" declared implicitly
User\Functions.c(2318): warning:  #223-D: function "SetFcolor" declared implicitly
User\Functions.c(2319): warning:  #223-D: function "GUI_RectangleFill" declared implicitly
User\Functions.c(2321): warning:  #223-D: function "DisText" declared implicitly
User\Functions.c(2326): warning:  #223-D: function "Data_End_Get_Once" declared implicitly
compiling stm32f10x_it.c...
User\extern_variables.h(61): warning:  #1295-D: Deprecated declaration Get_Cur_Time - give arg types
User\extern_variables.h(62): warning:  #1295-D: Deprecated declaration RTC_Configuration - give arg types
User\extern_variables.h(119): warning:  #1295-D: Deprecated declaration ScreenDataRecv_Process - give arg types
User\stm32f10x_it.c(569): warning:  #223-D: function "_24C08_I2C_HalfwordRead" declared implicitly
User\stm32f10x_it.c(598): warning:  #223-D: function "Data_Save_End" declared implicitly
User\stm32f10x_it.c(599): warning:  #223-D: function "Screen_End_update" declared implicitly
compiling fsmc_cpld_sram.c...
User\extern_variables.h(61): warning:  #1295-D: Deprecated declaration Get_Cur_Time - give arg types
User\extern_variables.h(62): warning:  #1295-D: Deprecated declaration RTC_Configuration - give arg types
User\extern_variables.h(119): warning:  #1295-D: Deprecated declaration ScreenDataRecv_Process - give arg types
compiling PCF8563_I2c.c...
User\extern_variables.h(61): warning:  #1295-D: Deprecated declaration Get_Cur_Time - give arg types
User\extern_variables.h(62): warning:  #1295-D: Deprecated declaration RTC_Configuration - give arg types
User\extern_variables.h(119): warning:  #1295-D: Deprecated declaration ScreenDataRecv_Process - give arg types
User\24C08_PCF8563_I2c.h(23): warning:  #1295-D: Deprecated declaration PCF8563_I2C_Init - give arg types
User\24C08_PCF8563_I2c.h(57): warning:  #1295-D: Deprecated declaration _24C08_I2C_Init - give arg types
User\24C08_PCF8563_I2c.h(64): warning:  #1-D: last line of file ends without a newline
User\PCF8563_I2c.c(37): warning:  #223-D: function "Delay_us" declared implicitly
User\PCF8563_I2c.c(49): warning:  #223-D: function "Delay_us" declared implicitly
User\PCF8563_I2c.c(64): warning:  #223-D: function "Delay_us" declared implicitly
User\PCF8563_I2c.c(80): warning:  #223-D: function "Delay_us" declared implicitly
User\PCF8563_I2c.c(95): warning:  #223-D: function "Delay_us" declared implicitly
User\PCF8563_I2c.c(107): warning:  #223-D: function "Delay_us" declared implicitly
User\PCF8563_I2c.c(125): warning:  #223-D: function "Delay_us" declared implicitly
User\PCF8563_I2c.c(137): warning:  #223-D: function "Delay_us" declared implicitly
compiling 24C08_I2c.c...
User\extern_variables.h(61): warning:  #1295-D: Deprecated declaration Get_Cur_Time - give arg types
User\extern_variables.h(62): warning:  #1295-D: Deprecated declaration RTC_Configuration - give arg types
User\extern_variables.h(119): warning:  #1295-D: Deprecated declaration ScreenDataRecv_Process - give arg types
User\24C08_PCF8563_I2c.h(23): warning:  #1295-D: Deprecated declaration PCF8563_I2C_Init - give arg types
User\24C08_PCF8563_I2c.h(57): warning:  #1295-D: Deprecated declaration _24C08_I2C_Init - give arg types
User\24C08_PCF8563_I2c.h(64): warning:  #1-D: last line of file ends without a newline
User\24C08_I2c.c(46): warning:  #223-D: function "Delay_ms" declared implicitly
User\24C08_I2c.c(67): warning:  #223-D: function "Delay_ms" declared implicitly
User\24C08_I2c.c(93): warning:  #223-D: function "Delay_ms" declared implicitly
User\24C08_I2c.c(112): warning:  #223-D: function "Delay_ms" declared implicitly
User\24C08_I2c.c(139): warning:  #223-D: function "Delay_ms" declared implicitly
User\24C08_I2c.c(164): warning:  #223-D: function "Delay_ms" declared implicitly
User\24C08_I2c.c(193): warning:  #223-D: function "Delay_us" declared implicitly
User\24C08_I2c.c(205): warning:  #223-D: function "Delay_us" declared implicitly
User\24C08_I2c.c(220): warning:  #223-D: function "Delay_us" declared implicitly
User\24C08_I2c.c(233): warning:  #223-D: function "Delay_us" declared implicitly
User\24C08_I2c.c(245): warning:  #223-D: function "Delay_us" declared implicitly
User\24C08_I2c.c(268): warning:  #223-D: function "Delay_us" declared implicitly
User\24C08_I2c.c(274): warning:  #223-D: function "Delay_us" declared implicitly
User\24C08_I2c.c(286): warning:  #223-D: function "Delay_us" declared implicitly
compiling Flash_operation.c...
User\extern_variables.h(61): warning:  #1295-D: Deprecated declaration Get_Cur_Time - give arg types
User\extern_variables.h(62): warning:  #1295-D: Deprecated declaration RTC_Configuration - give arg types
User\extern_variables.h(119): warning:  #1295-D: Deprecated declaration ScreenDataRecv_Process - give arg types
compiling Rtc_operation.c...
User\extern_variables.h(61): warning:  #1295-D: Deprecated declaration Get_Cur_Time - give arg types
User\extern_variables.h(62): warning:  #1295-D: Deprecated declaration RTC_Configuration - give arg types
User\extern_variables.h(119): warning:  #1295-D: Deprecated declaration ScreenDataRecv_Process - give arg types
User\24C08_PCF8563_I2c.h(23): warning:  #1295-D: Deprecated declaration PCF8563_I2C_Init - give arg types
User\24C08_PCF8563_I2c.h(57): warning:  #1295-D: Deprecated declaration _24C08_I2C_Init - give arg types
User\24C08_PCF8563_I2c.h(64): warning:  #1-D: last line of file ends without a newline
compiling Spark_test.c...
User\extern_variables.h(61): warning:  #1295-D: Deprecated declaration Get_Cur_Time - give arg types
User\extern_variables.h(62): warning:  #1295-D: Deprecated declaration RTC_Configuration - give arg types
User\extern_variables.h(119): warning:  #1295-D: Deprecated declaration ScreenDataRecv_Process - give arg types
User\Spark_test.c(18): warning:  #1295-D: Deprecated declaration Water_Spray - give arg types
User\Spark_test.c(20): warning:  #1295-D: Deprecated declaration Data_Save_End - give arg types
User\Spark_test.c(23): warning:  #1295-D: Deprecated declaration Data_Get_All - give arg types
User\Spark_test.c(183): warning:  #223-D: function "_24C08_I2C_HalfwordRead" declared implicitly
User\Spark_test.c(203): warning:  #223-D: function "FSMC_SRAM_WriteStruct" declared implicitly
User\Spark_test.c(205): warning:  #223-D: function "_24C08_I2C_HalfwordWrite" declared implicitly
User\Spark_test.c(220): warning:  #223-D: function "_24C08_I2C_HalfwordRead" declared implicitly
User\Spark_test.c(240): warning:  #223-D: function "FSMC_SRAM_WriteStruct" declared implicitly
User\Spark_test.c(242): warning:  #223-D: function "_24C08_I2C_HalfwordWrite" declared implicitly
User\Spark_test.c(268): warning:  #223-D: function "FSMC_SRAM_ReadStruct" declared implicitly
User\Spark_test.c(292): warning:  #223-D: function "FSMC_SRAM_ReadStruct" declared implicitly
compiling Fault_test.c...
User\extern_variables.h(61): warning:  #1295-D: Deprecated declaration Get_Cur_Time - give arg types
User\extern_variables.h(62): warning:  #1295-D: Deprecated declaration RTC_Configuration - give arg types
User\extern_variables.h(119): warning:  #1295-D: Deprecated declaration ScreenDataRecv_Process - give arg types
User\Fault_test.c(6): warning:  #1295-D: Deprecated declaration Data_Save_Fault - give arg types
User\Fault_test.c(21): warning:  #223-D: function "_24C08_I2C_HalfwordRead" declared implicitly
User\Fault_test.c(34): warning:  #223-D: function "FSMC_SRAM_WriteStruct" declared implicitly
User\Fault_test.c(36): warning:  #223-D: function "_24C08_I2C_HalfwordWrite" declared implicitly
User\Fault_test.c(60): warning:  #223-D: function "FSMC_SRAM_ReadStruct" declared implicitly
compiling Disable_test .c...
User\extern_variables.h(61): warning:  #1295-D: Deprecated declaration Get_Cur_Time - give arg types
User\extern_variables.h(62): warning:  #1295-D: Deprecated declaration RTC_Configuration - give arg types
User\extern_variables.h(119): warning:  #1295-D: Deprecated declaration ScreenDataRecv_Process - give arg types
User\Disable_test .c(6): warning:  #1295-D: Deprecated declaration Data_Save_Disable - give arg types
User\Disable_test .c(21): warning:  #223-D: function "_24C08_I2C_HalfwordRead" declared implicitly
User\Disable_test .c(34): warning:  #223-D: function "FSMC_SRAM_WriteStruct" declared implicitly
User\Disable_test .c(36): warning:  #223-D: function "_24C08_I2C_HalfwordWrite" declared implicitly
User\Disable_test .c(60): warning:  #223-D: function "FSMC_SRAM_ReadStruct" declared implicitly
compiling Params.c...
User\extern_variables.h(61): warning:  #1295-D: Deprecated declaration Get_Cur_Time - give arg types
User\extern_variables.h(62): warning:  #1295-D: Deprecated declaration RTC_Configuration - give arg types
User\extern_variables.h(119): warning:  #1295-D: Deprecated declaration ScreenDataRecv_Process - give arg types
compiling language.c...
compiling Screen.c...
User\Screen.h(30): warning:  #1295-D: Deprecated declaration SendBeginCMD - give arg types
User\Screen.h(38): warning:  #1295-D: Deprecated declaration SendEndCmd - give arg types
User\Screen.h(81): warning:  #1295-D: Deprecated declaration GUI_CleanScreen - give arg types
User\Screen.h(361): warning:  #1295-D: Deprecated declaration SetTouchScreen_Adj - give arg types
User\Screen.h(369): warning:  #1295-D: Deprecated declaration TestTouchScreen - give arg types
User\Screen.c(1295): warning:  #1-D: last line of file ends without a newline
linking...
Program Size: Code=40302 RO-data=4410 RW-data=1168 ZI-data=1912  
FromELF: creating hex file...
"Huohuaarm.axf" - 0 Error(s), 337 Warning(s).
Load "E:\\GITHUB\\spark\\»ð»¨Ï¨ÃðSTM32_gitbub°æ\\Huohuaarm.AXF" 
Internal DLL Error
Build target 'Target 1'
assembling cortexm3_macro.s...
assembling stm32f10x_vector.s...
compiling main.c...
User\extern_variables.h(61): warning:  #1295-D: Deprecated declaration Get_Cur_Time - give arg types
User\extern_variables.h(62): warning:  #1295-D: Deprecated declaration RTC_Configuration - give arg types
User\extern_variables.h(119): warning:  #1295-D: Deprecated declaration ScreenDataRecv_Process - give arg types
User\Screen.h(30): warning:  #1295-D: Deprecated declaration SendBeginCMD - give arg types
User\Screen.h(38): warning:  #1295-D: Deprecated declaration SendEndCmd - give arg types
User\Screen.h(81): warning:  #1295-D: Deprecated declaration GUI_CleanScreen - give arg types
User\Screen.h(361): warning:  #1295-D: Deprecated declaration SetTouchScreen_Adj - give arg types
User\Screen.h(369): warning:  #1295-D: Deprecated declaration TestTouchScreen - give arg types
User\main.c(28): warning:  #1295-D: Deprecated declaration RTC_Display - give arg types
User\main.c(77): warning:  #223-D: function "PCF8563_I2C_Init" declared implicitly
User\main.c(80): warning:  #223-D: function "_24C08_I2C_Init" declared implicitly
User\main.c(88): warning:  #223-D: function "Power_on_Init" declared implicitly
User\main.c(89): warning:  #223-D: function "_24C08_I2C_HalfwordWrite" declared implicitly
User\main.c(91): warning:  #223-D: function "Power_on_self_Test" declared implicitly
User\main.c(115): warning:  #223-D: function "ScreenInit" declared implicitly
User\main.c(123): warning:  #223-D: function "Screen_update" declared implicitly
User\main.c(167): warning:  #177-D: variable "EXTI_InitStructure" was declared but never referenced
User\main.c(168): warning:  #177-D: variable "HSEStartUpStatus" was declared but never referenced
User\main.c(524): warning:  #223-D: function "itoa" declared implicitly
User\main.c(525): warning:  #223-D: function "itoaD" declared implicitly
User\main.c(540): warning:  #223-D: function "itoa" declared implicitly
User\main.c(541): warning:  #223-D: function "itoaD" declared implicitly
User\main.c(546): warning:  #223-D: function "itoaD" declared implicitly
compiling Functions.c...
User\extern_variables.h(61): warning:  #1295-D: Deprecated declaration Get_Cur_Time - give arg types
User\extern_variables.h(62): warning:  #1295-D: Deprecated declaration RTC_Configuration - give arg types
User\extern_variables.h(119): warning:  #1295-D: Deprecated declaration ScreenDataRecv_Process - give arg types
User\Functions.c(30): warning:  #1295-D: Deprecated declaration TextProcess - give arg types
User\Functions.c(31): warning:  #1295-D: Deprecated declaration ButtonProcess - give arg types
User\Functions.c(32): warning:  #1295-D: Deprecated declaration itoa - give arg types
User\Functions.c(33): warning:  #1295-D: Deprecated declaration itoaD - give arg types
User\Functions.c(34): warning:  #1295-D: Deprecated declaration itoaT - give arg types
User\Functions.c(35): warning:  #1295-D: Deprecated declaration itoaF - give arg types
User\Functions.c(36): warning:  #1295-D: Deprecated declaration Alarm_Display_A - give arg types
User\Functions.c(37): warning:  #1295-D: Deprecated declaration Alarm_Display_B - give arg types
User\Functions.c(38): warning:  #1295-D: Deprecated declaration Alarm_End_Display_A - give arg types
User\Functions.c(39): warning:  #1295-D: Deprecated declaration Alarm_End_Display_B - give arg types
User\Functions.c(40): warning:  #1295-D: Deprecated declaration Fault_Display_A - give arg types
User\Functions.c(41): warning:  #1295-D: Deprecated declaration Disable_Display_A - give arg types
User\Functions.c(101): warning:  #223-D: function "_24C08_I2C_ByteRead" declared implicitly
User\Functions.c(102): warning:  #223-D: function "Delay_ms" declared implicitly
User\Functions.c(103): warning:  #223-D: function "_24C08_I2C_BufferRead" declared implicitly
User\Functions.c(106): warning:  #223-D: function "WriteLayer" declared implicitly
User\Functions.c(112): warning:  #223-D: function "SetFcolor" declared implicitly
User\Functions.c(113): warning:  #223-D: function "GUI_RectangleFill" declared implicitly
User\Functions.c(116): warning:  #223-D: function "DisText" declared implicitly
User\Functions.c(130): warning:  #223-D: function "SetFcolor" declared implicitly
User\Functions.c(131): warning:  #223-D: function "GUI_RectangleFill" declared implicitly
User\Functions.c(134): warning:  #223-D: function "DisText" declared implicitly
User\Functions.c(141): warning:  #223-D: function "SetFcolor" declared implicitly
User\Functions.c(142): warning:  #223-D: function "GUI_RectangleFill" declared implicitly
User\Functions.c(149): warning:  #223-D: function "DisText" declared implicitly
User\Functions.c(150): warning:  #223-D: function "DisArea_Image" declared implicitly
User\Functions.c(166): warning:  #223-D: function "DisplyLayer" declared implicitly
User\Functions.c(167): warning:  #223-D: function "CopyLayer" declared implicitly
User\Functions.c(175): warning:  #186-D: pointless comparison of unsigned integer with zero
User\Functions.c(179): warning:  #223-D: function "RTC_Display" declared implicitly
User\Functions.c(180): warning:  #223-D: function "SetFcolor" declared implicitly
User\Functions.c(181): warning:  #223-D: function "GUI_RectangleFill" declared implicitly
User\Functions.c(183): warning:  #223-D: function "DisText" declared implicitly
User\Functions.c(187): warning:  #223-D: function "SetFcolor" declared implicitly
User\Functions.c(188): warning:  #223-D: function "GUI_RectangleFill" declared implicitly
User\Functions.c(190): warning:  #223-D: function "DisText" declared implicitly
User\Functions.c(198): warning:  #186-D: pointless comparison of unsigned integer with zero
User\Functions.c(198): warning:  #186-D: pointless comparison of unsigned integer with zero
User\Functions.c(198): warning:  #186-D: pointless comparison of unsigned integer with zero
User\Functions.c(203): warning:  #223-D: function "RTC_Display" declared implicitly
User\Functions.c(204): warning:  #223-D: function "SetFcolor" declared implicitly
User\Functions.c(205): warning:  #223-D: function "GUI_RectangleFill" declared implicitly
User\Functions.c(207): warning:  #223-D: function "DisText" declared implicitly
User\Functions.c(211): warning:  #223-D: function "SetFcolor" declared implicitly
User\Functions.c(212): warning:  #223-D: function "GUI_RectangleFill" declared implicitly
User\Functions.c(214): warning:  #223-D: function "DisText" declared implicitly
User\Functions.c(222): warning:  #223-D: function "_24C08_I2C_ByteRead" declared implicitly
User\Functions.c(223): warning:  #223-D: function "Delay_ms" declared implicitly
User\Functions.c(224): warning:  #223-D: function "_24C08_I2C_BufferRead" declared implicitly
User\Functions.c(228): warning:  #223-D: function "SetFcolor" declared implicitly
User\Functions.c(229): warning:  #223-D: function "GUI_RectangleFill" declared implicitly
User\Functions.c(232): warning:  #223-D: function "DisText" declared implicitly
[...]
User\Functions.c(1192): warning:  #223-D: function "GUI_Rectangle" declared implicitly
User\Functions.c(1230): warning:  #223-D: function "GUI_Rectangle" declared implicitly
User\Functions.c(1234): warning:  #223-D: function "GUI_Rectangle" declared implicitly
User\Functions.c(1267): warning:  #223-D: function "GUI_Rectangle" declared implicitly
User\Functions.c(1271): warning:  #223-D: function "GUI_Rectangle" declared implicitly
User\Functions.c(1325): warning:  #223-D: function "_24C08_I2C_HalfwordWrite" declared implicitly
User\Functions.c(1333): warning:  #223-D: function "GUI_CircleFill" declared implicitly
User\Functions.c(1343): warning:  #223-D: function "SetTextView" declared implicitly
User\Functions.c(1345): warning:  #223-D: function "CopyLayer" declared implicitly
User\Functions.c(1387): warning:  #223-D: function "Delay_ms" declared implicitly
User\Functions.c(1404): warning:  #223-D: function "GUI_CircleFill" declared implicitly
User\Functions.c(1405): warning:  #223-D: function "_24C08_I2C_HalfwordRead" declared implicitly
User\Functions.c(1406): warning:  #223-D: function "Data_Save_Fault" declared implicitly
User\Functions.c(1407): warning:  #223-D: function "_24C08_I2C_HalfwordWrite" declared implicitly
User\Functions.c(1409): warning:  #223-D: function "SetTextView" declared implicitly
User\Functions.c(1418): warning:  #223-D: function "GUI_CircleFill" declared implicitly
User\Functions.c(1420): warning:  #223-D: function "_24C08_I2C_HalfwordWrite" declared implicitly
User\Functions.c(1422): warning:  #223-D: function "SetTextView" declared implicitly
User\Functions.c(1425): warning:  #223-D: function "CopyLayer" declared implicitly
User\Functions.c(1497): warning:  #223-D: function "GUI_Rectangle" declared implicitly
User\Functions.c(1503): warning:  #223-D: function "GUI_Rectangle" declared implicitly
User\Functions.c(1513): warning:  #223-D: function "_24C08_I2C_HalfwordWrite" declared implicitly
User\Functions.c(1525): warning:  #223-D: function "GUI_Rectangle" declared implicitly
User\Functions.c(1533): warning:  #223-D: function "_24C08_I2C_HalfwordWrite" declared implicitly
User\Functions.c(1544): warning:  #223-D: function "GUI_Rectangle" declared implicitly
User\Functions.c(1575): warning:  #223-D: function "GUI_Rectangle" declared implicitly
User\Functions.c(1579): warning:  #223-D: function "GUI_Rectangle" declared implicitly
User\Functions.c(1590): warning:  #223-D: function "_24C08_I2C_HalfwordWrite" declared implicitly
User\Functions.c(1591): warning:  #223-D: function "SetTouchScreen" declared implicitly
User\Functions.c(1603): warning:  #223-D: function "GUI_Rectangle" declared implicitly
User\Functions.c(1611): warning:  #223-D: function "_24C08_I2C_HalfwordWrite" declared implicitly
User\Functions.c(1612): warning:  #223-D: function "SetTouchScreen" declared implicitly
User\Functions.c(1623): warning:  #223-D: function "GUI_Rectangle" declared implicitly
User\Functions.c(1676): warning:  #223-D: function "_24C08_I2C_HalfwordWrite" declared implicitly
User\Functions.c(1682): warning:  #223-D: function "GUI_CircleFill" declared implicitly
User\Functions.c(1692): warning:  #223-D: function "SetTextView" declared implicitly
User\Functions.c(1694): warning:  #223-D: function "CopyLayer" declared implicitly
User\Functions.c(1737): warning:  #223-D: function "GUI_Rectangle" declared implicitly
User\Functions.c(1743): warning:  #223-D: function "GUI_Rectangle" declared implicitly
User\Functions.c(1753): warning:  #223-D: function "_24C08_I2C_HalfwordWrite" declared implicitly
User\Functions.c(1766): warning:  #223-D: function "GUI_Rectangle" declared implicitly
User\Functions.c(1769): warning:  #223-D: function "SetTextView" declared implicitly
User\Functions.c(1777): warning:  #223-D: function "_24C08_I2C_HalfwordWrite" declared implicitly
User\Functions.c(1779): warning:  #223-D: function "Data_Save_Disable" declared implicitly
User\Functions.c(1791): warning:  #223-D: function "GUI_Rectangle" declared implicitly
User\Functions.c(1793): warning:  #223-D: function "SetTextView" declared implicitly
User\Functions.c(1813): warning:  #223-D: function "SetFcolor" declared implicitly
User\Functions.c(1814): warning:  #223-D: function "DisText" declared implicitly
User\Functions.c(1820): warning:  #223-D: function "Delay_ms" declared implicitly
User\Functions.c(1829): warning:  #223-D: function "_24C08_I2C_HalfwordRead" declared implicitly
User\Functions.c(1830): warning:  #223-D: function "Data_Save_Fault" declared implicitly
User\Functions.c(1831): warning:  #223-D: function "_24C08_I2C_HalfwordWrite" declared implicitly
User\Functions.c(1836): warning:  #223-D: function "_24C08_I2C_HalfwordRead" declared implicitly
User\Functions.c(1860): warning:  #223-D: function "_24C08_I2C_PageWrite" declared implicitly
User\Functions.c(1861): warning:  #223-D: function "_24C08_I2C_ByteWrite" declared implicitly
User\Functions.c(1863): warning:  #223-D: function "_24C08_I2C_HalfwordRead" declared implicitly
User\Functions.c(1873): warning:  #223-D: function "_24C08_I2C_HalfwordWrite" declared implicitly
User\Functions.c(1875): warning:  #223-D: function "WriteLayer" declared implicitly
User\Functions.c(1877): warning:  #223-D: function "SetFcolor" declared implicitly
User\Functions.c(1878): warning:  #223-D: function "GUI_RectangleFill" declared implicitly
User\Functions.c(1885): warning:  #223-D: function "GUI_CircleFill" declared implicitly
User\Functions.c(1890): warning:  #223-D: function "GUI_CircleFill" declared implicitly
User\Functions.c(1896): warning:  #223-D: function "GUI_CircleFill" declared implicitly
User\Functions.c(1898): warning:  #223-D: function "DisText" declared implicitly
User\Functions.c(1903): warning:  #223-D: function "GUI_CircleFill" declared implicitly
User\Functions.c(1905): warning:  #223-D: function "DisText" declared implicitly
User\Functions.c(1907): warning:  #223-D: function "DisText" declared implicitly
User\Functions.c(1911): warning:  #223-D: function "SetTextView" declared implicitly
User\Functions.c(1915): warning:  #223-D: function "DisArea_Image" declared implicitly
User\Functions.c(1918): warning:  #223-D: function "DisplyLayer" declared implicitly
User\Functions.c(1919): warning:  #223-D: function "CopyLayer" declared implicitly
User\Functions.c(1942): warning:  #223-D: function "_24C08_I2C_HalfwordRead" declared implicitly
User\Functions.c(1944): warning:  #223-D: function "WriteLayer" declared implicitly
User\Functions.c(1946): warning:  #223-D: function "SetFcolor" declared implicitly
User\Functions.c(1947): warning:  #223-D: function "GUI_RectangleFill" declared implicitly
User\Functions.c(1953): warning:  #223-D: function "GUI_CircleFill" declared implicitly
User\Functions.c(1958): warning:  #223-D: function "GUI_CircleFill" declared implicitly
User\Functions.c(1962): warning:  #223-D: function "SetTextView" declared implicitly
User\Functions.c(1964): warning:  #223-D: function "DisArea_Image" declared implicitly
User\Functions.c(1966): warning:  #223-D: function "DisText" declared implicitly
User\Functions.c(1995): warning:  #223-D: function "GUI_Rectangle" declared implicitly
User\Functions.c(1997): warning:  #223-D: function "DisplyLayer" declared implicitly
User\Functions.c(1998): warning:  #223-D: function "CopyLayer" declared implicitly
User\Functions.c(2011): warning:  #223-D: function "_24C08_I2C_HalfwordRead" declared implicitly
User\Functions.c(2013): warning:  #223-D: function "WriteLayer" declared implicitly
User\Functions.c(2015): warning:  #223-D: function "SetFcolor" declared implicitly
User\Functions.c(2016): warning:  #223-D: function "GUI_RectangleFill" declared implicitly
User\Functions.c(2021): warning:  #223-D: function "GUI_CircleFill" declared implicitly
User\Functions.c(2026): warning:  #223-D: function "GUI_CircleFill" declared implicitly
User\Functions.c(2030): warning:  #223-D: function "SetTextView" declared implicitly
User\Functions.c(2032): warning:  #223-D: function "DisArea_Image" declared implicitly
User\Functions.c(2034): warning:  #223-D: function "DisText" declared implicitly
User\Functions.c(2071): warning:  #223-D: function "GUI_Rectangle" declared implicitly
User\Functions.c(2073): warning:  #223-D: function "DisplyLayer" declared implicitly
User\Functions.c(2074): warning:  #223-D: function "CopyLayer" declared implicitly
User\Functions.c(2086): warning:  #223-D: function "Data_Get_Once_Fault" declared implicitly
User\Functions.c(2095): warning:  #223-D: function "SetFcolor" declared implicitly
User\Functions.c(2096): warning:  #223-D: function "GUI_RectangleFill" declared implicitly
User\Functions.c(2098): warning:  #223-D: function "DisText" declared implicitly
User\Functions.c(2127): warning:  #223-D: function "Data_Get_Once_Disable" declared implicitly
User\Functions.c(2136): warning:  #223-D: function "SetFcolor" declared implicitly
User\Functions.c(2137): warning:  #223-D: function "GUI_RectangleFill" declared implicitly
User\Functions.c(2139): warning:  #223-D: function "DisText" declared implicitly
User\Functions.c(2168): warning:  #223-D: function "Data_Get_Once" declared implicitly
User\Functions.c(2177): warning:  #223-D: function "SetFcolor" declared implicitly
User\Functions.c(2178): warning:  #223-D: function "GUI_RectangleFill" declared implicitly
User\Functions.c(2180): warning:  #223-D: function "DisText" declared implicitly
User\Functions.c(2215): warning:  #223-D: function "Data_Get_Once" declared implicitly
User\Functions.c(2224): warning:  #223-D: function "SetFcolor" declared implicitly
User\Functions.c(2225): warning:  #223-D: function "GUI_RectangleFill" declared implicitly
User\Functions.c(2227): warning:  #223-D: function "DisText" declared implicitly
User\Functions.c(2263): warning:  #223-D: function "Data_Get_Once" declared implicitly
User\Functions.c(2272): warning:  #223-D: function "SetFcolor" declared implicitly
User\Functions.c(2273): warning:  #223-D: function "GUI_RectangleFill" declared implicitly
User\Functions.c(2275): warning:  #223-D: function "DisText" declared implicitly
User\Functions.c(2280): warning:  #223-D: function "Data_End_Get_Once" declared implicitly
User\Functions.c(2312): warning:  #223-D: function "Data_Get_Once" declared implicitly
User\Functions.c(2321): warning:  #223-D: function "SetFcolor" declared implicitly
User\Functions.c(2322): warning:  #223-D: function "GUI_RectangleFill" declared implicitly
User\Functions.c(2324): warning:  #223-D: function "DisText" declared implicitly
User\Functions.c(2329): warning:  #223-D: function "Data_End_Get_Once" declared implicitly
compiling stm32f10x_it.c...
User\extern_variables.h(61): warning:  #1295-D: Deprecated declaration Get_Cur_Time - give arg types
User\extern_variables.h(62): warning:  #1295-D: Deprecated declaration RTC_Configuration - give arg types
User\extern_variables.h(119): warning:  #1295-D: Deprecated declaration ScreenDataRecv_Process - give arg types
User\stm32f10x_it.c(569): warning:  #223-D: function "_24C08_I2C_HalfwordRead" declared implicitly
User\stm32f10x_it.c(598): warning:  #223-D: function "Data_Save_End" declared implicitly
User\stm32f10x_it.c(599): warning:  #223-D: function "Screen_End_update" declared implicitly
compiling fsmc_cpld_sram.c...
User\extern_variables.h(61): warning:  #1295-D: Deprecated declaration Get_Cur_Time - give arg types
User\extern_variables.h(62): warning:  #1295-D: Deprecated declaration RTC_Configuration - give arg types
User\extern_variables.h(119): warning:  #1295-D: Deprecated declaration ScreenDataRecv_Process - give arg types
compiling PCF8563_I2c.c...
User\extern_variables.h(61): warning:  #1295-D: Deprecated declaration Get_Cur_Time - give arg types
User\extern_variables.h(62): warning:  #1295-D: Deprecated declaration RTC_Configuration - give arg types
User\extern_variables.h(119): warning:  #1295-D: Deprecated declaration ScreenDataRecv_Process - give arg types
User\24C08_PCF8563_I2c.h(23): warning:  #1295-D: Deprecated declaration PCF8563_I2C_Init - give arg types
User\24C08_PCF8563_I2c.h(57): warning:  #1295-D: Deprecated declaration _24C08_I2C_Init - give arg types
User\24C08_PCF8563_I2c.h(64): warning:  #1-D: last line of file ends without a newline
User\PCF8563_I2c.c(37): warning:  #223-D: function "Delay_us" declared implicitly
User\PCF8563_I2c.c(49): warning:  #223-D: function "Delay_us" declared implicitly
User\PCF8563_I2c.c(64): warning:  #223-D: function "Delay_us" declared implicitly
User\PCF8563_I2c.c(80): warning:  #223-D: function "Delay_us" declared implicitly
User\PCF8563_I2c.c(95): warning:  #223-D: function "Delay_us" declared implicitly
User\PCF8563_I2c.c(107): warning:  #223-D: function "Delay_us" declared implicitly
User\PCF8563_I2c.c(125): warning:  #223-D: function "Delay_us" declared implicitly
User\PCF8563_I2c.c(137): warning:  #223-D: function "Delay_us" declared implicitly
compiling 24C08_I2c.c...
User\extern_variables.h(61): warning:  #1295-D: Deprecated declaration Get_Cur_Time - give arg types
User\extern_variables.h(62): warning:  #1295-D: Deprecated declaration RTC_Configuration - give arg types
User\extern_variables.h(119): warning:  #1295-D: Deprecated declaration ScreenDataRecv_Process - give arg types
User\24C08_PCF8563_I2c.h(23): warning:  #1295-D: Deprecated declaration PCF8563_I2C_Init - give arg types
User\24C08_PCF8563_I2c.h(57): warning:  #1295-D: Deprecated declaration _24C08_I2C_Init - give arg types
User\24C08_PCF8563_I2c.h(64): warning:  #1-D: last line of file ends without a newline
User\24C08_I2c.c(46): warning:  #223-D: function "Delay_ms" declared implicitly
User\24C08_I2c.c(67): warning:  #223-D: function "Delay_ms" declared implicitly
User\24C08_I2c.c(93): warning:  #223-D: function "Delay_ms" declared implicitly
User\24C08_I2c.c(112): warning:  #223-D: function "Delay_ms" declared implicitly
User\24C08_I2c.c(139): warning:  #223-D: function "Delay_ms" declared implicitly
User\24C08_I2c.c(164): warning:  #223-D: function "Delay_ms" declared implicitly
User\24C08_I2c.c(193): warning:  #223-D: function "Delay_us" declared implicitly
User\24C08_I2c.c(205): warning:  #223-D: function "Delay_us" declared implicitly
User\24C08_I2c.c(220): warning:  #223-D: function "Delay_us" declared implicitly
User\24C08_I2c.c(233): warning:  #223-D: function "Delay_us" declared implicitly
User\24C08_I2c.c(245): warning:  #223-D: function "Delay_us" declared implicitly
User\24C08_I2c.c(268): warning:  #223-D: function "Delay_us" declared implicitly
User\24C08_I2c.c(274): warning:  #223-D: function "Delay_us" declared implicitly
User\24C08_I2c.c(286): warning:  #223-D: function "Delay_us" declared implicitly
compiling Flash_operation.c...
User\extern_variables.h(61): warning:  #1295-D: Deprecated declaration Get_Cur_Time - give arg types
User\extern_variables.h(62): warning:  #1295-D: Deprecated declaration RTC_Configuration - give arg types
User\extern_variables.h(119): warning:  #1295-D: Deprecated declaration ScreenDataRecv_Process - give arg types
compiling Rtc_operation.c...
User\extern_variables.h(61): warning:  #1295-D: Deprecated declaration Get_Cur_Time - give arg types
User\extern_variables.h(62): warning:  #1295-D: Deprecated declaration RTC_Configuration - give arg types
User\extern_variables.h(119): warning:  #1295-D: Deprecated declaration ScreenDataRecv_Process - give arg types
User\24C08_PCF8563_I2c.h(23): warning:  #1295-D: Deprecated declaration PCF8563_I2C_Init - give arg types
User\24C08_PCF8563_I2c.h(57): warning:  #1295-D: Deprecated declaration _24C08_I2C_Init - give arg types
User\24C08_PCF8563_I2c.h(64): warning:  #1-D: last line of file ends without a newline
compiling Spark_test.c...
User\extern_variables.h(61): warning:  #1295-D: Deprecated declaration Get_Cur_Time - give arg types
User\extern_variables.h(62): warning:  #1295-D: Deprecated declaration RTC_Configuration - give arg types
User\extern_variables.h(119): warning:  #1295-D: Deprecated declaration ScreenDataRecv_Process - give arg types
User\Spark_test.c(18): warning:  #1295-D: Deprecated declaration Water_Spray - give arg types
User\Spark_test.c(20): warning:  #1295-D: Deprecated declaration Data_Save_End - give arg types
User\Spark_test.c(23): warning:  #1295-D: Deprecated declaration Data_Get_All - give arg types
User\Spark_test.c(183): warning:  #223-D: function "_24C08_I2C_HalfwordRead" declared implicitly
User\Spark_test.c(203): warning:  #223-D: function "FSMC_SRAM_WriteStruct" declared implicitly
User\Spark_test.c(205): warning:  #223-D: function "_24C08_I2C_HalfwordWrite" declared implicitly
User\Spark_test.c(220): warning:  #223-D: function "_24C08_I2C_HalfwordRead" declared implicitly
User\Spark_test.c(240): warning:  #223-D: function "FSMC_SRAM_WriteStruct" declared implicitly
User\Spark_test.c(242): warning:  #223-D: function "_24C08_I2C_HalfwordWrite" declared implicitly
User\Spark_test.c(268): warning:  #223-D: function "FSMC_SRAM_ReadStruct" declared implicitly
User\Spark_test.c(292): warning:  #223-D: function "FSMC_SRAM_ReadStruct" declared implicitly
compiling Fault_test.c...
User\extern_variables.h(61): warning:  #1295-D: Deprecated declaration Get_Cur_Time - give arg types
User\extern_variables.h(62): warning:  #1295-D: Deprecated declaration RTC_Configuration - give arg types
User\extern_variables.h(119): warning:  #1295-D: Deprecated declaration ScreenDataRecv_Process - give arg types
User\Fault_test.c(6): warning:  #1295-D: Deprecated declaration Data_Save_Fault - give arg types
User\Fault_test.c(21): warning:  #223-D: function "_24C08_I2C_HalfwordRead" declared implicitly
User\Fault_test.c(34): warning:  #223-D: function "FSMC_SRAM_WriteStruct" declared implicitly
User\Fault_test.c(36): warning:  #223-D: function "_24C08_I2C_HalfwordWrite" declared implicitly
User\Fault_test.c(60): warning:  #223-D: function "FSMC_SRAM_ReadStruct" declared implicitly
compiling Disable_test .c...
User\extern_variables.h(61): warning:  #1295-D: Deprecated declaration Get_Cur_Time - give arg types
User\extern_variables.h(62): warning:  #1295-D: Deprecated declaration RTC_Configuration - give arg types
User\extern_variables.h(119): warning:  #1295-D: Deprecated declaration ScreenDataRecv_Process - give arg types
User\Disable_test .c(6): warning:  #1295-D: Deprecated declaration Data_Save_Disable - give arg types
User\Disable_test .c(21): warning:  #223-D: function "_24C08_I2C_HalfwordRead" declared implicitly
User\Disable_test .c(34): warning:  #223-D: function "FSMC_SRAM_WriteStruct" declared implicitly
User\Disable_test .c(36): warning:  #223-D: function "_24C08_I2C_HalfwordWrite" declared implicitly
User\Disable_test .c(60): warning:  #223-D: function "FSMC_SRAM_ReadStruct" declared implicitly
compiling Params.c...
User\extern_variables.h(61): warning:  #1295-D: Deprecated declaration Get_Cur_Time - give arg types
User\extern_variables.h(62): warning:  #1295-D: Deprecated declaration RTC_Configuration - give arg types
User\extern_variables.h(119): warning:  #1295-D: Deprecated declaration ScreenDataRecv_Process - give arg types
compiling language.c...
compiling Screen.c...
User\Screen.h(30): warning:  #1295-D: Deprecated declaration SendBeginCMD - give arg types
User\Screen.h(38): warning:  #1295-D: Deprecated declaration SendEndCmd - give arg types
User\Screen.h(81): warning:  #1295-D: Deprecated declaration GUI_CleanScreen - give arg types
User\Screen.h(361): warning:  #1295-D: Deprecated declaration SetTouchScreen_Adj - give arg types
User\Screen.h(369): warning:  #1295-D: Deprecated declaration TestTouchScreen - give arg types
User\Screen.c(1295): warning:  #1-D: last line of file ends without a newline
linking...
Program Size: Code=40314 RO-data=4410 RW-data=1168 ZI-data=1912  
FromELF: creating hex file...
"Huohuaarm.axf" - 0 Error(s), 337 Warning(s).
Load "E:\\GITHUB\\spark\\»ð»¨Ï¨ÃðSTM32_gitbub°æ\\Huohuaarm.AXF" 
Erase Done.
Programming Done.
Verify OK.
Application running ...
