<html>
<body>
<pre>
<h1>µVision Build Log</h1>
<h2>Project:</h2>
E:\GITHUB\spark\»ð»¨Ï¨ÃðSTM32_gitbub°æ\Huohuaarm.uvproj
Project File Date:  04/06/2017

<h2>Output:</h2>
Build target 'Target 1'
assembling cortexm3_macro.s...
assembling stm32f10x_vector.s...
compiling main.c...
User\extern_variables.h(58): warning:  #1295-D: Deprecated declaration Get_Cur_Time - give arg types
User\extern_variables.h(59): warning:  #1295-D: Deprecated declaration RTC_Configuration - give arg types
User\extern_variables.h(116): warning:  #1295-D: Deprecated declaration ScreenDataRecv_Process - give arg types
User\Screen.h(30): warning:  #1295-D: Deprecated declaration SendBeginCMD - give arg types
User\Screen.h(38): warning:  #1295-D: Deprecated declaration SendEndCmd - give arg types
User\Screen.h(81): warning:  #1295-D: Deprecated declaration GUI_CleanScreen - give arg types
User\Screen.h(361): warning:  #1295-D: Deprecated declaration SetTouchScreen_Adj - give arg types
User\Screen.h(369): warning:  #1295-D: Deprecated declaration TestTouchScreen - give arg types
User\main.c(28): warning:  #1295-D: Deprecated declaration RTC_Display - give arg types
User\main.c(77): warning:  #223-D: function "PCF8563_I2C_Init" declared implicitly
User\main.c(80): warning:  #223-D: function "_24C08_I2C_Init" declared implicitly
User\main.c(87): warning:  #223-D: function "Power_on_Init" declared implicitly
User\main.c(88): warning:  #223-D: function "_24C08_I2C_HalfwordWrite" declared implicitly
User\main.c(90): warning:  #223-D: function "Power_on_self_Test" declared implicitly
User\main.c(114): warning:  #223-D: function "ScreenInit" declared implicitly
User\main.c(122): warning:  #223-D: function "Screen_update" declared implicitly
User\main.c(177): warning:  #177-D: variable "EXTI_InitStructure" was declared but never referenced
User\main.c(178): warning:  #177-D: variable "HSEStartUpStatus" was declared but never referenced
User\main.c(534): warning:  #223-D: function "itoa" declared implicitly
User\main.c(535): warning:  #223-D: function "itoaD" declared implicitly
User\main.c(550): warning:  #223-D: function "itoa" declared implicitly
User\main.c(551): warning:  #223-D: function "itoaD" declared implicitly
User\main.c(556): warning:  #223-D: function "itoaD" declared implicitly
compiling Functions.c...
User\extern_variables.h(58): warning:  #1295-D: Deprecated declaration Get_Cur_Time - give arg types
User\extern_variables.h(59): warning:  #1295-D: Deprecated declaration RTC_Configuration - give arg types
User\extern_variables.h(116): warning:  #1295-D: Deprecated declaration ScreenDataRecv_Process - give arg types
User\Functions.c(30): warning:  #1295-D: Deprecated declaration TextProcess - give arg types
User\Functions.c(31): warning:  #1295-D: Deprecated declaration ButtonProcess - give arg types
User\Functions.c(32): warning:  #1295-D: Deprecated declaration itoa - give arg types
User\Functions.c(33): warning:  #1295-D: Deprecated declaration itoaD - give arg types
User\Functions.c(34): warning:  #1295-D: Deprecated declaration itoaT - give arg types
User\Functions.c(35): warning:  #1295-D: Deprecated declaration itoaF - give arg types
User\Functions.c(36): warning:  #1295-D: Deprecated declaration Alarm_Display_A - give arg types
User\Functions.c(37): warning:  #1295-D: Deprecated declaration Alarm_Display_B - give arg types
User\Functions.c(38): warning:  #1295-D: Deprecated declaration Alarm_End_Display_A - give arg types
User\Functions.c(39): warning:  #1295-D: Deprecated declaration Alarm_End_Display_B - give arg types
User\Functions.c(40): warning:  #1295-D: Deprecated declaration Fault_Display_A - give arg types
User\Functions.c(41): warning:  #1295-D: Deprecated declaration Disable_Display_A - give arg types
User\Functions.c(101): warning:  #223-D: function "_24C08_I2C_ByteRead" declared implicitly
User\Functions.c(102): warning:  #223-D: function "Delay_ms" declared implicitly
User\Functions.c(103): warning:  #223-D: function "_24C08_I2C_BufferRead" declared implicitly
User\Functions.c(106): warning:  #223-D: function "WriteLayer" declared implicitly
User\Functions.c(112): warning:  #223-D: function "SetFcolor" declared implicitly
User\Functions.c(113): warning:  #223-D: function "GUI_RectangleFill" declared implicitly
User\Functions.c(116): warning:  #223-D: function "DisText" declared implicitly
User\Functions.c(130): warning:  #223-D: function "SetFcolor" declared implicitly
User\Functions.c(131): warning:  #223-D: function "GUI_RectangleFill" declared implicitly
User\Functions.c(134): warning:  #223-D: function "DisText" declared implicitly
User\Functions.c(141): warning:  #223-D: function "SetFcolor" declared implicitly
User\Functions.c(142): warning:  #223-D: function "GUI_RectangleFill" declared implicitly
User\Functions.c(149): warning:  #223-D: function "DisText" declared implicitly
User\Functions.c(150): warning:  #223-D: function "DisArea_Image" declared implicitly
User\Functions.c(166): warning:  #223-D: function "DisplyLayer" declared implicitly
User\Functions.c(167): warning:  #223-D: function "CopyLayer" declared implicitly
User\Functions.c(175): warning:  #186-D: pointless comparison of unsigned integer with zero
User\Functions.c(179): warning:  #223-D: function "RTC_Display" declared implicitly
User\Functions.c(180): warning:  #223-D: function "SetFcolor" declared implicitly
User\Functions.c(181): warning:  #223-D: function "GUI_RectangleFill" declared implicitly
User\Functions.c(183): warning:  #223-D: function "DisText" declared implicitly
User\Functions.c(187): warning:  #223-D: function "SetFcolor" declared implicitly
User\Functions.c(188): warning:  #223-D: function "GUI_RectangleFill" declared implicitly
User\Functions.c(190): warning:  #223-D: function "DisText" declared implicitly
User\Functions.c(198): warning:  #186-D: pointless comparison of unsigned integer with zero
User\Functions.c(198): warning:  #186-D: pointless comparison of unsigned integer with zero
User\Functions.c(198): warning:  #186-D: pointless comparison of unsigned integer with zero
User\Functions.c(203): warning:  #223-D: function "RTC_Display" declared implicitly
User\Functions.c(204): warning:  #223-D: function "SetFcolor" declared implicitly
User\Functions.c(205): warning:  #223-D: function "GUI_RectangleFill" declared implicitly
User\Functions.c(207): warning:  #223-D: function "DisText" declared implicitly
User\Functions.c(211): warning:  #223-D: function "SetFcolor" declared implicitly
User\Functions.c(212): warning:  #223-D: function "GUI_RectangleFill" declared implicitly
User\Functions.c(214): warning:  #223-D: function "DisText" declared implicitly
User\Functions.c(222): warning:  #223-D: function "_24C08_I2C_ByteRead" declared implicitly
User\Functions.c(223): warning:  #223-D: function "Delay_ms" declared implicitly
User\Functions.c(224): warning:  #223-D: function "_24C08_I2C_BufferRead" declared implicitly
User\Functions.c(228): warning:  #223-D: function "SetFcolor" declared implicitly
User\Functions.c(229): warning:  #223-D: function "GUI_RectangleFill" declared implicitly
User\Functions.c(232): warning:  #223-D: function "DisText" declared implicitly
User\Functions.c(239): warning:  #223-D: function "SetFcolor" declared implicitly
User\Functions.c(240): warning:  #223-D: function "GUI_RectangleFill" declared implicitly
User\Functions.c(243): warning:  #223-D: function "DisText" declared implicitly
User\Functions.c(248): warning:  #167-D: argument of type "u8 *" is incompatible with parameter of type "char *restrict"
User\Functions.c(249): warning:  #223-D: function "SetFcolor" declared implicitly
User\Functions.c(250): warning:  #223-D: function "GUI_RectangleFill" declared implicitly
User\Functions.c(253): warning:  #223-D: function "DisText" declared implicitly
User\Functions.c(261): warning:  #167-D: argument of type "u8 *" is incompatible with parameter of type "const char *"
User\Functions.c(262): warning:  #223-D: function "_24C08_I2C_ByteWrite" declared implicitly
User\Functions.c(264): warning:  #223-D: function "_24C08_I2C_PageWrite" declared implicitly
User\Functions.c(292): warning:  #174-D: expression has no effect
User\Functions.c(299): warning:  #223-D: function "SetFcolor" declared implicitly
User\Functions.c(300): warning:  #223-D: function "GUI_RectangleFill" declared implicitly
User\Functions.c(306): warning:  #223-D: function "DisText" declared implicitly
User\Functions.c(307): warning:  #223-D: function "_24C08_I2C_HalfwordWrite" declared implicitly
User\Functions.c(82): warning:  #177-D: variable "Subtype" was declared but never referenced
User\Functions.c(83): warning:  #177-D: variable "Status" was declared but never referenced
User\Functions.c(396): warning:  #186-D: pointless comparison of unsigned integer with zero
User\Functions.c(483): warning:  #223-D: function "WriteLayer" declared implicitly
User\Functions.c(484): warning:  #223-D: function "SetFcolor" declared implicitly
User\Functions.c(485): warning:  #223-D: function "GUI_RectangleFill" declared implicitly
User\Functions.c(488): warning:  #223-D: function "DisArea_Image" declared implicitly
User\Functions.c(489): warning:  #223-D: function "DisText" declared implicitly
User\Functions.c(498): warning:  #223-D: function "GUI_Rectangle" declared implicitly
User\Functions.c(503): warning:  #223-D: function "GUI_Rectangle" declared implicitly
User\Functions.c(509): warning:  #223-D: function "DisplyLayer" declared implicitly
User\Functions.c(517): warning:  #223-D: function "Data_Get_Once" declared implicitly
User\Functions.c(577): warning:  #223-D: function "GUI_Rectangle" declared implicitly
User\Functions.c(581): warning:  #223-D: function "GUI_Rectangle" declared implicitly
User\Functions.c(606): warning:  #223-D: function "GUI_Rectangle" declared implicitly
User\Functions.c(643): warning:  #223-D: function "GUI_Rectangle" declared implicitly
User\Functions.c(647): warning:  #223-D: function "GUI_Rectangle" declared implicitly
User\Functions.c(680): warning:  #223-D: function "GUI_Rectangle" declared implicitly
User\Functions.c(684): warning:  #223-D: function "GUI_Rectangle" declared implicitly
User\Functions.c(873): warning:  #223-D: function "GUI_Rectangle" declared implicitly
User\Functions.c(874): warning:  #223-D: function "GUI_Line" declared implicitly
User\Functions.c(898): warning:  #223-D: function "_24C08_I2C_HalfwordRead" declared implicitly
User\Functions.c(921): warning:  #223-D: function "GUI_Rectangle" declared implicitly
User\Functions.c(922): warning:  #223-D: function "GUI_Line" declared implicitly
User\Functions.c(1035): warning:  #223-D: function "GUI_Rectangle" declared implicitly
User\Functions.c(1036): warning:  #223-D: function "GUI_Line" declared implicitly
User\Functions.c(1063): warning:  #223-D: function "GUI_Rectangle" declared implicitly
User\Functions.c(1064): warning:  #223-D: function "GUI_Line" declared implicitly
User\Functions.c(1086): warning:  #223-D: function "GUI_Rectangle" declared implicitly
User\Functions.c(1087): warning:  #223-D: function "GUI_Line" declared implicitly
User\Functions.c(1144): warning:  #223-D: function "GUI_Rectangle" declared implicitly
User\Functions.c(1149): warning:  #223-D: function "GUI_Rectangle" declared implicitly
User\Functions.c(1179): warning:  #223-D: function "GUI_Rectangle" declared implicitly
User\Functions.c(1217): warning:  #223-D: function "GUI_Rectangle" declared implicitly
User\Functions.c(1221): warning:  #223-D: function "GUI_Rectangle" declared implicitly
User\Functions.c(1254): warning:  #223-D: function "GUI_Rectangle" declared implicitly
User\Functions.c(1258): warning:  #223-D: function "GUI_Rectangle" declared implicitly
User\Functions.c(1312): warning:  #223-D: function "_24C08_I2C_HalfwordWrite" declared implicitly
User\Functions.c(1320): warning:  #223-D: function "GUI_CircleFill" declared implicitly
User\Functions.c(1330): warning:  #223-D: function "SetTextView" declared implicitly
User\Functions.c(1332): warning:  #223-D: function "CopyLayer" declared implicitly
User\Functions.c(1372): warning:  #223-D: function "Delay_ms" declared implicitly
User\Functions.c(1389): warning:  #223-D: function "GUI_CircleFill" declared implicitly
User\Functions.c(1390): warning:  #223-D: function "_24C08_I2C_HalfwordRead" declared implicitly
User\Functions.c(1391): warning:  #223-D: function "Data_Save_Fault" declared implicitly
User\Functions.c(1392): warning:  #223-D: function "_24C08_I2C_HalfwordWrite" declared implicitly
User\Functions.c(1394): warning:  #223-D: function "SetTextView" declared implicitly
User\Functions.c(1401): warning:  #223-D: function "GUI_CircleFill" declared implicitly
User\Functions.c(1403): warning:  #223-D: function "_24C08_I2C_HalfwordWrite" declared implicitly
User\Functions.c(1405): warning:  #223-D: function "SetTextView" declared implicitly
User\Functions.c(1408): warning:  #223-D: function "CopyLayer" declared implicitly
User\Functions.c(1480): warning:  #223-D: function "GUI_Rectangle" declared implicitly
User\Functions.c(1486): warning:  #223-D: function "GUI_Rectangle" declared implicitly
User\Functions.c(1496): warning:  #223-D: function "_24C08_I2C_HalfwordWrite" declared implicitly
User\Functions.c(1508): warning:  #223-D: function "GUI_Rectangle" declared implicitly
User\Functions.c(1516): warning:  #223-D: function "_24C08_I2C_HalfwordWrite" declared implicitly
User\Functions.c(1527): warning:  #223-D: function "GUI_Rectangle" declared implicitly
User\Functions.c(1557): warning:  #223-D: function "GUI_Rectangle" declared implicitly
User\Functions.c(1563): warning:  #223-D: function "GUI_Rectangle" declared implicitly
User\Functions.c(1573): warning:  #223-D: function "_24C08_I2C_HalfwordWrite" declared implicitly
User\Functions.c(1574): warning:  #223-D: function "SetTouchScreen" declared implicitly
User\Functions.c(1586): warning:  #223-D: function "GUI_Rectangle" declared implicitly
User\Functions.c(1594): warning:  #223-D: function "_24C08_I2C_HalfwordWrite" declared implicitly
User\Functions.c(1595): warning:  #223-D: function "SetTouchScreen" declared implicitly
User\Functions.c(1606): warning:  #223-D: function "GUI_Rectangle" declared implicitly
User\Functions.c(1659): warning:  #223-D: function "_24C08_I2C_HalfwordWrite" declared implicitly
User\Functions.c(1665): warning:  #223-D: function "GUI_CircleFill" declared implicitly
User\Functions.c(1675): warning:  #223-D: function "SetTextView" declared implicitly
User\Functions.c(1677): warning:  #223-D: function "CopyLayer" declared implicitly
User\Functions.c(1720): warning:  #223-D: function "GUI_Rectangle" declared implicitly
User\Functions.c(1726): warning:  #223-D: function "GUI_Rectangle" declared implicitly
User\Functions.c(1736): warning:  #223-D: function "_24C08_I2C_HalfwordWrite" declared implicitly
User\Functions.c(1749): warning:  #223-D: function "GUI_Rectangle" declared implicitly
User\Functions.c(1752): warning:  #223-D: function "SetTextView" declared implicitly
User\Functions.c(1760): warning:  #223-D: function "_24C08_I2C_HalfwordWrite" declared implicitly
User\Functions.c(1762): warning:  #223-D: function "Data_Save_Disable" declared implicitly
User\Functions.c(1774): warning:  #223-D: function "GUI_Rectangle" declared implicitly
User\Functions.c(1776): warning:  #223-D: function "SetTextView" declared implicitly
User\Functions.c(1796): warning:  #223-D: function "SetFcolor" declared implicitly
User\Functions.c(1797): warning:  #223-D: function "DisText" declared implicitly
User\Functions.c(1803): warning:  #223-D: function "Delay_ms" declared implicitly
User\Functions.c(1812): warning:  #223-D: function "_24C08_I2C_HalfwordRead" declared implicitly
User\Functions.c(1813): warning:  #223-D: function "Data_Save_Fault" declared implicitly
User\Functions.c(1814): warning:  #223-D: function "_24C08_I2C_HalfwordWrite" declared implicitly
User\Functions.c(1819): warning:  #223-D: function "_24C08_I2C_HalfwordRead" declared implicitly
User\Functions.c(1839): warning:  #223-D: function "_24C08_I2C_HalfwordWrite" declared implicitly
User\Functions.c(1841): warning:  #223-D: function "_24C08_I2C_PageWrite" declared implicitly
User\Functions.c(1842): warning:  #223-D: function "_24C08_I2C_ByteWrite" declared implicitly
User\Functions.c(1844): warning:  #223-D: function "_24C08_I2C_HalfwordRead" declared implicitly
User\Functions.c(1854): warning:  #223-D: function "WriteLayer" declared implicitly
User\Functions.c(1856): warning:  #223-D: function "SetFcolor" declared implicitly
User\Functions.c(1857): warning:  #223-D: function "GUI_RectangleFill" declared implicitly
User\Functions.c(1864): warning:  #223-D: function "GUI_CircleFill" declared implicitly
User\Functions.c(1869): warning:  #223-D: function "GUI_CircleFill" declared implicitly
User\Functions.c(1875): warning:  #223-D: function "GUI_CircleFill" declared implicitly
User\Functions.c(1877): warning:  #223-D: function "DisText" declared implicitly
User\Functions.c(1882): warning:  #223-D: function "GUI_CircleFill" declared implicitly
User\Functions.c(1884): warning:  #223-D: function "DisText" declared implicitly
User\Functions.c(1886): warning:  #223-D: function "DisText" declared implicitly
User\Functions.c(1890): warning:  #223-D: function "SetTextView" declared implicitly
User\Functions.c(1894): warning:  #223-D: function "DisArea_Image" declared implicitly
User\Functions.c(1897): warning:  #223-D: function "DisplyLayer" declared implicitly
User\Functions.c(1898): warning:  #223-D: function "CopyLayer" declared implicitly
User\Functions.c(1912): warning:  #223-D: function "_24C08_I2C_HalfwordRead" declared implicitly
User\Functions.c(1914): warning:  #223-D: function "WriteLayer" declared implicitly
User\Functions.c(1916): warning:  #223-D: function "SetFcolor" declared implicitly
User\Functions.c(1917): warning:  #223-D: function "GUI_RectangleFill" declared implicitly
User\Functions.c(1923): warning:  #223-D: function "GUI_CircleFill" declared implicitly
User\Functions.c(1928): warning:  #223-D: function "GUI_CircleFill" declared implicitly
User\Functions.c(1932): warning:  #223-D: function "SetTextView" declared implicitly
User\Functions.c(1934): warning:  #223-D: function "DisArea_Image" declared implicitly
User\Functions.c(1936): warning:  #223-D: function "DisText" declared implicitly
User\Functions.c(1965): warning:  #223-D: function "GUI_Rectangle" declared implicitly
User\Functions.c(1967): warning:  #223-D: function "DisplyLayer" declared implicitly
User\Functions.c(1968): warning:  #223-D: function "CopyLayer" declared implicitly
User\Functions.c(1981): warning:  #223-D: function "_24C08_I2C_HalfwordRead" declared implicitly
User\Functions.c(1983): warning:  #223-D: function "WriteLayer" declared implicitly
User\Functions.c(1985): warning:  #223-D: function "SetFcolor" declared implicitly
User\Functions.c(1986): warning:  #223-D: function "GUI_RectangleFill" declared implicitly
User\Functions.c(1992): warning:  #223-D: function "GUI_CircleFill" declared implicitly
User\Functions.c(1997): warning:  #223-D: function "GUI_CircleFill" declared implicitly
User\Functions.c(2001): warning:  #223-D: function "SetTextView" declared implicitly
User\Functions.c(2003): warning:  #223-D: function "DisArea_Image" declared implicitly
User\Functions.c(2005): warning:  #223-D: function "DisText" declared implicitly
User\Functions.c(2038): warning:  #223-D: function "GUI_Rectangle" declared implicitly
User\Functions.c(2040): warning:  #223-D: function "DisplyLayer" declared implicitly
User\Functions.c(2041): warning:  #223-D: function "CopyLayer" declared implicitly
User\Functions.c(2053): warning:  #223-D: function "Data_Get_Once_Fault" declared implicitly
User\Functions.c(2062): warning:  #223-D: function "SetFcolor" declared implicitly
User\Functions.c(2063): warning:  #223-D: function "GUI_RectangleFill" declared implicitly
User\Functions.c(2065): warning:  #223-D: function "DisText" declared implicitly
User\Functions.c(2094): warning:  #223-D: function "Data_Get_Once_Disable" declared implicitly
User\Functions.c(2103): warning:  #223-D: function "SetFcolor" declared implicitly
User\Functions.c(2104): warning:  #223-D: function "GUI_RectangleFill" declared implicitly
User\Functions.c(2106): warning:  #223-D: function "DisText" declared implicitly
User\Functions.c(2135): warning:  #223-D: function "Data_Get_Once" declared implicitly
User\Functions.c(2144): warning:  #223-D: function "SetFcolor" declared implicitly
User\Functions.c(2145): warning:  #223-D: function "GUI_RectangleFill" declared implicitly
User\Functions.c(2147): warning:  #223-D: function "DisText" declared implicitly
User\Functions.c(2182): warning:  #223-D: function "Data_Get_Once" declared implicitly
User\Functions.c(2191): warning:  #223-D: function "SetFcolor" declared implicitly
User\Functions.c(2192): warning:  #223-D: function "GUI_RectangleFill" declared implicitly
User\Functions.c(2194): warning:  #223-D: function "DisText" declared implicitly
User\Functions.c(2230): warning:  #223-D: function "Data_Get_Once" declared implicitly
User\Functions.c(2239): warning:  #223-D: function "SetFcolor" declared implicitly
User\Functions.c(2240): warning:  #223-D: function "GUI_RectangleFill" declared implicitly
User\Functions.c(2242): warning:  #223-D: function "DisText" declared implicitly
User\Functions.c(2247): warning:  #223-D: function "Data_End_Get_Once" declared implicitly
User\Functions.c(2279): warning:  #223-D: function "Data_Get_Once" declared implicitly
User\Functions.c(2288): warning:  #223-D: function "SetFcolor" declared implicitly
User\Functions.c(2289): warning:  #223-D: function "GUI_RectangleFill" declared implicitly
User\Functions.c(2291): warning:  #223-D: function "DisText" declared implicitly
User\Functions.c(2296): warning:  #223-D: function "Data_End_Get_Once" declared implicitly
compiling stm32f10x_it.c...
User\extern_variables.h(58): warning:  #1295-D: Deprecated declaration Get_Cur_Time - give arg types
User\extern_variables.h(59): warning:  #1295-D: Deprecated declaration RTC_Configuration - give arg types
User\extern_variables.h(116): warning:  #1295-D: Deprecated declaration ScreenDataRecv_Process - give arg types
User\stm32f10x_it.c(569): warning:  #223-D: function "_24C08_I2C_HalfwordRead" declared implicitly
User\stm32f10x_it.c(598): warning:  #223-D: function "Data_Save_End" declared implicitly
User\stm32f10x_it.c(599): warning:  #223-D: function "Screen_End_update" declared implicitly
compiling fsmc_cpld_sram.c...
User\extern_variables.h(58): warning:  #1295-D: Deprecated declaration Get_Cur_Time - give arg types
User\extern_variables.h(59): warning:  #1295-D: Deprecated declaration RTC_Configuration - give arg types
User\extern_variables.h(116): warning:  #1295-D: Deprecated declaration ScreenDataRecv_Process - give arg types
compiling PCF8563_I2c.c...
User\extern_variables.h(58): warning:  #1295-D: Deprecated declaration Get_Cur_Time - give arg types
User\extern_variables.h(59): warning:  #1295-D: Deprecated declaration RTC_Configuration - give arg types
User\extern_variables.h(116): warning:  #1295-D: Deprecated declaration ScreenDataRecv_Process - give arg types
User\24C08_PCF8563_I2c.h(23): warning:  #1295-D: Deprecated declaration PCF8563_I2C_Init - give arg types
User\24C08_PCF8563_I2c.h(57): warning:  #1295-D: Deprecated declaration _24C08_I2C_Init - give arg types
User\24C08_PCF8563_I2c.h(64): warning:  #1-D: last line of file ends without a newline
User\PCF8563_I2c.c(37): warning:  #223-D: function "Delay_us" declared implicitly
User\PCF8563_I2c.c(49): warning:  #223-D: function "Delay_us" declared implicitly
User\PCF8563_I2c.c(64): warning:  #223-D: function "Delay_us" declared implicitly
User\PCF8563_I2c.c(80): warning:  #223-D: function "Delay_us" declared implicitly
User\PCF8563_I2c.c(95): warning:  #223-D: function "Delay_us" declared implicitly
User\PCF8563_I2c.c(107): warning:  #223-D: function "Delay_us" declared implicitly
User\PCF8563_I2c.c(125): warning:  #223-D: function "Delay_us" declared implicitly
User\PCF8563_I2c.c(137): warning:  #223-D: function "Delay_us" declared implicitly
compiling 24C08_I2c.c...
User\extern_variables.h(58): warning:  #1295-D: Deprecated declaration Get_Cur_Time - give arg types
User\extern_variables.h(59): warning:  #1295-D: Deprecated declaration RTC_Configuration - give arg types
User\extern_variables.h(116): warning:  #1295-D: Deprecated declaration ScreenDataRecv_Process - give arg types
User\24C08_PCF8563_I2c.h(23): warning:  #1295-D: Deprecated declaration PCF8563_I2C_Init - give arg types
User\24C08_PCF8563_I2c.h(57): warning:  #1295-D: Deprecated declaration _24C08_I2C_Init - give arg types
User\24C08_PCF8563_I2c.h(64): warning:  #1-D: last line of file ends without a newline
User\24C08_I2c.c(46): warning:  #223-D: function "Delay_ms" declared implicitly
User\24C08_I2c.c(67): warning:  #223-D: function "Delay_ms" declared implicitly
User\24C08_I2c.c(93): warning:  #223-D: function "Delay_ms" declared implicitly
User\24C08_I2c.c(112): warning:  #223-D: function "Delay_ms" declared implicitly
User\24C08_I2c.c(139): warning:  #223-D: function "Delay_ms" declared implicitly
User\24C08_I2c.c(164): warning:  #223-D: function "Delay_ms" declared implicitly
User\24C08_I2c.c(193): warning:  #223-D: function "Delay_us" declared implicitly
User\24C08_I2c.c(205): warning:  #223-D: function "Delay_us" declared implicitly
User\24C08_I2c.c(220): warning:  #223-D: function "Delay_us" declared implicitly
User\24C08_I2c.c(233): warning:  #223-D: function "Delay_us" declared implicitly
User\24C08_I2c.c(245): warning:  #223-D: function "Delay_us" declared implicitly
User\24C08_I2c.c(268): warning:  #223-D: function "Delay_us" declared implicitly
User\24C08_I2c.c(274): warning:  #223-D: function "Delay_us" declared implicitly
User\24C08_I2c.c(286): warning:  #223-D: function "Delay_us" declared implicitly
compiling Flash_operation.c...
User\extern_variables.h(58): warning:  #1295-D: Deprecated declaration Get_Cur_Time - give arg types
User\extern_variables.h(59): warning:  #1295-D: Deprecated declaration RTC_Configuration - give arg types
User\extern_variables.h(116): warning:  #1295-D: Deprecated declaration ScreenDataRecv_Process - give arg types
compiling Rtc_operation.c...
User\extern_variables.h(58): warning:  #1295-D: Deprecated declaration Get_Cur_Time - give arg types
User\extern_variables.h(59): warning:  #1295-D: Deprecated declaration RTC_Configuration - give arg types
User\extern_variables.h(116): warning:  #1295-D: Deprecated declaration ScreenDataRecv_Process - give arg types
User\24C08_PCF8563_I2c.h(23): warning:  #1295-D: Deprecated declaration PCF8563_I2C_Init - give arg types
User\24C08_PCF8563_I2c.h(57): warning:  #1295-D: Deprecated declaration _24C08_I2C_Init - give arg types
User\24C08_PCF8563_I2c.h(64): warning:  #1-D: last line of file ends without a newline
compiling Spark_test.c...
User\extern_variables.h(58): warning:  #1295-D: Deprecated declaration Get_Cur_Time - give arg types
User\extern_variables.h(59): warning:  #1295-D: Deprecated declaration RTC_Configuration - give arg types
User\extern_variables.h(116): warning:  #1295-D: Deprecated declaration ScreenDataRecv_Process - give arg types
User\Spark_test.c(18): warning:  #1295-D: Deprecated declaration Water_Spray - give arg types
User\Spark_test.c(20): warning:  #1295-D: Deprecated declaration Data_Save_End - give arg types
User\Spark_test.c(23): warning:  #1295-D: Deprecated declaration Data_Get_All - give arg types
User\Spark_test.c(183): warning:  #223-D: function "_24C08_I2C_HalfwordRead" declared implicitly
User\Spark_test.c(203): warning:  #223-D: function "FSMC_SRAM_WriteStruct" declared implicitly
User\Spark_test.c(205): warning:  #223-D: function "_24C08_I2C_HalfwordWrite" declared implicitly
User\Spark_test.c(220): warning:  #223-D: function "_24C08_I2C_HalfwordRead" declared implicitly
User\Spark_test.c(240): warning:  #223-D: function "FSMC_SRAM_WriteStruct" declared implicitly
User\Spark_test.c(242): warning:  #223-D: function "_24C08_I2C_HalfwordWrite" declared implicitly
User\Spark_test.c(268): warning:  #223-D: function "FSMC_SRAM_ReadStruct" declared implicitly
User\Spark_test.c(292): warning:  #223-D: function "FSMC_SRAM_ReadStruct" declared implicitly
compiling Fault_test.c...
User\extern_variables.h(58): warning:  #1295-D: Deprecated declaration Get_Cur_Time - give arg types
User\extern_variables.h(59): warning:  #1295-D: Deprecated declaration RTC_Configuration - give arg types
User\extern_variables.h(116): warning:  #1295-D: Deprecated declaration ScreenDataRecv_Process - give arg types
User\Fault_test.c(6): warning:  #1295-D: Deprecated declaration Data_Save_Fault - give arg types
User\Fault_test.c(21): warning:  #223-D: function "_24C08_I2C_HalfwordRead" declared implicitly
User\Fault_test.c(34): warning:  #223-D: function "FSMC_SRAM_WriteStruct" declared implicitly
User\Fault_test.c(36): warning:  #223-D: function "_24C08_I2C_HalfwordWrite" declared implicitly
User\Fault_test.c(60): warning:  #223-D: function "FSMC_SRAM_ReadStruct" declared implicitly
compiling Disable_test .c...
User\extern_variables.h(58): warning:  #1295-D: Deprecated declaration Get_Cur_Time - give arg types
User\extern_variables.h(59): warning:  #1295-D: Deprecated declaration RTC_Configuration - give arg types
User\extern_variables.h(116): warning:  #1295-D: Deprecated declaration ScreenDataRecv_Process - give arg types
User\Disable_test .c(6): warning:  #1295-D: Deprecated declaration Data_Save_Disable - give arg types
User\Disable_test .c(21): warning:  #223-D: function "_24C08_I2C_HalfwordRead" declared implicitly
User\Disable_test .c(34): warning:  #223-D: function "FSMC_SRAM_WriteStruct" declared implicitly
User\Disable_test .c(36): warning:  #223-D: function "_24C08_I2C_HalfwordWrite" declared implicitly
User\Disable_test .c(60): warning:  #223-D: function "FSMC_SRAM_ReadStruct" declared implicitly
compiling Params.c...
User\extern_variables.h(58): warning:  #1295-D: Deprecated declaration Get_Cur_Time - give arg types
User\extern_variables.h(59): warning:  #1295-D: Deprecated declaration RTC_Configuration - give arg types
User\extern_variables.h(116): warning:  #1295-D: Deprecated declaration ScreenDataRecv_Process - give arg types
compiling language.c...
compiling Screen.c...
User\Screen.h(30): warning:  #1295-D: Deprecated declaration SendBeginCMD - give arg types
User\Screen.h(38): warning:  #1295-D: Deprecated declaration SendEndCmd - give arg types
User\Screen.h(81): warning:  #1295-D: Deprecated declaration GUI_CleanScreen - give arg types
User\Screen.h(361): warning:  #1295-D: Deprecated declaration SetTouchScreen_Adj - give arg types
User\Screen.h(369): warning:  #1295-D: Deprecated declaration TestTouchScreen - give arg types
User\Screen.c(1295): warning:  #1-D: last line of file ends without a newline
linking...
Program Size: Code=40030 RO-data=4374 RW-data=1164 ZI-data=1916  
FromELF: creating hex file...
"Huohuaarm.axf" - 0 Error(s), 337 Warning(s).
Load "E:\\GITHUB\\spark\\»ð»¨Ï¨ÃðSTM32_gitbub°æ\\Huohuaarm.AXF" 
Erase Done.
Programming Done.
Verify OK.
Application running ...
compiling Functions.c...
User\extern_variables.h(58): warning:  #1295-D: Deprecated declaration Get_Cur_Time - give arg types
User\extern_variables.h(59): warning:  #1295-D: Deprecated declaration RTC_Configuration - give arg types
User\extern_variables.h(116): warning:  #1295-D: Deprecated declaration ScreenDataRecv_Process - give arg types
User\Functions.c(30): warning:  #1295-D: Deprecated declaration TextProcess - give arg types
User\Functions.c(31): warning:  #1295-D: Deprecated declaration ButtonProcess - give arg types
User\Functions.c(32): warning:  #1295-D: Deprecated declaration itoa - give arg types
User\Functions.c(33): warning:  #1295-D: Deprecated declaration itoaD - give arg types
User\Functions.c(34): warning:  #1295-D: Deprecated declaration itoaT - give arg types
User\Functions.c(35): warning:  #1295-D: Deprecated declaration itoaF - give arg types
User\Functions.c(36): warning:  #1295-D: Deprecated declaration Alarm_Display_A - give arg types
User\Functions.c(37): warning:  #1295-D: Deprecated declaration Alarm_Display_B - give arg types
User\Functions.c(38): warning:  #1295-D: Deprecated declaration Alarm_End_Display_A - give arg types
User\Functions.c(39): warning:  #1295-D: Deprecated declaration Alarm_End_Display_B - give arg types
User\Functions.c(40): warning:  #1295-D: Deprecated declaration Fault_Display_A - give arg types
User\Functions.c(41): warning:  #1295-D: Deprecated declaration Disable_Display_A - give arg types
User\Functions.c(101): warning:  #223-D: function "_24C08_I2C_ByteRead" declared implicitly
User\Functions.c(102): warning:  #223-D: function "Delay_ms" declared implicitly
User\Functions.c(103): warning:  #223-D: function "_24C08_I2C_BufferRead" declared implicitly
User\Functions.c(106): warning:  #223-D: function "WriteLayer" declared implicitly
User\Functions.c(112): warning:  #223-D: function "SetFcolor" declared implicitly
User\Functions.c(113): warning:  #223-D: function "GUI_RectangleFill" declared implicitly
User\Functions.c(116): warning:  #223-D: function "DisText" declared implicitly
User\Functions.c(130): warning:  #223-D: function "SetFcolor" declared implicitly
User\Functions.c(131): warning:  #223-D: function "GUI_RectangleFill" declared implicitly
User\Functions.c(134): warning:  #223-D: function "DisText" declared implicitly
User\Functions.c(141): warning:  #223-D: function "SetFcolor" declared implicitly
User\Functions.c(142): warning:  #223-D: function "GUI_RectangleFill" declared implicitly
User\Functions.c(149): warning:  #223-D: function "DisText" declared implicitly
User\Functions.c(150): warning:  #223-D: function "DisArea_Image" declared implicitly
User\Functions.c(166): warning:  #223-D: function "DisplyLayer" declared implicitly
User\Functions.c(167): warning:  #223-D: function "CopyLayer" declared implicitly
User\Functions.c(175): warning:  #186-D: pointless comparison of unsigned integer with zero
User\Functions.c(179): warning:  #223-D: function "RTC_Display" declared implicitly
User\Functions.c(180): warning:  #223-D: function "SetFcolor" declared implicitly
User\Functions.c(181): warning:  #223-D: function "GUI_RectangleFill" declared implicitly
User\Functions.c(183): warning:  #223-D: function "DisText" declared implicitly
User\Functions.c(187): warning:  #223-D: function "SetFcolor" declared implicitly
User\Functions.c(188): warning:  #223-D: function "GUI_RectangleFill" declared implicitly
User\Functions.c(190): warning:  #223-D: function "DisText" declared implicitly
User\Functions.c(198): warning:  #186-D: pointless comparison of unsigned integer with zero
User\Functions.c(198): warning:  #186-D: pointless comparison of unsigned integer with zero
User\Functions.c(198): warning:  #186-D: pointless comparison of unsigned integer with zero
User\Functions.c(203): warning:  #223-D: function "RTC_Display" declared implicitly
User\Functions.c(204): warning:  #223-D: function "SetFcolor" declared implicitly
User\Functions.c(205): warning:  #223-D: function "GUI_RectangleFill" declared implicitly
User\Functions.c(207): warning:  #223-D: function "DisText" declared implicitly
User\Functions.c(211): warning:  #223-D: function "SetFcolor" declared implicitly
User\Functions.c(212): warning:  #223-D: function "GUI_RectangleFill" declared implicitly
User\Functions.c(214): warning:  #223-D: function "DisText" declared implicitly
User\Functions.c(222): warning:  #223-D: function "_24C08_I2C_ByteRead" declared implicitly
User\Functions.c(223): warning:  #223-D: function "Delay_ms" declared implicitly
User\Functions.c(224): warning:  #223-D: function "_24C08_I2C_BufferRead" declared implicitly
User\Functions.c(228): warning:  #223-D: function "SetFcolor" declared implicitly
User\Functions.c(229): warning:  #223-D: function "GUI_RectangleFill" declared implicitly
User\Functions.c(232): warning:  #223-D: function "DisText" declared implicitly
User\Functions.c(239): warning:  #223-D: function "SetFcolor" declared implicitly
User\Functions.c(240): warning:  #223-D: function "GUI_RectangleFill" declared implicitly
User\Functions.c(243): warning:  #223-D: function "DisText" declared implicitly
User\Functions.c(248): warning:  #167-D: argument of type "u8 *" is incompatible with parameter of type "char *restrict"
User\Functions.c(249): warning:  #223-D: function "SetFcolor" declared implicitly
User\Functions.c(250): warning:  #223-D: function "GUI_RectangleFill" declared implicitly
User\Functions.c(253): warning:  #223-D: function "DisText" declared implicitly
User\Functions.c(261): warning:  #167-D: argument of type "u8 *" is incompatible with parameter of type "const char *"
User\Functions.c(262): warning:  #223-D: function "_24C08_I2C_ByteWrite" declared implicitly
User\Functions.c(264): warning:  #223-D: function "_24C08_I2C_PageWrite" declared implicitly
User\Functions.c(292): warning:  #174-D: expression has no effect
User\Functions.c(299): warning:  #223-D: function "SetFcolor" declared implicitly
User\Functions.c(300): warning:  #223-D: function "GUI_RectangleFill" declared implicitly
User\Functions.c(306): warning:  #223-D: function "DisText" declared implicitly
User\Functions.c(307): warning:  #223-D: function "_24C08_I2C_HalfwordWrite" declared implicitly
User\Functions.c(82): warning:  #177-D: variable "Subtype" was declared but never referenced
User\Functions.c(83): warning:  #177-D: variable "Status" was declared but never referenced
User\Functions.c(396): warning:  #186-D: pointless comparison of unsigned integer with zero
User\Functions.c(483): warning:  #223-D: function "WriteLayer" declared implicitly
User\Functions.c(484): warning:  #223-D: function "SetFcolor" declared implicitly
User\Functions.c(485): warning:  #223-D: function "GUI_RectangleFill" declared implicitly
User\Functions.c(488): warning:  #223-D: function "DisArea_Image" declared implicitly
User\Functions.c(489): warning:  #223-D: function "DisText" declared implicitly
User\Functions.c(498): warning:  #223-D: function "GUI_Rectangle" declared implicitly
User\Functions.c(503): warning:  #223-D: function "GUI_Rectangle" declared implicitly
User\Functions.c(509): warning:  #223-D: function "DisplyLayer" declared implicitly
User\Functions.c(517): warning:  #223-D: function "Data_Get_Once" declared implicitly
User\Functions.c(577): warning:  #223-D: function "GUI_Rectangle" declared implicitly
User\Functions.c(581): warning:  #223-D: function "GUI_Rectangle" declared implicitly
User\Functions.c(606): warning:  #223-D: function "GUI_Rectangle" declared implicitly
User\Functions.c(643): warning:  #223-D: function "GUI_Rectangle" declared implicitly
User\Functions.c(647): warning:  #223-D: function "GUI_Rectangle" declared implicitly
User\Functions.c(680): warning:  #223-D: function "GUI_Rectangle" declared implicitly
User\Functions.c(684): warning:  #223-D: function "GUI_Rectangle" declared implicitly
User\Functions.c(873): warning:  #223-D: function "GUI_Rectangle" declared implicitly
User\Functions.c(874): warning:  #223-D: function "GUI_Line" declared implicitly
User\Functions.c(898): warning:  #223-D: function "_24C08_I2C_HalfwordRead" declared implicitly
User\Functions.c(921): warning:  #223-D: function "GUI_Rectangle" declared implicitly
User\Functions.c(922): warning:  #223-D: function "GUI_Line" declared implicitly
User\Functions.c(1035): warning:  #223-D: function "GUI_Rectangle" declared implicitly
User\Functions.c(1036): warning:  #223-D: function "GUI_Line" declared implicitly
User\Functions.c(1063): warning:  #223-D: function "GUI_Rectangle" declared implicitly
User\Functions.c(1064): warning:  #223-D: function "GUI_Line" declared implicitly
User\Functions.c(1086): warning:  #223-D: function "GUI_Rectangle" declared implicitly
User\Functions.c(1087): warning:  #223-D: function "GUI_Line" declared implicitly
User\Functions.c(1144): warning:  #223-D: function "GUI_Rectangle" declared implicitly
User\Functions.c(1149): warning:  #223-D: function "GUI_Rectangle" declared implicitly
User\Functions.c(1179): warning:  #223-D: function "GUI_Rectangle" declared implicitly
User\Functions.c(1217): warning:  #223-D: function "GUI_Rectangle" declared implicitly
User\Functions.c(1221): warning:  #223-D: function "GUI_Rectangle" declared implicitly
User\Functions.c(1254): warning:  #223-D: function "GUI_Rectangle" declared implicitly
User\Functions.c(1258): warning:  #223-D: function "GUI_Rectangle" declared implicitly
User\Functions.c(1312): warning:  #223-D: function "_24C08_I2C_HalfwordWrite" declared implicitly
User\Functions.c(1320): warning:  #223-D: function "GUI_CircleFill" declared implicitly
User\Functions.c(1330): warning:  #223-D: function "SetTextView" declared implicitly
User\Functions.c(1332): warning:  #223-D: function "CopyLayer" declared implicitly
User\Functions.c(1372): warning:  #223-D: function "Delay_ms" declared implicitly
User\Functions.c(1389): warning:  #223-D: function "GUI_CircleFill" declared implicitly
User\Functions.c(1390): warning:  #223-D: function "_24C08_I2C_HalfwordRead" declared implicitly
User\Functions.c(1391): warning:  #223-D: function "Data_Save_Fault" declared implicitly
User\Functions.c(1392): warning:  #223-D: function "_24C08_I2C_HalfwordWrite" declared implicitly
User\Functions.c(1394): warning:  #223-D: function "SetTextView" declared implicitly
User\Functions.c(1401): warning:  #223-D: function "GUI_CircleFill" declared implicitly
User\Functions.c(1403): warning:  #223-D: function "_24C08_I2C_HalfwordWrite" declared implicitly
User\Functions.c(1405): warning:  #223-D: function "SetTextView" declared implicitly
User\Functions.c(1408): warning:  #223-D: function "CopyLayer" declared implicitly
User\Functions.c(1480): warning:  #223-D: function "GUI_Rectangle" declared implicitly
User\Functions.c(1486): warning:  #223-D: function "GUI_Rectangle" declared implicitly
User\Functions.c(1496): warning:  #223-D: function "_24C08_I2C_HalfwordWrite" declared implicitly
User\Functions.c(1508): warning:  #223-D: function "GUI_Rectangle" declared implicitly
User\Functions.c(1516): warning:  #223-D: function "_24C08_I2C_HalfwordWrite" declared implicitly
User\Functions.c(1527): warning:  #223-D: function "GUI_Rectangle" declared implicitly
User\Functions.c(1557): warning:  #223-D: function "GUI_Rectangle" declared implicitly
User\Functions.c(1563): warning:  #223-D: function "GUI_Rectangle" declared implicitly
User\Functions.c(1573): warning:  #223-D: function "_24C08_I2C_HalfwordWrite" declared implicitly
User\Functions.c(1574): warning:  #223-D: function "SetTouchScreen" declared implicitly
User\Functions.c(1586): warning:  #223-D: function "GUI_Rectangle" declared implicitly
User\Functions.c(1594): warning:  #223-D: function "_24C08_I2C_HalfwordWrite" declared implicitly
User\Functions.c(1595): warning:  #223-D: function "SetTouchScreen" declared implicitly
User\Functions.c(1606): warning:  #223-D: function "GUI_Rectangle" declared implicitly
User\Functions.c(1659): warning:  #223-D: function "_24C08_I2C_HalfwordWrite" declared implicitly
User\Functions.c(1665): warning:  #223-D: function "GUI_CircleFill" declared implicitly
User\Functions.c(1675): warning:  #223-D: function "SetTextView" declared implicitly
User\Functions.c(1677): warning:  #223-D: function "CopyLayer" declared implicitly
User\Functions.c(1720): warning:  #223-D: function "GUI_Rectangle" declared implicitly
User\Functions.c(1726): warning:  #223-D: function "GUI_Rectangle" declared implicitly
User\Functions.c(1736): warning:  #223-D: function "_24C08_I2C_HalfwordWrite" declared implicitly
User\Functions.c(1749): warning:  #223-D: function "GUI_Rectangle" declared implicitly
User\Functions.c(1752): warning:  #223-D: function "SetTextView" declared implicitly
User\Functions.c(1760): warning:  #223-D: function "_24C08_I2C_HalfwordWrite" declared implicitly
User\Functions.c(1762): warning:  #223-D: function "Data_Save_Disable" declared implicitly
User\Functions.c(1774): warning:  #223-D: function "GUI_Rectangle" declared implicitly
User\Functions.c(1776): warning:  #223-D: function "SetTextView" declared implicitly
User\Functions.c(1796): warning:  #223-D: function "SetFcolor" declared implicitly
User\Functions.c(1797): warning:  #223-D: function "DisText" declared implicitly
User\Functions.c(1803): warning:  #223-D: function "Delay_ms" declared implicitly
User\Functions.c(1812): warning:  #223-D: function "_24C08_I2C_HalfwordRead" declared implicitly
User\Functions.c(1813): warning:  #223-D: function "Data_Save_Fault" declared implicitly
User\Functions.c(1814): warning:  #223-D: function "_24C08_I2C_HalfwordWrite" declared implicitly
User\Functions.c(1819): warning:  #223-D: function "_24C08_I2C_HalfwordRead" declared implicitly
User\Functions.c(1839): warning:  #223-D: function "_24C08_I2C_HalfwordWrite" declared implicitly
User\Functions.c(1841): warning:  #223-D: function "_24C08_I2C_PageWrite" declared implicitly
User\Functions.c(1842): warning:  #223-D: function "_24C08_I2C_ByteWrite" declared implicitly
User\Functions.c(1844): warning:  #223-D: function "_24C08_I2C_HalfwordRead" declared implicitly
User\Functions.c(1854): warning:  #223-D: function "WriteLayer" declared implicitly
User\Functions.c(1856): warning:  #223-D: function "SetFcolor" declared implicitly
User\Functions.c(1857): warning:  #223-D: function "GUI_RectangleFill" declared implicitly
User\Functions.c(1864): warning:  #223-D: function "GUI_CircleFill" declared implicitly
User\Functions.c(1869): warning:  #223-D: function "GUI_CircleFill" declared implicitly
User\Functions.c(1875): warning:  #223-D: function "GUI_CircleFill" declared implicitly
User\Functions.c(1877): warning:  #223-D: function "DisText" declared implicitly
User\Functions.c(1882): warning:  #223-D: function "GUI_CircleFill" declared implicitly
User\Functions.c(1884): warning:  #223-D: function "DisText" declared implicitly
User\Functions.c(1886): warning:  #223-D: function "DisText" declared implicitly
User\Functions.c(1890): warning:  #223-D: function "SetTextView" declared implicitly
User\Functions.c(1894): warning:  #223-D: function "DisArea_Image" declared implicitly
User\Functions.c(1897): warning:  #223-D: function "DisplyLayer" declared implicitly
User\Functions.c(1898): warning:  #223-D: function "CopyLayer" declared implicitly
User\Functions.c(1912): warning:  #223-D: function "_24C08_I2C_HalfwordRead" declared implicitly
User\Functions.c(1914): warning:  #223-D: function "WriteLayer" declared implicitly
User\Functions.c(1916): warning:  #223-D: function "SetFcolor" declared implicitly
User\Functions.c(1917): warning:  #223-D: function "GUI_RectangleFill" declared implicitly
User\Functions.c(1923): warning:  #223-D: function "GUI_CircleFill" declared implicitly
User\Functions.c(1928): warning:  #223-D: function "GUI_CircleFill" declared implicitly
User\Functions.c(1932): warning:  #223-D: function "SetTextView" declared implicitly
User\Functions.c(1934): warning:  #223-D: function "DisArea_Image" declared implicitly
User\Functions.c(1936): warning:  #223-D: function "DisText" declared implicitly
User\Functions.c(1965): warning:  #223-D: function "GUI_Rectangle" declared implicitly
User\Functions.c(1967): warning:  #223-D: function "DisplyLayer" declared implicitly
User\Functions.c(1968): warning:  #223-D: function "CopyLayer" declared implicitly
User\Functions.c(1981): warning:  #223-D: function "_24C08_I2C_HalfwordRead" declared implicitly
User\Functions.c(1983): warning:  #223-D: function "WriteLayer" declared implicitly
User\Functions.c(1985): warning:  #223-D: function "SetFcolor" declared implicitly
User\Functions.c(1986): warning:  #223-D: function "GUI_RectangleFill" declared implicitly
User\Functions.c(1992): warning:  #223-D: function "GUI_CircleFill" declared implicitly
User\Functions.c(1997): warning:  #223-D: function "GUI_CircleFill" declared implicitly
User\Functions.c(2001): warning:  #223-D: function "SetTextView" declared implicitly
User\Functions.c(2003): warning:  #223-D: function "DisArea_Image" declared implicitly
User\Functions.c(2005): warning:  #223-D: function "DisText" declared implicitly
User\Functions.c(2038): warning:  #223-D: function "GUI_Rectangle" declared implicitly
User\Functions.c(2040): warning:  #223-D: function "DisplyLayer" declared implicitly
User\Functions.c(2041): warning:  #223-D: function "CopyLayer" declared implicitly
User\Functions.c(2053): warning:  #223-D: function "Data_Get_Once_Fault" declared implicitly
User\Functions.c(2062): warning:  #223-D: function "SetFcolor" declared implicitly
User\Functions.c(2063): warning:  #223-D: function "GUI_RectangleFill" declared implicitly
User\Functions.c(2065): warning:  #223-D: function "DisText" declared implicitly
User\Functions.c(2094): warning:  #223-D: function "Data_Get_Once_Disable" declared implicitly
User\Functions.c(2103): warning:  #223-D: function "SetFcolor" declared implicitly
User\Functions.c(2104): warning:  #223-D: function "GUI_RectangleFill" declared implicitly
User\Functions.c(2106): warning:  #223-D: function "DisText" declared implicitly
User\Functions.c(2135): warning:  #223-D: function "Data_Get_Once" declared implicitly
User\Functions.c(2144): warning:  #223-D: function "SetFcolor" declared implicitly
User\Functions.c(2145): warning:  #223-D: function "GUI_RectangleFill" declared implicitly
User\Functions.c(2147): warning:  #223-D: function "DisText" declared implicitly
User\Functions.c(2182): warning:  #223-D: function "Data_Get_Once" declared implicitly
User\Functions.c(2191): warning:  #223-D: function "SetFcolor" declared implicitly
User\Functions.c(2192): warning:  #223-D: function "GUI_RectangleFill" declared implicitly
User\Functions.c(2194): warning:  #223-D: function "DisText" declared implicitly
User\Functions.c(2230): warning:  #223-D: function "Data_Get_Once" declared implicitly
User\Functions.c(2239): warning:  #223-D: function "SetFcolor" declared implicitly
User\Functions.c(2240): warning:  #223-D: function "GUI_RectangleFill" declared implicitly
User\Functions.c(2242): warning:  #223-D: function "DisText" declared implicitly
User\Functions.c(2247): warning:  #223-D: function "Data_End_Get_Once" declared implicitly
User\Functions.c(2279): warning:  #223-D: function "Data_Get_Once" declared implicitly
User\Functions.c(2288): warning:  #223-D: function "SetFcolor" declared implicitly
User\Functions.c(2289): warning:  #223-D: function "GUI_RectangleFill" declared implicitly
User\Functions.c(2291): warning:  #223-D: function "DisText" declared implicitly
User\Functions.c(2296): warning:  #223-D: function "Data_End_Get_Once" declared implicitly
User\Functions.c - 0 Error(s), 223 Warning(s).
Build target 'Target 1'
linking...
Program Size: Code=40058 RO-data=4374 RW-data=1164 ZI-data=1916  
FromELF: creating hex file...
"Huohuaarm.axf" - 0 Error(s), 0 Warning(s).
Build target 'Target 1'
assembling cortexm3_macro.s...
assembling stm32f10x_vector.s...
compiling main.c...
User\extern_variables.h(58): warning:  #1295-D: Deprecated declaration Get_Cur_Time - give arg types
User\extern_variables.h(59): warning:  #1295-D: Deprecated declaration RTC_Configuration - give arg types
User\extern_variables.h(116): warning:  #1295-D: Deprecated declaration ScreenDataRecv_Process - give arg types
User\Screen.h(30): warning:  #1295-D: Deprecated declaration SendBeginCMD - give arg types
User\Screen.h(38): warning:  #1295-D: Deprecated declaration SendEndCmd - give arg types
User\Screen.h(81): warning:  #1295-D: Deprecated declaration GUI_CleanScreen - give arg types
User\Screen.h(361): warning:  #1295-D: Deprecated declaration SetTouchScreen_Adj - give arg types
User\Screen.h(369): warning:  #1295-D: Deprecated declaration TestTouchScreen - give arg types
User\main.c(28): warning:  #1295-D: Deprecated declaration RTC_Display - give arg types
User\main.c(77): warning:  #223-D: function "PCF8563_I2C_Init" declared implicitly
User\main.c(80): warning:  #223-D: function "_24C08_I2C_Init" declared implicitly
User\main.c(87): warning:  #223-D: function "Power_on_Init" declared implicitly
User\main.c(88): warning:  #223-D: function "_24C08_I2C_HalfwordWrite" declared implicitly
User\main.c(90): warning:  #223-D: function "Power_on_self_Test" declared implicitly
User\main.c(114): warning:  #223-D: function "ScreenInit" declared implicitly
User\main.c(122): warning:  #223-D: function "Screen_update" declared implicitly
User\main.c(177): warning:  #177-D: variable "EXTI_InitStructure" was declared but never referenced
User\main.c(178): warning:  #177-D: variable "HSEStartUpStatus" was declared but never referenced
User\main.c(534): warning:  #223-D: function "itoa" declared implicitly
User\main.c(535): warning:  #223-D: function "itoaD" declared implicitly
User\main.c(550): warning:  #223-D: function "itoa" declared implicitly
User\main.c(551): warning:  #223-D: function "itoaD" declared implicitly
User\main.c(556): warning:  #223-D: function "itoaD" declared implicitly
compiling Functions.c...
User\extern_variables.h(58): warning:  #1295-D: Deprecated declaration Get_Cur_Time - give arg types
User\extern_variables.h(59): warning:  #1295-D: Deprecated declaration RTC_Configuration - give arg types
User\extern_variables.h(116): warning:  #1295-D: Deprecated declaration ScreenDataRecv_Process - give arg types
User\Functions.c(30): warning:  #1295-D: Deprecated declaration TextProcess - give arg types
User\Functions.c(31): warning:  #1295-D: Deprecated declaration ButtonProcess - give arg types
User\Functions.c(32): warning:  #1295-D: Deprecated declaration itoa - give arg types
User\Functions.c(33): warning:  #1295-D: Deprecated declaration itoaD - give arg types
User\Functions.c(34): warning:  #1295-D: Deprecated declaration itoaT - give arg types
User\Functions.c(35): warning:  #1295-D: Deprecated declaration itoaF - give arg types
User\Functions.c(36): warning:  #1295-D: Deprecated declaration Alarm_Display_A - give arg types
User\Functions.c(37): warning:  #1295-D: Deprecated declaration Alarm_Display_B - give arg types
User\Functions.c(38): warning:  #1295-D: Deprecated declaration Alarm_End_Display_A - give arg types
User\Functions.c(39): warning:  #1295-D: Deprecated declaration Alarm_End_Display_B - give arg types
User\Functions.c(40): warning:  #1295-D: Deprecated declaration Fault_Display_A - give arg types
User\Functions.c(41): warning:  #1295-D: Deprecated declaration Disable_Display_A - give arg types
User\Functions.c(101): warning:  #223-D: function "_24C08_I2C_ByteRead" declared implicitly
User\Functions.c(102): warning:  #223-D: function "Delay_ms" declared implicitly
User\Functions.c(103): warning:  #223-D: function "_24C08_I2C_BufferRead" declared implicitly
User\Functions.c(106): warning:  #223-D: function "WriteLayer" declared implicitly
User\Functions.c(112): warning:  #223-D: function "SetFcolor" declared implicitly
User\Functions.c(113): warning:  #223-D: function "GUI_RectangleFill" declared implicitly
User\Functions.c(116): warning:  #223-D: function "DisText" declared implicitly
User\Functions.c(130): warning:  #223-D: function "SetFcolor" declared implicitly
User\Functions.c(131): warning:  #223-D: function "GUI_RectangleFill" declared implicitly
User\Functions.c(134): warning:  #223-D: function "DisText" declared implicitly
User\Functions.c(141): warning:  #223-D: function "SetFcolor" declared implicitly
User\Functions.c(142): warning:  #223-D: function "GUI_RectangleFill" declared implicitly
User\Functions.c(149): warning:  #223-D: function "DisText" declared implicitly
User\Functions.c(150): warning:  #223-D: function "DisArea_Image" declared implicitly
User\Functions.c(166): warning:  #223-D: function "DisplyLayer" declared implicitly
User\Functions.c(167): warning:  #223-D: function "CopyLayer" declared implicitly
User\Functions.c(175): warning:  #186-D: pointless comparison of unsigned integer with zero
User\Functions.c(179): warning:  #223-D: function "RTC_Display" declared implicitly
User\Functions.c(180): warning:  #223-D: function "SetFcolor" declared implicitly
User\Functions.c(181): warning:  #223-D: function "GUI_RectangleFill" declared implicitly
User\Functions.c(183): warning:  #223-D: function "DisText" declared implicitly
User\Functions.c(187): warning:  #223-D: function "SetFcolor" declared implicitly
User\Functions.c(188): warning:  #223-D: function "GUI_RectangleFill" declared implicitly
User\Functions.c(190): warning:  #223-D: function "DisText" declared implicitly
User\Functions.c(198): warning:  #186-D: pointless comparison of unsigned integer with zero
User\Functions.c(198): warning:  #186-D: pointless comparison of unsigned integer with zero
User\Functions.c(198): warning:  #186-D: pointless comparison of unsigned integer with zero
User\Functions.c(203): warning:  #223-D: function "RTC_Display" declared implicitly
User\Functions.c(204): warning:  #223-D: function "SetFcolor" declared implicitly
User\Functions.c(205): warning:  #223-D: function "GUI_RectangleFill" declared implicitly
User\Functions.c(207): warning:  #223-D: function "DisText" declared implicitly
User\Functions.c(211): warning:  #223-D: function "SetFcolor" declared implicitly
User\Functions.c(212): warning:  #223-D: function "GUI_RectangleFill" declared implicitly
User\Functions.c(214): warning:  #223-D: function "DisText" declared implicitly
User\Functions.c(222): warning:  #223-D: function "_24C08_I2C_ByteRead" declared implicitly
User\Functions.c(223): warning:  #223-D: function "Delay_ms" declared implicitly
User\Functions.c(224): warning:  #223-D: function "_24C08_I2C_BufferRead" declared implicitly
User\Functions.c(228): warning:  #223-D: function "SetFcolor" declared implicitly
User\Functions.c(229): warning:  #223-D: function "GUI_RectangleFill" declared implicitly
User\Functions.c(232): warning:  #223-D: function "DisText" declared implicitly
User\Functions.c(239): warning:  #223-D: function "SetFcolor" declared implicitly
User\Functions.c(240): warning:  #223-D: function "GUI_RectangleFill" declared implicitly
User\Functions.c(243): warning:  #223-D: function "DisText" declared implicitly
User\Functions.c(248): warning:  #167-D: argument of type "u8 *" is incompatible with parameter of type "char *restrict"
User\Functions.c(249): warning:  #223-D: function "SetFcolor" declared implicitly
User\Functions.c(250): warning:  #223-D: function "GUI_RectangleFill" declared implicitly
User\Functions.c(253): warning:  #223-D: function "DisText" declared implicitly
User\Functions.c(261): warning:  #167-D: argument of type "u8 *" is incompatible with parameter of type "const char *"
User\Functions.c(262): warning:  #223-D: function "_24C08_I2C_ByteWrite" declared implicitly
User\Functions.c(264): warning:  #223-D: function "_24C08_I2C_PageWrite" declared implicitly
User\Functions.c(292): warning:  #174-D: expression has no effect
User\Functions.c(299): warning:  #223-D: function "SetFcolor" declared implicitly
User\Functions.c(300): warning:  #223-D: function "GUI_RectangleFill" declared implicitly
User\Functions.c(306): warning:  #223-D: function "DisText" declared implicitly
User\Functions.c(307): warning:  #223-D: function "_24C08_I2C_HalfwordWrite" declared implicitly
User\Functions.c(82): warning:  #177-D: variable "Subtype" was declared but never referenced
User\Functions.c(83): warning:  #177-D: variable "Status" was declared but never referenced
User\Functions.c(396): warning:  #186-D: pointless comparison of unsigned integer with zero
User\Functions.c(483): warning:  #223-D: function "WriteLayer" declared implicitly
User\Functions.c(484): warning:  #223-D: function "SetFcolor" declared implicitly
User\Functions.c(485): warning:  #223-D: function "GUI_RectangleFill" declared implicitly
User\Functions.c(488): warning:  #223-D: function "DisArea_Image" declared implicitly
User\Functions.c(489): warning:  #223-D: function "DisText" declared implicitly
User\Functions.c(498): warning:  #223-D: function "GUI_Rectangle" declared implicitly
User\Functions.c(503): warning:  #223-D: function "GUI_Rectangle" declared implicitly
User\Functions.c(509): warning:  #223-D: function "DisplyLayer" declared implicitly
User\Functions.c(517): warning:  #223-D: function "Data_Get_Once" declared implicitly
User\Functions.c(577): warning:  #223-D: function "GUI_Rectangle" declared implicitly
User\Functions.c(581): warning:  #223-D: function "GUI_Rectangle" declared implicitly
User\Functions.c(606): warning:  #223-D: function "GUI_Rectangle" declared implicitly
User\Functions.c(643): warning:  #223-D: function "GUI_Rectangle" declared implicitly
User\Functions.c(647): warning:  #223-D: function "GUI_Rectangle" declared implicitly
User\Functions.c(680): warning:  #223-D: function "GUI_Rectangle" declared implicitly
User\Functions.c(684): warning:  #223-D: function "GUI_Rectangle" declared implicitly
User\Functions.c(873): warning:  #223-D: function "GUI_Rectangle" declared implicitly
User\Functions.c(874): warning:  #223-D: function "GUI_Line" declared implicitly
User\Functions.c(898): warning:  #223-D: function "_24C08_I2C_HalfwordRead" declared implicitly
User\Functions.c(921): warning:  #223-D: function "GUI_Rectangle" declared implicitly
User\Functions.c(922): warning:  #223-D: function "GUI_Line" declared implicitly
User\Functions.c(1035): warning:  #223-D: function "GUI_Rectangle" declared implicitly
User\Functions.c(1036): warning:  #223-D: function "GUI_Line" declared implicitly
User\Functions.c(1063): warning:  #223-D: function "GUI_Rectangle" declared implicitly
User\Functions.c(1064): warning:  #223-D: function "GUI_Line" declared implicitly
User\Functions.c(1086): warning:  #223-D: function "GUI_Rectangle" declared implicitly
User\Functions.c(1087): warning:  #223-D: function "GUI_Line" declared implicitly
User\Functions.c(1144): warning:  #223-D: function "GUI_Rectangle" declared implicitly
User\Functions.c(1149): warning:  #223-D: function "GUI_Rectangle" declared implicitly
User\Functions.c(1179): warning:  #223-D: function "GUI_Rectangle" declared implicitly
User\Functions.c(1217): warning:  #223-D: function "GUI_Rectangle" declared implicitly
User\Functions.c(1221): warning:  #223-D: function "GUI_Rectangle" declared implicitly
User\Functions.c(1254): warning:  #223-D: function "GUI_Rectangle" declared implicitly
User\Functions.c(1258): warning:  #223-D: function "GUI_Rectangle" declared implicitly
User\Functions.c(1312): warning:  #223-D: function "_24C08_I2C_HalfwordWrite" declared implicitly
User\Functions.c(1320): warning:  #223-D: function "GUI_CircleFill" declared implicitly
User\Functions.c(1330): warning:  #223-D: function "SetTextView" declared implicitly
User\Functions.c(1332): warning:  #223-D: function "CopyLayer" declared implicitly
User\Functions.c(1372): warning:  #223-D: function "Delay_ms" declared implicitly
User\Functions.c(1389): warning:  #223-D: function "GUI_CircleFill" declared implicitly
User\Functions.c(1390): warning:  #223-D: function "_24C08_I2C_HalfwordRead" declared implicitly
User\Functions.c(1391): warning:  #223-D: function "Data_Save_Fault" declared implicitly
User\Functions.c(1392): warning:  #223-D: function "_24C08_I2C_HalfwordWrite" declared implicitly
User\Functions.c(1394): warning:  #223-D: function "SetTextView" declared implicitly
User\Functions.c(1401): warning:  #223-D: function "GUI_CircleFill" declared implicitly
User\Functions.c(1403): warning:  #223-D: function "_24C08_I2C_HalfwordWrite" declared implicitly
User\Functions.c(1405): warning:  #223-D: function "SetTextView" declared implicitly
User\Functions.c(1408): warning:  #223-D: function "CopyLayer" declared implicitly
User\Functions.c(1480): warning:  #223-D: function "GUI_Rectangle" declared implicitly
User\Functions.c(1486): warning:  #223-D: function "GUI_Rectangle" declared implicitly
User\Functions.c(1496): warning:  #223-D: function "_24C08_I2C_HalfwordWrite" declared implicitly
User\Functions.c(1508): warning:  #223-D: function "GUI_Rectangle" declared implicitly
User\Functions.c(1516): warning:  #223-D: function "_24C08_I2C_HalfwordWrite" declared implicitly
User\Functions.c(1527): warning:  #223-D: function "GUI_Rectangle" declared implicitly
User\Functions.c(1557): warning:  #223-D: function "GUI_Rectangle" declared implicitly
User\Functions.c(1563): warning:  #223-D: function "GUI_Rectangle" declared implicitly
User\Functions.c(1573): warning:  #223-D: function "_24C08_I2C_HalfwordWrite" declared implicitly
User\Functions.c(1574): warning:  #223-D: function "SetTouchScreen" declared implicitly
User\Functions.c(1586): warning:  #223-D: function "GUI_Rectangle" declared implicitly
User\Functions.c(1594): warning:  #223-D: function "_24C08_I2C_HalfwordWrite" declared implicitly
User\Functions.c(1595): warning:  #223-D: function "SetTouchScreen" declared implicitly
User\Functions.c(1606): warning:  #223-D: function "GUI_Rectangle" declared implicitly
User\Functions.c(1659): warning:  #223-D: function "_24C08_I2C_HalfwordWrite" declared implicitly
User\Functions.c(1665): warning:  #223-D: function "GUI_CircleFill" declared implicitly
User\Functions.c(1675): warning:  #223-D: function "SetTextView" declared implicitly
User\Functions.c(1677): warning:  #223-D: function "CopyLayer" declared implicitly
User\Functions.c(1720): warning:  #223-D: function "GUI_Rectangle" declared implicitly
User\Functions.c(1726): warning:  #223-D: function "GUI_Rectangle" declared implicitly
User\Functions.c(1736): warning:  #223-D: function "_24C08_I2C_HalfwordWrite" declared implicitly
User\Functions.c(1749): warning:  #223-D: function "GUI_Rectangle" declared implicitly
User\Functions.c(1752): warning:  #223-D: function "SetTextView" declared implicitly
User\Functions.c(1760): warning:  #223-D: function "_24C08_I2C_HalfwordWrite" declared implicitly
User\Functions.c(1762): warning:  #223-D: function "Data_Save_Disable" declared implicitly
User\Functions.c(1774): warning:  #223-D: function "GUI_Rectangle" declared implicitly
User\Functions.c(1776): warning:  #223-D: function "SetTextView" declared implicitly
User\Functions.c(1796): warning:  #223-D: function "SetFcolor" declared implicitly
User\Functions.c(1797): warning:  #223-D: function "DisText" declared implicitly
User\Functions.c(1803): warning:  #223-D: function "Delay_ms" declared implicitly
User\Functions.c(1812): warning:  #223-D: function "_24C08_I2C_HalfwordRead" declared implicitly
User\Functions.c(1813): warning:  #223-D: function "Data_Save_Fault" declared implicitly
User\Functions.c(1814): warning:  #223-D: function "_24C08_I2C_HalfwordWrite" declared implicitly
User\Functions.c(1819): warning:  #223-D: function "_24C08_I2C_HalfwordRead" declared implicitly
User\Functions.c(1839): warning:  #223-D: function "_24C08_I2C_HalfwordWrite" declared implicitly
User\Functions.c(1841): warning:  #223-D: function "_24C08_I2C_PageWrite" declared implicitly
User\Functions.c(1842): warning:  #223-D: function "_24C08_I2C_ByteWrite" declared implicitly
User\Functions.c(1844): warning:  #223-D: function "_24C08_I2C_HalfwordRead" declared implicitly
User\Functions.c(1854): warning:  #223-D: function "WriteLayer" declared implicitly
User\Functions.c(1856): warning:  #223-D: function "SetFcolor" declared implicitly
User\Functions.c(1857): warning:  #223-D: function "GUI_RectangleFill" declared implicitly
User\Functions.c(1864): warning:  #223-D: function "GUI_CircleFill" declared implicitly
User\Functions.c(1869): warning:  #223-D: function "GUI_CircleFill" declared implicitly
User\Functions.c(1875): warning:  #223-D: function "GUI_CircleFill" declared implicitly
User\Functions.c(1877): warning:  #223-D: function "DisText" declared implicitly
User\Functions.c(1882): warning:  #223-D: function "GUI_CircleFill" declared implicitly
User\Functions.c(1884): warning:  #223-D: function "DisText" declared implicitly
User\Functions.c(1886): warning:  #223-D: function "DisText" declared implicitly
User\Functions.c(1890): warning:  #223-D: function "SetTextView" declared implicitly
User\Functions.c(1894): warning:  #223-D: function "DisArea_Image" declared implicitly
User\Functions.c(1897): warning:  #223-D: function "DisplyLayer" declared implicitly
User\Functions.c(1898): warning:  #223-D: function "CopyLayer" declared implicitly
User\Functions.c(1912): warning:  #223-D: function "_24C08_I2C_HalfwordRead" declared implicitly
User\Functions.c(1914): warning:  #223-D: function "WriteLayer" declared implicitly
User\Functions.c(1916): warning:  #223-D: function "SetFcolor" declared implicitly
User\Functions.c(1917): warning:  #223-D: function "GUI_RectangleFill" declared implicitly
User\Functions.c(1923): warning:  #223-D: function "GUI_CircleFill" declared implicitly
User\Functions.c(1928): warning:  #223-D: function "GUI_CircleFill" declared implicitly
User\Functions.c(1932): warning:  #223-D: function "SetTextView" declared implicitly
User\Functions.c(1934): warning:  #223-D: function "DisArea_Image" declared implicitly
User\Functions.c(1936): warning:  #223-D: function "DisText" declared implicitly
User\Functions.c(1965): warning:  #223-D: function "GUI_Rectangle" declared implicitly
User\Functions.c(1967): warning:  #223-D: function "DisplyLayer" declared implicitly
User\Functions.c(1968): warning:  #223-D: function "CopyLayer" declared implicitly
User\Functions.c(1981): warning:  #223-D: function "_24C08_I2C_HalfwordRead" declared implicitly
User\Functions.c(1983): warning:  #223-D: function "WriteLayer" declared implicitly
User\Functions.c(1985): warning:  #223-D: function "SetFcolor" declared implicitly
User\Functions.c(1986): warning:  #223-D: function "GUI_RectangleFill" declared implicitly
User\Functions.c(1992): warning:  #223-D: function "GUI_CircleFill" declared implicitly
User\Functions.c(1997): warning:  #223-D: function "GUI_CircleFill" declared implicitly
User\Functions.c(2001): warning:  #223-D: function "SetTextView" declared implicitly
User\Functions.c(2003): warning:  #223-D: function "DisArea_Image" declared implicitly
User\Functions.c(2005): warning:  #223-D: function "DisText" declared implicitly
User\Functions.c(2038): warning:  #223-D: function "GUI_Rectangle" declared implicitly
User\Functions.c(2040): warning:  #223-D: function "DisplyLayer" declared implicitly
User\Functions.c(2041): warning:  #223-D: function "CopyLayer" declared implicitly
User\Functions.c(2053): warning:  #223-D: function "Data_Get_Once_Fault" declared implicitly
User\Functions.c(2062): warning:  #223-D: function "SetFcolor" declared implicitly
User\Functions.c(2063): warning:  #223-D: function "GUI_RectangleFill" declared implicitly
User\Functions.c(2065): warning:  #223-D: function "DisText" declared implicitly
User\Functions.c(2094): warning:  #223-D: function "Data_Get_Once_Disable" declared implicitly
User\Functions.c(2103): warning:  #223-D: function "SetFcolor" declared implicitly
User\Functions.c(2104): warning:  #223-D: function "GUI_RectangleFill" declared implicitly
User\Functions.c(2106): warning:  #223-D: function "DisText" declared implicitly
User\Functions.c(2135): warning:  #223-D: function "Data_Get_Once" declared implicitly
User\Functions.c(2144): warning:  #223-D: function "SetFcolor" declared implicitly
User\Functions.c(2145): warning:  #223-D: function "GUI_RectangleFill" declared implicitly
User\Functions.c(2147): warning:  #223-D: function "DisText" declared implicitly
User\Functions.c(2182): warning:  #223-D: function "Data_Get_Once" declared implicitly
User\Functions.c(2191): warning:  #223-D: function "SetFcolor" declared implicitly
User\Functions.c(2192): warning:  #223-D: function "GUI_RectangleFill" declared implicitly
User\Functions.c(2194): warning:  #223-D: function "DisText" declared implicitly
User\Functions.c(2230): warning:  #223-D: function "Data_Get_Once" declared implicitly
User\Functions.c(2239): warning:  #223-D: function "SetFcolor" declared implicitly
User\Functions.c(2240): warning:  #223-D: function "GUI_RectangleFill" declared implicitly
User\Functions.c(2242): warning:  #223-D: function "DisText" declared implicitly
User\Functions.c(2247): warning:  #223-D: function "Data_End_Get_Once" declared implicitly
User\Functions.c(2279): warning:  #223-D: function "Data_Get_Once" declared implicitly
User\Functions.c(2288): warning:  #223-D: function "SetFcolor" declared implicitly
User\Functions.c(2289): warning:  #223-D: function "GUI_RectangleFill" declared implicitly
User\Functions.c(2291): warning:  #223-D: function "DisText" declared implicitly
User\Functions.c(2296): warning:  #223-D: function "Data_End_Get_Once" declared implicitly
compiling stm32f10x_it.c...
User\extern_variables.h(58): warning:  #1295-D: Deprecated declaration Get_Cur_Time - give arg types
User\extern_variables.h(59): warning:  #1295-D: Deprecated declaration RTC_Configuration - give arg types
User\extern_variables.h(116): warning:  #1295-D: Deprecated declaration ScreenDataRecv_Process - give arg types
User\stm32f10x_it.c(569): warning:  #223-D: function "_24C08_I2C_HalfwordRead" declared implicitly
User\stm32f10x_it.c(598): warning:  #223-D: function "Data_Save_End" declared implicitly
User\stm32f10x_it.c(599): warning:  #223-D: function "Screen_End_update" declared implicitly
compiling fsmc_cpld_sram.c...
User\extern_variables.h(58): warning:  #1295-D: Deprecated declaration Get_Cur_Time - give arg types
User\extern_variables.h(59): warning:  #1295-D: Deprecated declaration RTC_Configuration - give arg types
User\extern_variables.h(116): warning:  #1295-D: Deprecated declaration ScreenDataRecv_Process - give arg types
compiling PCF8563_I2c.c...
User\extern_variables.h(58): warning:  #1295-D: Deprecated declaration Get_Cur_Time - give arg types
User\extern_variables.h(59): warning:  #1295-D: Deprecated declaration RTC_Configuration - give arg types
User\extern_variables.h(116): warning:  #1295-D: Deprecated declaration ScreenDataRecv_Process - give arg types
User\24C08_PCF8563_I2c.h(23): warning:  #1295-D: Deprecated declaration PCF8563_I2C_Init - give arg types
User\24C08_PCF8563_I2c.h(57): warning:  #1295-D: Deprecated declaration _24C08_I2C_Init - give arg types
User\24C08_PCF8563_I2c.h(64): warning:  #1-D: last line of file ends without a newline
User\PCF8563_I2c.c(37): warning:  #223-D: function "Delay_us" declared implicitly
User\PCF8563_I2c.c(49): warning:  #223-D: function "Delay_us" declared implicitly
User\PCF8563_I2c.c(64): warning:  #223-D: function "Delay_us" declared implicitly
User\PCF8563_I2c.c(80): warning:  #223-D: function "Delay_us" declared implicitly
User\PCF8563_I2c.c(95): warning:  #223-D: function "Delay_us" declared implicitly
User\PCF8563_I2c.c(107): warning:  #223-D: function "Delay_us" declared implicitly
User\PCF8563_I2c.c(125): warning:  #223-D: function "Delay_us" declared implicitly
User\PCF8563_I2c.c(137): warning:  #223-D: function "Delay_us" declared implicitly
compiling 24C08_I2c.c...
User\extern_variables.h(58): warning:  #1295-D: Deprecated declaration Get_Cur_Time - give arg types
User\extern_variables.h(59): warning:  #1295-D: Deprecated declaration RTC_Configuration - give arg types
User\extern_variables.h(116): warning:  #1295-D: Deprecated declaration ScreenDataRecv_Process - give arg types
User\24C08_PCF8563_I2c.h(23): warning:  #1295-D: Deprecated declaration PCF8563_I2C_Init - give arg types
User\24C08_PCF8563_I2c.h(57): warning:  #1295-D: Deprecated declaration _24C08_I2C_Init - give arg types
User\24C08_PCF8563_I2c.h(64): warning:  #1-D: last line of file ends without a newline
User\24C08_I2c.c(46): warning:  #223-D: function "Delay_ms" declared implicitly
User\24C08_I2c.c(67): warning:  #223-D: function "Delay_ms" declared implicitly
User\24C08_I2c.c(93): warning:  #223-D: function "Delay_ms" declared implicitly
User\24C08_I2c.c(112): warning:  #223-D: function "Delay_ms" declared implicitly
User\24C08_I2c.c(139): warning:  #223-D: function "Delay_ms" declared implicitly
User\24C08_I2c.c(164): warning:  #223-D: function "Delay_ms" declared implicitly
User\24C08_I2c.c(193): warning:  #223-D: function "Delay_us" declared implicitly
User\24C08_I2c.c(205): warning:  #223-D: function "Delay_us" declared implicitly
User\24C08_I2c.c(220): warning:  #223-D: function "Delay_us" declared implicitly
User\24C08_I2c.c(233): warning:  #223-D: function "Delay_us" declared implicitly
User\24C08_I2c.c(245): warning:  #223-D: function "Delay_us" declared implicitly
User\24C08_I2c.c(268): warning:  #223-D: function "Delay_us" declared implicitly
User\24C08_I2c.c(274): warning:  #223-D: function "Delay_us" declared implicitly
User\24C08_I2c.c(286): warning:  #223-D: function "Delay_us" declared implicitly
compiling Flash_operation.c...
User\extern_variables.h(58): warning:  #1295-D: Deprecated declaration Get_Cur_Time - give arg types
User\extern_variables.h(59): warning:  #1295-D: Deprecated declaration RTC_Configuration - give arg types
User\extern_variables.h(116): warning:  #1295-D: Deprecated declaration ScreenDataRecv_Process - give arg types
compiling Rtc_operation.c...
User\extern_variables.h(58): warning:  #1295-D: Deprecated declaration Get_Cur_Time - give arg types
User\extern_variables.h(59): warning:  #1295-D: Deprecated declaration RTC_Configuration - give arg types
User\extern_variables.h(116): warning:  #1295-D: Deprecated declaration ScreenDataRecv_Process - give arg types
User\24C08_PCF8563_I2c.h(23): warning:  #1295-D: Deprecated declaration PCF8563_I2C_Init - give arg types
User\24C08_PCF8563_I2c.h(57): warning:  #1295-D: Deprecated declaration _24C08_I2C_Init - give arg types
User\24C08_PCF8563_I2c.h(64): warning:  #1-D: last line of file ends without a newline
compiling Spark_test.c...
User\extern_variables.h(58): warning:  #1295-D: Deprecated declaration Get_Cur_Time - give arg types
User\extern_variables.h(59): warning:  #1295-D: Deprecated declaration RTC_Configuration - give arg types
User\extern_variables.h(116): warning:  #1295-D: Deprecated declaration ScreenDataRecv_Process - give arg types
User\Spark_test.c(18): warning:  #1295-D: Deprecated declaration Water_Spray - give arg types
User\Spark_test.c(20): warning:  #1295-D: Deprecated declaration Data_Save_End - give arg types
User\Spark_test.c(23): warning:  #1295-D: Deprecated declaration Data_Get_All - give arg types
User\Spark_test.c(183): warning:  #223-D: function "_24C08_I2C_HalfwordRead" declared implicitly
User\Spark_test.c(203): warning:  #223-D: function "FSMC_SRAM_WriteStruct" declared implicitly
User\Spark_test.c(205): warning:  #223-D: function "_24C08_I2C_HalfwordWrite" declared implicitly
User\Spark_test.c(220): warning:  #223-D: function "_24C08_I2C_HalfwordRead" declared implicitly
User\Spark_test.c(240): warning:  #223-D: function "FSMC_SRAM_WriteStruct" declared implicitly
User\Spark_test.c(242): warning:  #223-D: function "_24C08_I2C_HalfwordWrite" declared implicitly
User\Spark_test.c(268): warning:  #223-D: function "FSMC_SRAM_ReadStruct" declared implicitly
User\Spark_test.c(292): warning:  #223-D: function "FSMC_SRAM_ReadStruct" declared implicitly
compiling Fault_test.c...
User\extern_variables.h(58): warning:  #1295-D: Deprecated declaration Get_Cur_Time - give arg types
User\extern_variables.h(59): warning:  #1295-D: Deprecated declaration RTC_Configuration - give arg types
User\extern_variables.h(116): warning:  #1295-D: Deprecated declaration ScreenDataRecv_Process - give arg types
User\Fault_test.c(6): warning:  #1295-D: Deprecated declaration Data_Save_Fault - give arg types
User\Fault_test.c(21): warning:  #223-D: function "_24C08_I2C_HalfwordRead" declared implicitly
User\Fault_test.c(34): warning:  #223-D: function "FSMC_SRAM_WriteStruct" declared implicitly
[...]
User\Functions.c(1179): warning:  #223-D: function "GUI_Rectangle" declared implicitly
User\Functions.c(1217): warning:  #223-D: function "GUI_Rectangle" declared implicitly
User\Functions.c(1221): warning:  #223-D: function "GUI_Rectangle" declared implicitly
User\Functions.c(1254): warning:  #223-D: function "GUI_Rectangle" declared implicitly
User\Functions.c(1258): warning:  #223-D: function "GUI_Rectangle" declared implicitly
User\Functions.c(1312): warning:  #223-D: function "_24C08_I2C_HalfwordWrite" declared implicitly
User\Functions.c(1320): warning:  #223-D: function "GUI_CircleFill" declared implicitly
User\Functions.c(1330): warning:  #223-D: function "SetTextView" declared implicitly
User\Functions.c(1332): warning:  #223-D: function "CopyLayer" declared implicitly
User\Functions.c(1372): warning:  #223-D: function "Delay_ms" declared implicitly
User\Functions.c(1389): warning:  #223-D: function "GUI_CircleFill" declared implicitly
User\Functions.c(1390): warning:  #223-D: function "_24C08_I2C_HalfwordRead" declared implicitly
User\Functions.c(1391): warning:  #223-D: function "Data_Save_Fault" declared implicitly
User\Functions.c(1392): warning:  #223-D: function "_24C08_I2C_HalfwordWrite" declared implicitly
User\Functions.c(1394): warning:  #223-D: function "SetTextView" declared implicitly
User\Functions.c(1401): warning:  #223-D: function "GUI_CircleFill" declared implicitly
User\Functions.c(1403): warning:  #223-D: function "_24C08_I2C_HalfwordWrite" declared implicitly
User\Functions.c(1405): warning:  #223-D: function "SetTextView" declared implicitly
User\Functions.c(1408): warning:  #223-D: function "CopyLayer" declared implicitly
User\Functions.c(1480): warning:  #223-D: function "GUI_Rectangle" declared implicitly
User\Functions.c(1486): warning:  #223-D: function "GUI_Rectangle" declared implicitly
User\Functions.c(1496): warning:  #223-D: function "_24C08_I2C_HalfwordWrite" declared implicitly
User\Functions.c(1508): warning:  #223-D: function "GUI_Rectangle" declared implicitly
User\Functions.c(1516): warning:  #223-D: function "_24C08_I2C_HalfwordWrite" declared implicitly
User\Functions.c(1527): warning:  #223-D: function "GUI_Rectangle" declared implicitly
User\Functions.c(1557): warning:  #223-D: function "GUI_Rectangle" declared implicitly
User\Functions.c(1563): warning:  #223-D: function "GUI_Rectangle" declared implicitly
User\Functions.c(1573): warning:  #223-D: function "_24C08_I2C_HalfwordWrite" declared implicitly
User\Functions.c(1574): warning:  #223-D: function "SetTouchScreen" declared implicitly
User\Functions.c(1586): warning:  #223-D: function "GUI_Rectangle" declared implicitly
User\Functions.c(1594): warning:  #223-D: function "_24C08_I2C_HalfwordWrite" declared implicitly
User\Functions.c(1595): warning:  #223-D: function "SetTouchScreen" declared implicitly
User\Functions.c(1606): warning:  #223-D: function "GUI_Rectangle" declared implicitly
User\Functions.c(1659): warning:  #223-D: function "_24C08_I2C_HalfwordWrite" declared implicitly
User\Functions.c(1665): warning:  #223-D: function "GUI_CircleFill" declared implicitly
User\Functions.c(1675): warning:  #223-D: function "SetTextView" declared implicitly
User\Functions.c(1677): warning:  #223-D: function "CopyLayer" declared implicitly
User\Functions.c(1720): warning:  #223-D: function "GUI_Rectangle" declared implicitly
User\Functions.c(1726): warning:  #223-D: function "GUI_Rectangle" declared implicitly
User\Functions.c(1736): warning:  #223-D: function "_24C08_I2C_HalfwordWrite" declared implicitly
User\Functions.c(1749): warning:  #223-D: function "GUI_Rectangle" declared implicitly
User\Functions.c(1752): warning:  #223-D: function "SetTextView" declared implicitly
User\Functions.c(1760): warning:  #223-D: function "_24C08_I2C_HalfwordWrite" declared implicitly
User\Functions.c(1762): warning:  #223-D: function "Data_Save_Disable" declared implicitly
User\Functions.c(1774): warning:  #223-D: function "GUI_Rectangle" declared implicitly
User\Functions.c(1776): warning:  #223-D: function "SetTextView" declared implicitly
User\Functions.c(1796): warning:  #223-D: function "SetFcolor" declared implicitly
User\Functions.c(1797): warning:  #223-D: function "DisText" declared implicitly
User\Functions.c(1803): warning:  #223-D: function "Delay_ms" declared implicitly
User\Functions.c(1812): warning:  #223-D: function "_24C08_I2C_HalfwordRead" declared implicitly
User\Functions.c(1813): warning:  #223-D: function "Data_Save_Fault" declared implicitly
User\Functions.c(1814): warning:  #223-D: function "_24C08_I2C_HalfwordWrite" declared implicitly
User\Functions.c(1819): warning:  #223-D: function "_24C08_I2C_HalfwordRead" declared implicitly
User\Functions.c(1839): warning:  #223-D: function "_24C08_I2C_HalfwordWrite" declared implicitly
User\Functions.c(1841): warning:  #223-D: function "_24C08_I2C_PageWrite" declared implicitly
User\Functions.c(1842): warning:  #223-D: function "_24C08_I2C_ByteWrite" declared implicitly
User\Functions.c(1844): warning:  #223-D: function "_24C08_I2C_HalfwordRead" declared implicitly
User\Functions.c(1854): warning:  #223-D: function "WriteLayer" declared implicitly
User\Functions.c(1856): warning:  #223-D: function "SetFcolor" declared implicitly
User\Functions.c(1857): warning:  #223-D: function "GUI_RectangleFill" declared implicitly
User\Functions.c(1864): warning:  #223-D: function "GUI_CircleFill" declared implicitly
User\Functions.c(1869): warning:  #223-D: function "GUI_CircleFill" declared implicitly
User\Functions.c(1875): warning:  #223-D: function "GUI_CircleFill" declared implicitly
User\Functions.c(1877): warning:  #223-D: function "DisText" declared implicitly
User\Functions.c(1882): warning:  #223-D: function "GUI_CircleFill" declared implicitly
User\Functions.c(1884): warning:  #223-D: function "DisText" declared implicitly
User\Functions.c(1886): warning:  #223-D: function "DisText" declared implicitly
User\Functions.c(1890): warning:  #223-D: function "SetTextView" declared implicitly
User\Functions.c(1894): warning:  #223-D: function "DisArea_Image" declared implicitly
User\Functions.c(1897): warning:  #223-D: function "DisplyLayer" declared implicitly
User\Functions.c(1898): warning:  #223-D: function "CopyLayer" declared implicitly
User\Functions.c(1912): warning:  #223-D: function "_24C08_I2C_HalfwordRead" declared implicitly
User\Functions.c(1914): warning:  #223-D: function "WriteLayer" declared implicitly
User\Functions.c(1916): warning:  #223-D: function "SetFcolor" declared implicitly
User\Functions.c(1917): warning:  #223-D: function "GUI_RectangleFill" declared implicitly
User\Functions.c(1923): warning:  #223-D: function "GUI_CircleFill" declared implicitly
User\Functions.c(1928): warning:  #223-D: function "GUI_CircleFill" declared implicitly
User\Functions.c(1932): warning:  #223-D: function "SetTextView" declared implicitly
User\Functions.c(1934): warning:  #223-D: function "DisArea_Image" declared implicitly
User\Functions.c(1936): warning:  #223-D: function "DisText" declared implicitly
User\Functions.c(1965): warning:  #223-D: function "GUI_Rectangle" declared implicitly
User\Functions.c(1967): warning:  #223-D: function "DisplyLayer" declared implicitly
User\Functions.c(1968): warning:  #223-D: function "CopyLayer" declared implicitly
User\Functions.c(1981): warning:  #223-D: function "_24C08_I2C_HalfwordRead" declared implicitly
User\Functions.c(1983): warning:  #223-D: function "WriteLayer" declared implicitly
User\Functions.c(1985): warning:  #223-D: function "SetFcolor" declared implicitly
User\Functions.c(1986): warning:  #223-D: function "GUI_RectangleFill" declared implicitly
User\Functions.c(1991): warning:  #223-D: function "GUI_CircleFill" declared implicitly
User\Functions.c(1996): warning:  #223-D: function "GUI_CircleFill" declared implicitly
User\Functions.c(2000): warning:  #223-D: function "SetTextView" declared implicitly
User\Functions.c(2002): warning:  #223-D: function "DisArea_Image" declared implicitly
User\Functions.c(2004): warning:  #223-D: function "DisText" declared implicitly
User\Functions.c(2041): warning:  #223-D: function "GUI_Rectangle" declared implicitly
User\Functions.c(2043): warning:  #223-D: function "DisplyLayer" declared implicitly
User\Functions.c(2044): warning:  #223-D: function "CopyLayer" declared implicitly
User\Functions.c(2056): warning:  #223-D: function "Data_Get_Once_Fault" declared implicitly
User\Functions.c(2065): warning:  #223-D: function "SetFcolor" declared implicitly
User\Functions.c(2066): warning:  #223-D: function "GUI_RectangleFill" declared implicitly
User\Functions.c(2068): warning:  #223-D: function "DisText" declared implicitly
User\Functions.c(2097): warning:  #223-D: function "Data_Get_Once_Disable" declared implicitly
User\Functions.c(2106): warning:  #223-D: function "SetFcolor" declared implicitly
User\Functions.c(2107): warning:  #223-D: function "GUI_RectangleFill" declared implicitly
User\Functions.c(2109): warning:  #223-D: function "DisText" declared implicitly
User\Functions.c(2138): warning:  #223-D: function "Data_Get_Once" declared implicitly
User\Functions.c(2147): warning:  #223-D: function "SetFcolor" declared implicitly
User\Functions.c(2148): warning:  #223-D: function "GUI_RectangleFill" declared implicitly
User\Functions.c(2150): warning:  #223-D: function "DisText" declared implicitly
User\Functions.c(2185): warning:  #223-D: function "Data_Get_Once" declared implicitly
User\Functions.c(2194): warning:  #223-D: function "SetFcolor" declared implicitly
User\Functions.c(2195): warning:  #223-D: function "GUI_RectangleFill" declared implicitly
User\Functions.c(2197): warning:  #223-D: function "DisText" declared implicitly
User\Functions.c(2233): warning:  #223-D: function "Data_Get_Once" declared implicitly
User\Functions.c(2242): warning:  #223-D: function "SetFcolor" declared implicitly
User\Functions.c(2243): warning:  #223-D: function "GUI_RectangleFill" declared implicitly
User\Functions.c(2245): warning:  #223-D: function "DisText" declared implicitly
User\Functions.c(2250): warning:  #223-D: function "Data_End_Get_Once" declared implicitly
User\Functions.c(2282): warning:  #223-D: function "Data_Get_Once" declared implicitly
User\Functions.c(2291): warning:  #223-D: function "SetFcolor" declared implicitly
User\Functions.c(2292): warning:  #223-D: function "GUI_RectangleFill" declared implicitly
User\Functions.c(2294): warning:  #223-D: function "DisText" declared implicitly
User\Functions.c(2299): warning:  #223-D: function "Data_End_Get_Once" declared implicitly
compiling stm32f10x_it.c...
User\extern_variables.h(58): warning:  #1295-D: Deprecated declaration Get_Cur_Time - give arg types
User\extern_variables.h(59): warning:  #1295-D: Deprecated declaration RTC_Configuration - give arg types
User\extern_variables.h(116): warning:  #1295-D: Deprecated declaration ScreenDataRecv_Process - give arg types
User\stm32f10x_it.c(569): warning:  #223-D: function "_24C08_I2C_HalfwordRead" declared implicitly
User\stm32f10x_it.c(598): warning:  #223-D: function "Data_Save_End" declared implicitly
User\stm32f10x_it.c(599): warning:  #223-D: function "Screen_End_update" declared implicitly
compiling fsmc_cpld_sram.c...
User\extern_variables.h(58): warning:  #1295-D: Deprecated declaration Get_Cur_Time - give arg types
User\extern_variables.h(59): warning:  #1295-D: Deprecated declaration RTC_Configuration - give arg types
User\extern_variables.h(116): warning:  #1295-D: Deprecated declaration ScreenDataRecv_Process - give arg types
compiling PCF8563_I2c.c...
User\extern_variables.h(58): warning:  #1295-D: Deprecated declaration Get_Cur_Time - give arg types
User\extern_variables.h(59): warning:  #1295-D: Deprecated declaration RTC_Configuration - give arg types
User\extern_variables.h(116): warning:  #1295-D: Deprecated declaration ScreenDataRecv_Process - give arg types
User\24C08_PCF8563_I2c.h(23): warning:  #1295-D: Deprecated declaration PCF8563_I2C_Init - give arg types
User\24C08_PCF8563_I2c.h(57): warning:  #1295-D: Deprecated declaration _24C08_I2C_Init - give arg types
User\24C08_PCF8563_I2c.h(64): warning:  #1-D: last line of file ends without a newline
User\PCF8563_I2c.c(37): warning:  #223-D: function "Delay_us" declared implicitly
User\PCF8563_I2c.c(49): warning:  #223-D: function "Delay_us" declared implicitly
User\PCF8563_I2c.c(64): warning:  #223-D: function "Delay_us" declared implicitly
User\PCF8563_I2c.c(80): warning:  #223-D: function "Delay_us" declared implicitly
User\PCF8563_I2c.c(95): warning:  #223-D: function "Delay_us" declared implicitly
User\PCF8563_I2c.c(107): warning:  #223-D: function "Delay_us" declared implicitly
User\PCF8563_I2c.c(125): warning:  #223-D: function "Delay_us" declared implicitly
User\PCF8563_I2c.c(137): warning:  #223-D: function "Delay_us" declared implicitly
compiling 24C08_I2c.c...
User\extern_variables.h(58): warning:  #1295-D: Deprecated declaration Get_Cur_Time - give arg types
User\extern_variables.h(59): warning:  #1295-D: Deprecated declaration RTC_Configuration - give arg types
User\extern_variables.h(116): warning:  #1295-D: Deprecated declaration ScreenDataRecv_Process - give arg types
User\24C08_PCF8563_I2c.h(23): warning:  #1295-D: Deprecated declaration PCF8563_I2C_Init - give arg types
User\24C08_PCF8563_I2c.h(57): warning:  #1295-D: Deprecated declaration _24C08_I2C_Init - give arg types
User\24C08_PCF8563_I2c.h(64): warning:  #1-D: last line of file ends without a newline
User\24C08_I2c.c(46): warning:  #223-D: function "Delay_ms" declared implicitly
User\24C08_I2c.c(67): warning:  #223-D: function "Delay_ms" declared implicitly
User\24C08_I2c.c(93): warning:  #223-D: function "Delay_ms" declared implicitly
User\24C08_I2c.c(112): warning:  #223-D: function "Delay_ms" declared implicitly
User\24C08_I2c.c(139): warning:  #223-D: function "Delay_ms" declared implicitly
User\24C08_I2c.c(164): warning:  #223-D: function "Delay_ms" declared implicitly
User\24C08_I2c.c(193): warning:  #223-D: function "Delay_us" declared implicitly
User\24C08_I2c.c(205): warning:  #223-D: function "Delay_us" declared implicitly
User\24C08_I2c.c(220): warning:  #223-D: function "Delay_us" declared implicitly
User\24C08_I2c.c(233): warning:  #223-D: function "Delay_us" declared implicitly
User\24C08_I2c.c(245): warning:  #223-D: function "Delay_us" declared implicitly
User\24C08_I2c.c(268): warning:  #223-D: function "Delay_us" declared implicitly
User\24C08_I2c.c(274): warning:  #223-D: function "Delay_us" declared implicitly
User\24C08_I2c.c(286): warning:  #223-D: function "Delay_us" declared implicitly
compiling Flash_operation.c...
User\extern_variables.h(58): warning:  #1295-D: Deprecated declaration Get_Cur_Time - give arg types
User\extern_variables.h(59): warning:  #1295-D: Deprecated declaration RTC_Configuration - give arg types
User\extern_variables.h(116): warning:  #1295-D: Deprecated declaration ScreenDataRecv_Process - give arg types
compiling Rtc_operation.c...
User\extern_variables.h(58): warning:  #1295-D: Deprecated declaration Get_Cur_Time - give arg types
User\extern_variables.h(59): warning:  #1295-D: Deprecated declaration RTC_Configuration - give arg types
User\extern_variables.h(116): warning:  #1295-D: Deprecated declaration ScreenDataRecv_Process - give arg types
User\24C08_PCF8563_I2c.h(23): warning:  #1295-D: Deprecated declaration PCF8563_I2C_Init - give arg types
User\24C08_PCF8563_I2c.h(57): warning:  #1295-D: Deprecated declaration _24C08_I2C_Init - give arg types
User\24C08_PCF8563_I2c.h(64): warning:  #1-D: last line of file ends without a newline
compiling Spark_test.c...
User\extern_variables.h(58): warning:  #1295-D: Deprecated declaration Get_Cur_Time - give arg types
User\extern_variables.h(59): warning:  #1295-D: Deprecated declaration RTC_Configuration - give arg types
User\extern_variables.h(116): warning:  #1295-D: Deprecated declaration ScreenDataRecv_Process - give arg types
User\Spark_test.c(18): warning:  #1295-D: Deprecated declaration Water_Spray - give arg types
User\Spark_test.c(20): warning:  #1295-D: Deprecated declaration Data_Save_End - give arg types
User\Spark_test.c(23): warning:  #1295-D: Deprecated declaration Data_Get_All - give arg types
User\Spark_test.c(183): warning:  #223-D: function "_24C08_I2C_HalfwordRead" declared implicitly
User\Spark_test.c(203): warning:  #223-D: function "FSMC_SRAM_WriteStruct" declared implicitly
User\Spark_test.c(205): warning:  #223-D: function "_24C08_I2C_HalfwordWrite" declared implicitly
User\Spark_test.c(220): warning:  #223-D: function "_24C08_I2C_HalfwordRead" declared implicitly
User\Spark_test.c(240): warning:  #223-D: function "FSMC_SRAM_WriteStruct" declared implicitly
User\Spark_test.c(242): warning:  #223-D: function "_24C08_I2C_HalfwordWrite" declared implicitly
User\Spark_test.c(268): warning:  #223-D: function "FSMC_SRAM_ReadStruct" declared implicitly
User\Spark_test.c(292): warning:  #223-D: function "FSMC_SRAM_ReadStruct" declared implicitly
compiling Fault_test.c...
User\extern_variables.h(58): warning:  #1295-D: Deprecated declaration Get_Cur_Time - give arg types
User\extern_variables.h(59): warning:  #1295-D: Deprecated declaration RTC_Configuration - give arg types
User\extern_variables.h(116): warning:  #1295-D: Deprecated declaration ScreenDataRecv_Process - give arg types
User\Fault_test.c(6): warning:  #1295-D: Deprecated declaration Data_Save_Fault - give arg types
User\Fault_test.c(21): warning:  #223-D: function "_24C08_I2C_HalfwordRead" declared implicitly
User\Fault_test.c(34): warning:  #223-D: function "FSMC_SRAM_WriteStruct" declared implicitly
User\Fault_test.c(36): warning:  #223-D: function "_24C08_I2C_HalfwordWrite" declared implicitly
User\Fault_test.c(60): warning:  #223-D: function "FSMC_SRAM_ReadStruct" declared implicitly
compiling Disable_test .c...
User\extern_variables.h(58): warning:  #1295-D: Deprecated declaration Get_Cur_Time - give arg types
User\extern_variables.h(59): warning:  #1295-D: Deprecated declaration RTC_Configuration - give arg types
User\extern_variables.h(116): warning:  #1295-D: Deprecated declaration ScreenDataRecv_Process - give arg types
User\Disable_test .c(6): warning:  #1295-D: Deprecated declaration Data_Save_Disable - give arg types
User\Disable_test .c(21): warning:  #223-D: function "_24C08_I2C_HalfwordRead" declared implicitly
User\Disable_test .c(34): warning:  #223-D: function "FSMC_SRAM_WriteStruct" declared implicitly
User\Disable_test .c(36): warning:  #223-D: function "_24C08_I2C_HalfwordWrite" declared implicitly
User\Disable_test .c(60): warning:  #223-D: function "FSMC_SRAM_ReadStruct" declared implicitly
compiling Params.c...
User\extern_variables.h(58): warning:  #1295-D: Deprecated declaration Get_Cur_Time - give arg types
User\extern_variables.h(59): warning:  #1295-D: Deprecated declaration RTC_Configuration - give arg types
User\extern_variables.h(116): warning:  #1295-D: Deprecated declaration ScreenDataRecv_Process - give arg types
compiling language.c...
compiling Screen.c...
User\Screen.h(30): warning:  #1295-D: Deprecated declaration SendBeginCMD - give arg types
User\Screen.h(38): warning:  #1295-D: Deprecated declaration SendEndCmd - give arg types
User\Screen.h(81): warning:  #1295-D: Deprecated declaration GUI_CleanScreen - give arg types
User\Screen.h(361): warning:  #1295-D: Deprecated declaration SetTouchScreen_Adj - give arg types
User\Screen.h(369): warning:  #1295-D: Deprecated declaration TestTouchScreen - give arg types
User\Screen.c(1295): warning:  #1-D: last line of file ends without a newline
linking...
Program Size: Code=40094 RO-data=4374 RW-data=1164 ZI-data=1916  
FromELF: creating hex file...
"Huohuaarm.axf" - 0 Error(s), 337 Warning(s).
Load "E:\\GITHUB\\spark\\»ð»¨Ï¨ÃðSTM32_gitbub°æ\\Huohuaarm.AXF" 
Erase Done.
Programming Done.
Verify OK.
Application running ...
